Archive member included to satisfy reference by file (symbol)

c:/program files (x86)/atmel/studio/7.0/toolchain/arm/arm-gnu-toolchain/bin/../lib/gcc/arm-none-eabi/6.3.1/../../../../arm-none-eabi/lib/thumb/v7e-m\libc.a(lib_a-exit.o)
                              c:/program files (x86)/atmel/studio/7.0/toolchain/arm/arm-gnu-toolchain/bin/../lib/gcc/arm-none-eabi/6.3.1/../../../../arm-none-eabi/lib/thumb/v7e-m/crt0.o (exit)
c:/program files (x86)/atmel/studio/7.0/toolchain/arm/arm-gnu-toolchain/bin/../lib/gcc/arm-none-eabi/6.3.1/../../../../arm-none-eabi/lib/thumb/v7e-m\libc.a(lib_a-impure.o)
                              c:/program files (x86)/atmel/studio/7.0/toolchain/arm/arm-gnu-toolchain/bin/../lib/gcc/arm-none-eabi/6.3.1/../../../../arm-none-eabi/lib/thumb/v7e-m\libc.a(lib_a-exit.o) (_global_impure_ptr)
c:/program files (x86)/atmel/studio/7.0/toolchain/arm/arm-gnu-toolchain/bin/../lib/gcc/arm-none-eabi/6.3.1/../../../../arm-none-eabi/lib/thumb/v7e-m\libc.a(lib_a-init.o)
                              c:/program files (x86)/atmel/studio/7.0/toolchain/arm/arm-gnu-toolchain/bin/../lib/gcc/arm-none-eabi/6.3.1/../../../../arm-none-eabi/lib/thumb/v7e-m/crt0.o (__libc_init_array)
c:/program files (x86)/atmel/studio/7.0/toolchain/arm/arm-gnu-toolchain/bin/../lib/gcc/arm-none-eabi/6.3.1/../../../../arm-none-eabi/lib/thumb/v7e-m\libc.a(lib_a-iprintf.o)
                              src/ASF/sam/utils/syscalls/gcc/syscalls.o (iprintf)
c:/program files (x86)/atmel/studio/7.0/toolchain/arm/arm-gnu-toolchain/bin/../lib/gcc/arm-none-eabi/6.3.1/../../../../arm-none-eabi/lib/thumb/v7e-m\libc.a(lib_a-memcpy.o)
                              src/main.o (memcpy)
c:/program files (x86)/atmel/studio/7.0/toolchain/arm/arm-gnu-toolchain/bin/../lib/gcc/arm-none-eabi/6.3.1/../../../../arm-none-eabi/lib/thumb/v7e-m\libc.a(lib_a-memset.o)
                              c:/program files (x86)/atmel/studio/7.0/toolchain/arm/arm-gnu-toolchain/bin/../lib/gcc/arm-none-eabi/6.3.1/../../../../arm-none-eabi/lib/thumb/v7e-m/crt0.o (memset)
c:/program files (x86)/atmel/studio/7.0/toolchain/arm/arm-gnu-toolchain/bin/../lib/gcc/arm-none-eabi/6.3.1/../../../../arm-none-eabi/lib/thumb/v7e-m\libc.a(lib_a-vfiprintf.o)
                              c:/program files (x86)/atmel/studio/7.0/toolchain/arm/arm-gnu-toolchain/bin/../lib/gcc/arm-none-eabi/6.3.1/../../../../arm-none-eabi/lib/thumb/v7e-m\libc.a(lib_a-iprintf.o) (_vfiprintf_r)
c:/program files (x86)/atmel/studio/7.0/toolchain/arm/arm-gnu-toolchain/bin/../lib/gcc/arm-none-eabi/6.3.1/../../../../arm-none-eabi/lib/thumb/v7e-m\libc.a(lib_a-wsetup.o)
                              c:/program files (x86)/atmel/studio/7.0/toolchain/arm/arm-gnu-toolchain/bin/../lib/gcc/arm-none-eabi/6.3.1/../../../../arm-none-eabi/lib/thumb/v7e-m\libc.a(lib_a-vfiprintf.o) (__swsetup_r)
c:/program files (x86)/atmel/studio/7.0/toolchain/arm/arm-gnu-toolchain/bin/../lib/gcc/arm-none-eabi/6.3.1/../../../../arm-none-eabi/lib/thumb/v7e-m\libc.a(lib_a-__call_atexit.o)
                              c:/program files (x86)/atmel/studio/7.0/toolchain/arm/arm-gnu-toolchain/bin/../lib/gcc/arm-none-eabi/6.3.1/../../../../arm-none-eabi/lib/thumb/v7e-m\libc.a(lib_a-exit.o) (__call_exitprocs)
c:/program files (x86)/atmel/studio/7.0/toolchain/arm/arm-gnu-toolchain/bin/../lib/gcc/arm-none-eabi/6.3.1/../../../../arm-none-eabi/lib/thumb/v7e-m\libc.a(lib_a-atexit.o)
                              c:/program files (x86)/atmel/studio/7.0/toolchain/arm/arm-gnu-toolchain/bin/../lib/gcc/arm-none-eabi/6.3.1/../../../../arm-none-eabi/lib/thumb/v7e-m\libc.a(lib_a-__call_atexit.o) (atexit)
c:/program files (x86)/atmel/studio/7.0/toolchain/arm/arm-gnu-toolchain/bin/../lib/gcc/arm-none-eabi/6.3.1/../../../../arm-none-eabi/lib/thumb/v7e-m\libc.a(lib_a-fflush.o)
                              c:/program files (x86)/atmel/studio/7.0/toolchain/arm/arm-gnu-toolchain/bin/../lib/gcc/arm-none-eabi/6.3.1/../../../../arm-none-eabi/lib/thumb/v7e-m\libc.a(lib_a-vfiprintf.o) (_fflush_r)
c:/program files (x86)/atmel/studio/7.0/toolchain/arm/arm-gnu-toolchain/bin/../lib/gcc/arm-none-eabi/6.3.1/../../../../arm-none-eabi/lib/thumb/v7e-m\libc.a(lib_a-findfp.o)
                              c:/program files (x86)/atmel/studio/7.0/toolchain/arm/arm-gnu-toolchain/bin/../lib/gcc/arm-none-eabi/6.3.1/../../../../arm-none-eabi/lib/thumb/v7e-m\libc.a(lib_a-vfiprintf.o) (__sinit)
c:/program files (x86)/atmel/studio/7.0/toolchain/arm/arm-gnu-toolchain/bin/../lib/gcc/arm-none-eabi/6.3.1/../../../../arm-none-eabi/lib/thumb/v7e-m\libc.a(lib_a-fini.o)
                              c:/program files (x86)/atmel/studio/7.0/toolchain/arm/arm-gnu-toolchain/bin/../lib/gcc/arm-none-eabi/6.3.1/../../../../arm-none-eabi/lib/thumb/v7e-m\libc.a(lib_a-__call_atexit.o) (__libc_fini_array)
c:/program files (x86)/atmel/studio/7.0/toolchain/arm/arm-gnu-toolchain/bin/../lib/gcc/arm-none-eabi/6.3.1/../../../../arm-none-eabi/lib/thumb/v7e-m\libc.a(lib_a-fputwc.o)
[...]
Memory Configuration

Name             Origin             Length             Attributes
rom              0x00400000         0x00200000         xr
ram              0x20400000         0x00060000         xrw
*default*        0x00000000         0xffffffff

Linker script and memory map

LOAD c:/program files (x86)/atmel/studio/7.0/toolchain/arm/arm-gnu-toolchain/bin/../lib/gcc/arm-none-eabi/6.3.1/thumb/v7e-m/crti.o
LOAD c:/program files (x86)/atmel/studio/7.0/toolchain/arm/arm-gnu-toolchain/bin/../lib/gcc/arm-none-eabi/6.3.1/thumb/v7e-m/crtbegin.o
LOAD c:/program files (x86)/atmel/studio/7.0/toolchain/arm/arm-gnu-toolchain/bin/../lib/gcc/arm-none-eabi/6.3.1/../../../../arm-none-eabi/lib/thumb/v7e-m/crt0.o
LOAD src/ASF/common/components/memory/sd_mmc/sd_mmc.o
LOAD src/ASF/common/services/serial/usart_serial.o
LOAD src/ASF/sam/drivers/hsmci/hsmci.o
LOAD src/ASF/sam/drivers/matrix/matrix.o
LOAD src/ASF/sam/drivers/uart/uart.o
LOAD src/ASF/sam/drivers/usart/usart.o
LOAD src/ASF/sam/drivers/wdt/wdt.o
LOAD src/initiate.o
LOAD src/PYTHON480.o
LOAD src/SPI_BB_PYTHON480.o
LOAD src/time_tick_sam.o
LOAD src/ASF/common/services/delay/sam/cycle_counter.o
LOAD src/ASF/common/services/clock/same70/sysclk.o
LOAD src/ASF/sam/drivers/pmc/pmc.o
LOAD src/ASF/sam/drivers/twihs/twihs.o
LOAD src/ASF/sam/drivers/xdmac/xdmac.o
LOAD src/ASF/sam/drivers/pmc/sleep.o
LOAD src/ASF/common/boards/user_board/init.o
LOAD src/ASF/common/utils/interrupt/interrupt_sam_nvic.o
LOAD src/ASF/sam/utils/cmsis/same70/source/templates/gcc/startup_same70.o
LOAD src/ASF/sam/utils/cmsis/same70/source/templates/system_same70.o
LOAD src/ASF/sam/utils/syscalls/gcc/syscalls.o
LOAD src/main.o
START GROUP
LOAD ../src/ASF/thirdparty/CMSIS/Lib/GCC\libarm_cortexM7lfsp_math_softfp.a
LOAD c:/program files (x86)/atmel/studio/7.0/toolchain/arm/arm-gnu-toolchain/bin/../lib/gcc/arm-none-eabi/6.3.1/../../../../arm-none-eabi/lib/thumb/v7e-m\libm.a
END GROUP
START GROUP
LOAD c:/program files (x86)/atmel/studio/7.0/toolchain/arm/arm-gnu-toolchain/bin/../lib/gcc/arm-none-eabi/6.3.1/thumb/v7e-m\libgcc.a
LOAD c:/program files (x86)/atmel/studio/7.0/toolchain/arm/arm-gnu-toolchain/bin/../lib/gcc/arm-none-eabi/6.3.1/../../../../arm-none-eabi/lib/thumb/v7e-m\libc.a
END GROUP
LOAD c:/program files (x86)/atmel/studio/7.0/toolchain/arm/arm-gnu-toolchain/bin/../lib/gcc/arm-none-eabi/6.3.1/thumb/v7e-m/crtend.o
LOAD c:/program files (x86)/atmel/studio/7.0/toolchain/arm/arm-gnu-toolchain/bin/../lib/gcc/arm-none-eabi/6.3.1/thumb/v7e-m/crtn.o
                0x00002000                STACK_SIZE = DEFINED (STACK_SIZE)?STACK_SIZE:0x2000
                0x2045fffc                __ram_end__ = ((ORIGIN (ram) + LENGTH (ram)) - 0x4)
                0x00000200                HEAP_SIZE = DEFINED (HEAP_SIZE)?HEAP_SIZE:0x200

.text           0x00400000     0x3014
                0x00400000                . = ALIGN (0x4)
                0x00400000                _sfixed = .
 *(.vectors .vectors.*)
 .vectors       0x00400000      0x140 src/ASF/sam/utils/cmsis/same70/source/templates/gcc/startup_same70.o
                0x00400000                exception_table
 *(.text .text.* .gnu.linkonce.t.*)
 .text          0x00400140       0x6c c:/program files (x86)/atmel/studio/7.0/toolchain/arm/arm-gnu-toolchain/bin/../lib/gcc/arm-none-eabi/6.3.1/thumb/v7e-m/crtbegin.o
 .text.sd_mmc_configure_slot
                0x004001ac       0x28 src/ASF/common/components/memory/sd_mmc/sd_mmc.o
 .text.sd_mmc_select_slot
                0x004001d4       0x58 src/ASF/common/components/memory/sd_mmc/sd_mmc.o
 .text.sd_mmc_cmd9_mci
                0x0040022c       0x34 src/ASF/common/components/memory/sd_mmc/sd_mmc.o
 .text.sd_mmc_deselect_slot
                0x00400260       0x1c src/ASF/common/components/memory/sd_mmc/sd_mmc.o
 .text.sd_mmc_init
                0x0040027c       0x20 src/ASF/common/components/memory/sd_mmc/sd_mmc.o
                0x0040027c                sd_mmc_init
 .text.sd_mmc_check
                0x0040029c      0x65c src/ASF/common/components/memory/sd_mmc/sd_mmc.o
                0x0040029c                sd_mmc_check
 .text.sd_mmc_get_type
                0x004008f8       0x24 src/ASF/common/components/memory/sd_mmc/sd_mmc.o
                0x004008f8                sd_mmc_get_type
 .text.sd_mmc_get_capacity
                0x0040091c       0x24 src/ASF/common/components/memory/sd_mmc/sd_mmc.o
                0x0040091c                sd_mmc_get_capacity
 .text.sd_mmc_init_read_blocks
                0x00400940       0xd4 src/ASF/common/components/memory/sd_mmc/sd_mmc.o
                0x00400940                sd_mmc_init_read_blocks
 .text.sd_mmc_start_read_blocks
                0x00400a14       0x28 src/ASF/common/components/memory/sd_mmc/sd_mmc.o
                0x00400a14                sd_mmc_start_read_blocks
 .text.sd_mmc_wait_end_of_read_blocks
                0x00400a3c       0x68 src/ASF/common/components/memory/sd_mmc/sd_mmc.o
                0x00400a3c                sd_mmc_wait_end_of_read_blocks
 .text.sd_mmc_init_write_blocks
                0x00400aa4       0x8c src/ASF/common/components/memory/sd_mmc/sd_mmc.o
                0x00400aa4                sd_mmc_init_write_blocks
 .text.sd_mmc_start_write_blocks
                0x00400b30       0x28 src/ASF/common/components/memory/sd_mmc/sd_mmc.o
                0x00400b30                sd_mmc_start_write_blocks
 .text.sd_mmc_wait_end_of_write_blocks
                0x00400b58       0x64 src/ASF/common/components/memory/sd_mmc/sd_mmc.o
                0x00400b58                sd_mmc_wait_end_of_write_blocks
 .text.hsmci_reset
                0x00400bbc       0x2a src/ASF/sam/drivers/hsmci/hsmci.o
 *fill*         0x00400be6        0x2 
 .text.hsmci_send_cmd_execute
                0x00400be8       0xa0 src/ASF/sam/drivers/hsmci/hsmci.o
 .text.hsmci_init
                0x00400c88       0x2c src/ASF/sam/drivers/hsmci/hsmci.o
                0x00400c88                hsmci_init
 .text.hsmci_get_bus_width
                0x00400cb4        0xa src/ASF/sam/drivers/hsmci/hsmci.o
                0x00400cb4                hsmci_get_bus_width
 .text.hsmci_is_high_speed_capable
                0x00400cbe        0x4 src/ASF/sam/drivers/hsmci/hsmci.o
                0x00400cbe                hsmci_is_high_speed_capable
 *fill*         0x00400cc2        0x2 
 .text.hsmci_select_device
                0x00400cc4       0x70 src/ASF/sam/drivers/hsmci/hsmci.o
                0x00400cc4                hsmci_select_device
 .text.hsmci_deselect_device
                0x00400d34        0x2 src/ASF/sam/drivers/hsmci/hsmci.o
                0x00400d34                hsmci_deselect_device
 .text.hsmci_send_clock
                0x00400d36       0x22 src/ASF/sam/drivers/hsmci/hsmci.o
                0x00400d36                hsmci_send_clock
 .text.hsmci_send_cmd
                0x00400d58       0x24 src/ASF/sam/drivers/hsmci/hsmci.o
                0x00400d58                hsmci_send_cmd
 .text.hsmci_get_response
                0x00400d7c        0x8 src/ASF/sam/drivers/hsmci/hsmci.o
                0x00400d7c                hsmci_get_response
 .text.hsmci_get_response_128
                0x00400d84       0x2e src/ASF/sam/drivers/hsmci/hsmci.o
                0x00400d84                hsmci_get_response_128
 *fill*         0x00400db2        0x2 
 .text.hsmci_adtc_start
                0x00400db4       0xc8 src/ASF/sam/drivers/hsmci/hsmci.o
                0x00400db4                hsmci_adtc_start
 .text.hsmci_read_word
                0x00400e7c       0x74 src/ASF/sam/drivers/hsmci/hsmci.o
                0x00400e7c                hsmci_read_word
 .text.hsmci_start_read_blocks
                0x00400ef0       0x64 src/ASF/sam/drivers/hsmci/hsmci.o
                0x00400ef0                hsmci_start_read_blocks
 .text.hsmci_wait_end_of_read_blocks
                0x00400f54       0x64 src/ASF/sam/drivers/hsmci/hsmci.o
                0x00400f54                hsmci_wait_end_of_read_blocks
 .text.hsmci_start_write_blocks
                0x00400fb8       0x64 src/ASF/sam/drivers/hsmci/hsmci.o
                0x00400fb8                hsmci_start_write_blocks
 .text.hsmci_wait_end_of_write_blocks
                0x0040101c       0x64 src/ASF/sam/drivers/hsmci/hsmci.o
                0x0040101c                hsmci_wait_end_of_write_blocks
 .text.matrix_set_system_io
                0x00401080       0x24 src/ASF/sam/drivers/matrix/matrix.o
                0x00401080                matrix_set_system_io
 .text.matrix_get_system_io
                0x004010a4       0x10 src/ASF/sam/drivers/matrix/matrix.o
                0x004010a4                matrix_get_system_io
 .text.usart_set_async_baudrate
                0x004010b4       0x5a src/ASF/sam/drivers/usart/usart.o
                0x004010b4                usart_set_async_baudrate
 *fill*         0x0040110e        0x2 
 .text.usart_reset
                0x00401110       0x28 src/ASF/sam/drivers/usart/usart.o
                0x00401110                usart_reset
 .text.usart_init_rs232
                0x00401138       0x54 src/ASF/sam/drivers/usart/usart.o
                0x00401138                usart_init_rs232
 .text.usart_enable_tx
                0x0040118c        0x6 src/ASF/sam/drivers/usart/usart.o
                0x0040118c                usart_enable_tx
 .text.usart_enable_rx
                0x00401192        0x6 src/ASF/sam/drivers/usart/usart.o
                0x00401192                usart_enable_rx
 .text.usart_enable_interrupt
                0x00401198        0x4 src/ASF/sam/drivers/usart/usart.o
                0x00401198                usart_enable_interrupt
 .text.usart_get_status
                0x0040119c        0x4 src/ASF/sam/drivers/usart/usart.o
                0x0040119c                usart_get_status
 .text.usart_read
                0x004011a0       0x18 src/ASF/sam/drivers/usart/usart.o
                0x004011a0                usart_read
 .text.TWIHS_init
                0x004011b8       0x48 src/initiate.o
                0x004011b8                TWIHS_init
 .text.SPI_BitBang_init
                0x00401200       0x24 src/initiate.o
                0x00401200                SPI_BitBang_init
 .text.USART_init
                0x00401224       0x70 src/initiate.o
                0x00401224                USART_init
 .text.Enable_Clock_Management1
                0x00401294       0x44 src/PYTHON480.o
                0x00401294                Enable_Clock_Management1
 .text.Enable_Clock_Management2
                0x004012d8       0x20 src/PYTHON480.o
                0x004012d8                Enable_Clock_Management2
 .text.Required_Uploads
                0x004012f8      0x4a0 src/PYTHON480.o
                0x004012f8                Required_Uploads
 .text.Soft_PowerUp
                0x00401798       0x40 src/PYTHON480.o
                0x00401798                Soft_PowerUp
 .text.Enable_Subsample
                0x004017d8       0x1c src/PYTHON480.o
                0x004017d8                Enable_Subsample
 .text.ROI_Configuration
                0x004017f4       0x24 src/PYTHON480.o
                0x004017f4                ROI_Configuration
 .text.SPI_Write
                0x00401818       0xe0 src/SPI_BB_PYTHON480.o
                0x00401818                SPI_Write
 .text.SPI_Read
                0x004018f8       0xdc src/SPI_BB_PYTHON480.o
                0x004018f8                SPI_Read
 .text.SysTick_Handler
                0x004019d4       0x10 src/time_tick_sam.o
                0x004019d4                SysTick_Handler
 .text.time_tick_init
                0x004019e4       0x2c src/time_tick_sam.o
                0x004019e4                time_tick_init
 .text.time_tick_get
                0x00401a10        0xc src/time_tick_sam.o
                0x00401a10                time_tick_get
 .text.time_tick_calc_delay
                0x00401a1c        0xe src/time_tick_sam.o
                0x00401a1c                time_tick_calc_delay
 *fill*         0x00401a2a        0x2 
 .text.sysclk_init
                0x00401a2c       0x74 src/ASF/common/services/clock/same70/sysclk.o
                0x00401a2c                sysclk_init
 .text.pmc_mck_set_division
                0x00401aa0       0x38 src/ASF/sam/drivers/pmc/pmc.o
                0x00401aa0                pmc_mck_set_division
 .text.pmc_switch_mck_to_pllack
                0x00401ad8       0x64 src/ASF/sam/drivers/pmc/pmc.o
                0x00401ad8                pmc_switch_mck_to_pllack
 .text.pmc_switch_mainck_to_xtal
                0x00401b3c       0x54 src/ASF/sam/drivers/pmc/pmc.o
                0x00401b3c                pmc_switch_mainck_to_xtal
 .text.pmc_osc_is_ready_mainck
                0x00401b90       0x10 src/ASF/sam/drivers/pmc/pmc.o
                0x00401b90                pmc_osc_is_ready_mainck
 .text.pmc_disable_pllack
                0x00401ba0       0x10 src/ASF/sam/drivers/pmc/pmc.o
                0x00401ba0                pmc_disable_pllack
 .text.pmc_is_locked_pllack
                0x00401bb0       0x10 src/ASF/sam/drivers/pmc/pmc.o
                0x00401bb0                pmc_is_locked_pllack
 .text.pmc_enable_periph_clk
                0x00401bc0       0x54 src/ASF/sam/drivers/pmc/pmc.o
                0x00401bc0                pmc_enable_periph_clk
 .text.twihs_set_speed
                0x00401c14       0x48 src/ASF/sam/drivers/twihs/twihs.o
                0x00401c14                twihs_set_speed
 .text.twihs_master_init
                0x00401c5c       0x34 src/ASF/sam/drivers/twihs/twihs.o
                0x00401c5c                twihs_master_init
 .text.twihs_master_write
                0x00401c90       0xb6 src/ASF/sam/drivers/twihs/twihs.o
                0x00401c90                twihs_master_write
 .text.xdmac_configure_transfer
                0x00401d46       0x3c src/ASF/sam/drivers/xdmac/xdmac.o
                0x00401d46                xdmac_configure_transfer
 *fill*         0x00401d82        0x2 
 .text.board_init
                0x00401d84      0x18c src/ASF/common/boards/user_board/init.o
                0x00401d84                board_init
 .text.Dummy_Handler
                0x00401f10        0x2 src/ASF/sam/utils/cmsis/same70/source/templates/gcc/startup_same70.o
                0x00401f10                DACC_Handler
                0x00401f10                DebugMon_Handler
                0x00401f10                UART3_Handler
                0x00401f10                UART2_Handler
                0x00401f10                TRNG_Handler
                0x00401f10                HardFault_Handler
                0x00401f10                TC2_Handler
                0x00401f10                AFEC1_Handler
                0x00401f10                PendSV_Handler
                0x00401f10                NMI_Handler
                0x00401f10                QSPI_Handler
                0x00401f10                ISI_Handler
                0x00401f10                TC9_Handler
                0x00401f10                RSWDT_Handler
                0x00401f10                MCAN1_Handler
                0x00401f10                USART0_Handler
                0x00401f10                RTT_Handler
                0x00401f10                USBHS_Handler
                0x00401f10                PIOB_Handler
                0x00401f10                RTC_Handler
                0x00401f10                UsageFault_Handler
                0x00401f10                WDT_Handler
                0x00401f10                TC1_Handler
                0x00401f10                HSMCI_Handler
                0x00401f10                UART1_Handler
                0x00401f10                Dummy_Handler
                0x00401f10                TWIHS1_Handler
                0x00401f10                UART4_Handler
                0x00401f10                PWM1_Handler
                0x00401f10                USART1_Handler
                0x00401f10                PWM0_Handler
                0x00401f10                AFEC0_Handler
                0x00401f10                SSC_Handler
                0x00401f10                TC11_Handler
                0x00401f10                ACC_Handler
                0x00401f10                PMC_Handler
                0x00401f10                GMAC_Handler
                0x00401f10                MemManage_Handler
                0x00401f10                SUPC_Handler
                0x00401f10                SVC_Handler
                0x00401f10                EFC_Handler
                0x00401f10                SPI1_Handler
                0x00401f10                MCAN0_Handler
                0x00401f10                TC10_Handler
                0x00401f10                PIOD_Handler
                0x00401f10                TWIHS2_Handler
                0x00401f10                UART0_Handler
                0x00401f10                BusFault_Handler
                0x00401f10                RSTC_Handler
                0x00401f10                TC0_Handler
                0x00401f10                ICM_Handler
                0x00401f10                AES_Handler
                0x00401f10                TWIHS0_Handler
                0x00401f10                SPI0_Handler
 *fill*         0x00401f12        0x2 
 .text.Reset_Handler
                0x00401f14       0xbc src/ASF/sam/utils/cmsis/same70/source/templates/gcc/startup_same70.o
                0x00401f14                Reset_Handler
 .text.SystemCoreClockUpdate
                0x00401fd0      0x10c src/ASF/sam/utils/cmsis/same70/source/templates/system_same70.o
                0x00401fd0                SystemCoreClockUpdate
 .text.system_init_flash
                0x004020dc       0x74 src/ASF/sam/utils/cmsis/same70/source/templates/system_same70.o
                0x004020dc                system_init_flash
 .text.enableSourceClk
                0x00402150       0x44 src/main.o
                0x00402150                enableSourceClk
 .text.imagingSensorParamInit
                0x00402194       0x14 src/main.o
                0x00402194                imagingSensorParamInit
 .text.imagingSensorDMAInit
                0x004021a8       0x24 src/main.o
                0x004021a8                imagingSensorDMAInit
 .text.imagingSensorStartDMA
                0x004021cc       0xb0 src/main.o
                0x004021cc                imagingSensorStartDMA
 .text.imagingSensorItInit
                0x0040227c       0x14 src/main.o
                0x0040227c                imagingSensorItInit
 .text.imageSensorVSyncItInit
                0x00402290       0x50 src/main.o
                0x00402290                imageSensorVSyncItInit
 .text.imageSensorHSyncItInit
                0x004022e0       0x50 src/main.o
                0x004022e0                imageSensorHSyncItInit
 .text.imagingSensorLoadHeader
                0x00402330       0xa0 src/main.o
                0x00402330                imagingSensorLoadHeader
 .text.imagingSensorCaptureEnable
                0x004023d0       0x14 src/main.o
                0x004023d0                imagingSensorCaptureEnable
 .text.imagingSensorCaptureDisable
                0x004023e4       0x14 src/main.o
                0x004023e4                imagingSensorCaptureDisable
 .text.imagingSensorSetup
                0x004023f8       0x64 src/main.o
                0x004023f8                imagingSensorSetup
 .text.checkVSync
                0x0040245c      0x1b4 src/main.o
                0x0040245c                checkVSync
 .text.PIOA_Handler
                0x00402610       0x40 src/main.o
                0x00402610                PIOA_Handler
 .text.XDMAC_Handler
                0x00402650       0x1c src/main.o
                0x00402650                XDMAC_Handler
 .text.PYTHON480_Init
                0x0040266c       0x38 src/main.o
                0x0040266c                PYTHON480_Init
 .text.PYTHON480_Pin_Setup
                0x004026a4       0x54 src/main.o
                0x004026a4                PYTHON480_Pin_Setup
 .text.main     0x004026f8      0x4d8 src/main.o
                0x004026f8                main
 .text.miniscope_calibrate
                0x00402bd0       0xd8 src/main.o
                0x00402bd0                miniscope_calibrate
 .text.USART2_Handler
                0x00402ca8       0x9c src/main.o
                0x00402ca8                USART2_Handler
 .text.__libc_init_array
                0x00402d44       0x50 c:/program files (x86)/atmel/studio/7.0/toolchain/arm/arm-gnu-toolchain/bin/../lib/gcc/arm-none-eabi/6.3.1/../../../../arm-none-eabi/lib/thumb/v7e-m\libc.a(lib_a-init.o)
                0x00402d44                __libc_init_array
 .text.memset   0x00402d94       0x9c c:/program files (x86)/atmel/studio/7.0/toolchain/arm/arm-gnu-toolchain/bin/../lib/gcc/arm-none-eabi/6.3.1/../../../../arm-none-eabi/lib/thumb/v7e-m\libc.a(lib_a-memset.o)
                0x00402d94                memset
 .text.startup.register_fini
                0x00402e30       0x14 c:/program files (x86)/atmel/studio/7.0/toolchain/arm/arm-gnu-toolchain/bin/../lib/gcc/arm-none-eabi/6.3.1/../../../../arm-none-eabi/lib/thumb/v7e-m\libc.a(lib_a-__call_atexit.o)
 .text.atexit   0x00402e44        0xc c:/program files (x86)/atmel/studio/7.0/toolchain/arm/arm-gnu-toolchain/bin/../lib/gcc/arm-none-eabi/6.3.1/../../../../arm-none-eabi/lib/thumb/v7e-m\libc.a(lib_a-atexit.o)
                0x00402e44                atexit
 .text.__libc_fini_array
                0x00402e50       0x34 c:/program files (x86)/atmel/studio/7.0/toolchain/arm/arm-gnu-toolchain/bin/../lib/gcc/arm-none-eabi/6.3.1/../../../../arm-none-eabi/lib/thumb/v7e-m\libc.a(lib_a-fini.o)
                0x00402e50                __libc_fini_array
 .text.__retarget_lock_acquire_recursive
                0x00402e84        0x4 c:/program files (x86)/atmel/studio/7.0/toolchain/arm/arm-gnu-toolchain/bin/../lib/gcc/arm-none-eabi/6.3.1/../../../../arm-none-eabi/lib/thumb/v7e-m\libc.a(lib_a-lock.o)
                0x00402e84                __retarget_lock_acquire_recursive
 .text.__retarget_lock_release_recursive
                0x00402e88        0x4 c:/program files (x86)/atmel/studio/7.0/toolchain/arm/arm-gnu-toolchain/bin/../lib/gcc/arm-none-eabi/6.3.1/../../../../arm-none-eabi/lib/thumb/v7e-m\libc.a(lib_a-lock.o)
                0x00402e88                __retarget_lock_release_recursive
 .text.__register_exitproc
                0x00402e8c       0xc4 c:/program files (x86)/atmel/studio/7.0/toolchain/arm/arm-gnu-toolchain/bin/../lib/gcc/arm-none-eabi/6.3.1/../../../../arm-none-eabi/lib/thumb/v7e-m\libc.a(lib_a-__atexit.o)
                0x00402e8c                __register_exitproc
 *(.glue_7t)
 .glue_7t       0x00402f50        0x0 linker stubs
 *(.glue_7)
 .glue_7        0x00402f50        0x0 linker stubs
 *(.rodata .rodata* .gnu.linkonce.r.*)
 .rodata.mmc_trans_multipliers
                0x00402f50       0x40 src/ASF/common/components/memory/sd_mmc/sd_mmc.o
                0x00402f50                mmc_trans_multipliers
 .rodata.sd_mmc_trans_units
                0x00402f90       0x1c src/ASF/common/components/memory/sd_mmc/sd_mmc.o
                0x00402f90                sd_mmc_trans_units
 .rodata.sd_trans_multipliers
                0x00402fac       0x40 src/ASF/common/components/memory/sd_mmc/sd_mmc.o
                0x00402fac                sd_trans_multipliers
 .rodata._global_impure_ptr
                0x00402fec        0x4 c:/program files (x86)/atmel/studio/7.0/toolchain/arm/arm-gnu-toolchain/bin/../lib/gcc/arm-none-eabi/6.3.1/../../../../arm-none-eabi/lib/thumb/v7e-m\libc.a(lib_a-impure.o)
                0x00402fec                _global_impure_ptr
 *(.ARM.extab* .gnu.linkonce.armextab.*)
                0x00402ff0                . = ALIGN (0x4)
 *(.init)
 .init          0x00402ff0        0x4 c:/program files (x86)/atmel/studio/7.0/toolchain/arm/arm-gnu-toolchain/bin/../lib/gcc/arm-none-eabi/6.3.1/thumb/v7e-m/crti.o
                0x00402ff0                _init
 .init          0x00402ff4        0x8 c:/program files (x86)/atmel/studio/7.0/toolchain/arm/arm-gnu-toolchain/bin/../lib/gcc/arm-none-eabi/6.3.1/thumb/v7e-m/crtn.o
                0x00402ffc                . = ALIGN (0x4)
                0x00402ffc                __preinit_array_start = .
 *(.preinit_array)
                0x00402ffc                __preinit_array_end = .
                0x00402ffc                . = ALIGN (0x4)
                0x00402ffc                __init_array_start = .
 *(SORT(.init_array.*))
 .init_array.00000
                0x00402ffc        0x4 c:/program files (x86)/atmel/studio/7.0/toolchain/arm/arm-gnu-toolchain/bin/../lib/gcc/arm-none-eabi/6.3.1/../../../../arm-none-eabi/lib/thumb/v7e-m\libc.a(lib_a-__call_atexit.o)
 *(.init_array)
 .init_array    0x00403000        0x4 c:/program files (x86)/atmel/studio/7.0/toolchain/arm/arm-gnu-toolchain/bin/../lib/gcc/arm-none-eabi/6.3.1/thumb/v7e-m/crtbegin.o
                0x00403004                __init_array_end = .
                0x00403004                . = ALIGN (0x4)
 *crtbegin.o(.ctors)
 *(EXCLUDE_FILE(*crtend.o) .ctors)
 *(SORT(.ctors.*))
 *crtend.o(.ctors)
                0x00403004                . = ALIGN (0x4)
 *(.fini)
 .fini          0x00403004        0x4 c:/program files (x86)/atmel/studio/7.0/toolchain/arm/arm-gnu-toolchain/bin/../lib/gcc/arm-none-eabi/6.3.1/thumb/v7e-m/crti.o
                0x00403004                _fini
 .fini          0x00403008        0x8 c:/program files (x86)/atmel/studio/7.0/toolchain/arm/arm-gnu-toolchain/bin/../lib/gcc/arm-none-eabi/6.3.1/thumb/v7e-m/crtn.o
                0x00403010                . = ALIGN (0x4)
                0x00403010                __fini_array_start = .
 *(.fini_array)
 .fini_array    0x00403010        0x4 c:/program files (x86)/atmel/studio/7.0/toolchain/arm/arm-gnu-toolchain/bin/../lib/gcc/arm-none-eabi/6.3.1/thumb/v7e-m/crtbegin.o
 *(SORT(.fini_array.*))
                0x00403014                __fini_array_end = .
 *crtbegin.o(.dtors)
 *(EXCLUDE_FILE(*crtend.o) .dtors)
 *(SORT(.dtors.*))
 *crtend.o(.dtors)
                0x00403014                . = ALIGN (0x4)
                0x00403014                _efixed = .
                [!provide]                PROVIDE (__exidx_start, .)

.vfp11_veneer   0x00403014        0x0
 .vfp11_veneer  0x00403014        0x0 linker stubs

.v4_bx          0x00403014        0x0
 .v4_bx         0x00403014        0x0 linker stubs

.iplt           0x00403014        0x0
 .iplt          0x00403014        0x0 c:/program files (x86)/atmel/studio/7.0/toolchain/arm/arm-gnu-toolchain/bin/../lib/gcc/arm-none-eabi/6.3.1/thumb/v7e-m/crtbegin.o

.eh_frame       0x00403014        0x0
 .eh_frame      0x00403014        0x0 c:/program files (x86)/atmel/studio/7.0/toolchain/arm/arm-gnu-toolchain/bin/../lib/gcc/arm-none-eabi/6.3.1/thumb/v7e-m/crtbegin.o

.rel.dyn        0x00403014        0x0
 .rel.iplt      0x00403014        0x0 c:/program files (x86)/atmel/studio/7.0/toolchain/arm/arm-gnu-toolchain/bin/../lib/gcc/arm-none-eabi/6.3.1/thumb/v7e-m/crtbegin.o

.jcr            0x00403014        0x0
 .jcr           0x00403014        0x0 c:/program files (x86)/atmel/studio/7.0/toolchain/arm/arm-gnu-toolchain/bin/../lib/gcc/arm-none-eabi/6.3.1/thumb/v7e-m/crtbegin.o

.igot.plt       0x00403014        0x0
 .igot.plt      0x00403014        0x0 c:/program files (x86)/atmel/studio/7.0/toolchain/arm/arm-gnu-toolchain/bin/../lib/gcc/arm-none-eabi/6.3.1/thumb/v7e-m/crtbegin.o

.ARM.exidx
 *(.ARM.exidx* .gnu.linkonce.armexidx.*)
                [!provide]                PROVIDE (__exidx_end, .)
                0x00403014                . = ALIGN (0x4)
                0x00403014                _etext = .

.relocate       0x20400000      0x44c load address 0x00403014
                0x20400000                . = ALIGN (0x4)
                0x20400000                _srelocate = .
 *(.ramfunc .ramfunc.*)
 .ramfunc       0x20400000        0xa src/ASF/common/services/delay/sam/cycle_counter.o
                0x20400000                portable_delay_cycles
 *(.data .data.*)
 .data.g_interrupt_enabled
                0x2040000a        0x1 src/ASF/common/utils/interrupt/interrupt_sam_nvic.o
                0x2040000a                g_interrupt_enabled
 *fill*         0x2040000b        0x1 
 .data.SystemCoreClock
                0x2040000c        0x4 src/ASF/sam/utils/cmsis/same70/source/templates/system_same70.o
                0x2040000c                SystemCoreClock
 .data.focusMax
                0x20400010        0x4 src/main.o
                0x20400010                focusMax
 .data.focusStepLen
                0x20400014        0x4 src/main.o
                0x20400014                focusStepLen
 .data.focusSteps
                0x20400018        0x4 src/main.o
                0x20400018                focusSteps
 .data.gain     0x2040001c        0x4 src/main.o
                0x2040001c                gain
 .data.impure_data
                0x20400020      0x428 c:/program files (x86)/atmel/studio/7.0/toolchain/arm/arm-gnu-toolchain/bin/../lib/gcc/arm-none-eabi/6.3.1/../../../../arm-none-eabi/lib/thumb/v7e-m\libc.a(lib_a-impure.o)
 .data.__atexit_recursive_mutex
                0x20400448        0x4 c:/program files (x86)/atmel/studio/7.0/toolchain/arm/arm-gnu-toolchain/bin/../lib/gcc/arm-none-eabi/6.3.1/../../../../arm-none-eabi/lib/thumb/v7e-m\libc.a(lib_a-__call_atexit.o)
                0x20400448                __atexit_recursive_mutex
                0x2040044c                . = ALIGN (0x4)
                0x2040044c                _erelocate = .

.bss            0x20400450    0x534e8 load address 0x00403468
                0x20400450                . = ALIGN (0x4)
                0x20400450                _sbss = .
                0x20400450                _szero = .
 *(.bss .bss.*)
 .bss           0x20400450       0x1c c:/program files (x86)/atmel/studio/7.0/toolchain/arm/arm-gnu-toolchain/bin/../lib/gcc/arm-none-eabi/6.3.1/thumb/v7e-m/crtbegin.o
 .bss.sd_mmc_card
                0x2040046c        0x4 src/ASF/common/components/memory/sd_mmc/sd_mmc.o
 .bss.sd_mmc_cards
                0x20400470       0x20 src/ASF/common/components/memory/sd_mmc/sd_mmc.o
 .bss.sd_mmc_nb_block_remaining
                0x20400490        0x2 src/ASF/common/components/memory/sd_mmc/sd_mmc.o
 .bss.sd_mmc_nb_block_to_tranfer
                0x20400492        0x2 src/ASF/common/components/memory/sd_mmc/sd_mmc.o
 .bss.sd_mmc_slot_sel
                0x20400494        0x1 src/ASF/common/components/memory/sd_mmc/sd_mmc.o
 *fill*         0x20400495        0x1 
 .bss.hsmci_block_size
                0x20400496        0x2 src/ASF/sam/drivers/hsmci/hsmci.o
 .bss.hsmci_nb_block
                0x20400498        0x2 src/ASF/sam/drivers/hsmci/hsmci.o
 *fill*         0x2040049a        0x2 
 .bss.hsmci_transfert_pos
                0x2040049c        0x4 src/ASF/sam/drivers/hsmci/hsmci.o
 .bss.ul_reg_val.9275
                0x204004a0        0x4 src/ASF/sam/drivers/usart/usart.o
 .bss.g_ms_ticks
                0x204004a4        0x4 src/time_tick_sam.o
                0x204004a4                g_ms_ticks
 .bss.captureEnabled
                0x204004a8        0x1 src/main.o
                0x204004a8                captureEnabled
 *fill*         0x204004a9        0x3 
 .bss.focalLength
                0x204004ac        0x4 src/main.o
                0x204004ac                focalLength
 .bss.focusMin  0x204004b0        0x4 src/main.o
                0x204004b0                focusMin
 .bss.frameNumber
                0x204004b4        0x4 src/main.o
                0x204004b4                frameNumber
 .bss.imageBuffer0
                0x204004b8    0x1bc00 src/main.o
 .bss.imageBuffer1
                0x2041c0b8    0x1bc00 src/main.o
 .bss.imageBuffer2
                0x20437cb8    0x1bc00 src/main.o
 .bss.ledValue  0x204538b8        0x4 src/main.o
                0x204538b8                ledValue
 .bss.lineCount
                0x204538bc        0x4 src/main.o
                0x204538bc                lineCount
 .bss.numFramesToRecord
                0x204538c0        0x4 src/main.o
                0x204538c0                numFramesToRecord
 .bss.overflowCount
                0x204538c4        0x4 src/main.o
                0x204538c4                overflowCount
 .bss.pcISR     0x204538c8        0x4 src/main.o
                0x204538c8                pcISR
 .bss.recMode   0x204538cc        0x4 src/main.o
                0x204538cc                recMode
 .bss.rx_letter
                0x204538d0        0x1 src/main.o
                0x204538d0                rx_letter
 .bss.rx_location
                0x204538d1        0x1 src/main.o
                0x204538d1                rx_location
 *fill*         0x204538d2        0x2 
 .bss.sdImageWriteFrameNum
                0x204538d4        0x4 src/main.o
                0x204538d4                sdImageWriteFrameNum
 .bss.startRecording
                0x204538d8        0x1 src/main.o
                0x204538d8                startRecording
 *fill*         0x204538d9        0x3 
 .bss.start_time
                0x204538dc        0x4 src/main.o
                0x204538dc                start_time
 .bss.testPoint
                0x204538e0        0x4 src/main.o
                0x204538e0                testPoint
 .bss.xferDMAComplete
                0x204538e4        0x4 src/main.o
                0x204538e4                xferDMAComplete
 *(COMMON)
 COMMON         0x204538e8       0x2c src/main.o
                0x204538e8                packetCMOS
                0x204538fc                nbErrors
                0x20453900                rx_buffer
                0x20453908                tick_start
                0x2045390c                i2cbuf
                0x20453910                UARTRecBuff
 COMMON         0x20453914       0x21 c:/program files (x86)/atmel/studio/7.0/toolchain/arm/arm-gnu-toolchain/bin/../lib/gcc/arm-none-eabi/6.3.1/../../../../arm-none-eabi/lib/thumb/v7e-m\libc.a(lib_a-lock.o)
                0x20453914                __lock___atexit_recursive_mutex
                0x20453918                __lock___arc4random_mutex
                0x2045391c                __lock___env_recursive_mutex
                0x20453920                __lock___sinit_recursive_mutex
                0x20453924                __lock___malloc_recursive_mutex
                0x20453928                __lock___at_quick_exit_mutex
                0x2045392c                __lock___dd_hash_mutex
                0x20453930                __lock___tz_mutex
                0x20453934                __lock___sfp_recursive_mutex
                0x20453938                . = ALIGN (0x4)
 *fill*         0x20453935        0x3 
                0x20453938                _ebss = .
                0x20453938                _ezero = .

.stack          0x20453938     0x2000 load address 0x00456950
                0x20453938                . = ALIGN (0x8)
                0x20453938                _sstack = .
                0x20455938                . = (. + STACK_SIZE)
 *fill*         0x20453938     0x2000 
                0x20455938                . = ALIGN (0x8)
                0x20455938                _estack = .

.heap           0x20455938      0x200 load address 0x00458950
                0x20455938                . = ALIGN (0x8)
                0x20455938                _sheap = .
                0x20455b38                . = (. + HEAP_SIZE)
 *fill*         0x20455938      0x200 
                0x20455b38                . = ALIGN (0x8)
                0x20455b38                _eheap = .
                0x20455b38                . = ALIGN (0x4)
                0x20455b38                _end = .
                0x2045ffff                _ram_end_ = ((ORIGIN (ram) + LENGTH (ram)) - 0x1)
OUTPUT(MiniscopeUntethered.elf elf32-littlearm)

.ARM.attributes
                0x00000000       0x2e
 .ARM.attributes
                0x00000000       0x1e c:/program files (x86)/atmel/studio/7.0/toolchain/arm/arm-gnu-toolchain/bin/../lib/gcc/arm-none-eabi/6.3.1/thumb/v7e-m/crti.o
 .ARM.attributes
                0x0000001e       0x2e c:/program files (x86)/atmel/studio/7.0/toolchain/arm/arm-gnu-toolchain/bin/../lib/gcc/arm-none-eabi/6.3.1/thumb/v7e-m/crtbegin.o
 .ARM.attributes
                0x0000004c       0x37 src/ASF/common/components/memory/sd_mmc/sd_mmc.o
 .ARM.attributes
                0x00000083       0x37 src/ASF/sam/drivers/hsmci/hsmci.o
 .ARM.attributes
                0x000000ba       0x37 src/ASF/sam/drivers/matrix/matrix.o
 .ARM.attributes
                0x000000f1       0x37 src/ASF/sam/drivers/usart/usart.o
 .ARM.attributes
                0x00000128       0x37 src/initiate.o
 .ARM.attributes
                0x0000015f       0x37 src/PYTHON480.o
 .ARM.attributes
                0x00000196       0x37 src/SPI_BB_PYTHON480.o
 .ARM.attributes
                0x000001cd       0x37 src/time_tick_sam.o
 .ARM.attributes
                0x00000204       0x37 src/ASF/common/services/delay/sam/cycle_counter.o
 .ARM.attributes
                0x0000023b       0x37 src/ASF/common/services/clock/same70/sysclk.o
 .ARM.attributes
                0x00000272       0x37 src/ASF/sam/drivers/pmc/pmc.o
 .ARM.attributes
                0x000002a9       0x37 src/ASF/sam/drivers/twihs/twihs.o
 .ARM.attributes
                0x000002e0       0x37 src/ASF/sam/drivers/xdmac/xdmac.o
 .ARM.attributes
                0x00000317       0x37 src/ASF/common/boards/user_board/init.o
 .ARM.attributes
                0x0000034e       0x37 src/ASF/common/utils/interrupt/interrupt_sam_nvic.o
 .ARM.attributes
                0x00000385       0x37 src/ASF/sam/utils/cmsis/same70/source/templates/gcc/startup_same70.o
 .ARM.attributes
                0x000003bc       0x37 src/ASF/sam/utils/cmsis/same70/source/templates/system_same70.o
 .ARM.attributes
                0x000003f3       0x37 src/main.o
 .ARM.attributes
                0x0000042a       0x2e c:/program files (x86)/atmel/studio/7.0/toolchain/arm/arm-gnu-toolchain/bin/../lib/gcc/arm-none-eabi/6.3.1/../../../../arm-none-eabi/lib/thumb/v7e-m\libc.a(lib_a-impure.o)
 .ARM.attributes
                0x00000458       0x2e c:/program files (x86)/atmel/studio/7.0/toolchain/arm/arm-gnu-toolchain/bin/../lib/gcc/arm-none-eabi/6.3.1/../../../../arm-none-eabi/lib/thumb/v7e-m\libc.a(lib_a-init.o)
 .ARM.attributes
                0x00000486       0x2e c:/program files (x86)/atmel/studio/7.0/toolchain/arm/arm-gnu-toolchain/bin/../lib/gcc/arm-none-eabi/6.3.1/../../../../arm-none-eabi/lib/thumb/v7e-m\libc.a(lib_a-memset.o)
 .ARM.attributes
                0x000004b4       0x2e c:/program files (x86)/atmel/studio/7.0/toolchain/arm/arm-gnu-toolchain/bin/../lib/gcc/arm-none-eabi/6.3.1/../../../../arm-none-eabi/lib/thumb/v7e-m\libc.a(lib_a-__call_atexit.o)
 .ARM.attributes
                0x000004e2       0x2e c:/program files (x86)/atmel/studio/7.0/toolchain/arm/arm-gnu-toolchain/bin/../lib/gcc/arm-none-eabi/6.3.1/../../../../arm-none-eabi/lib/thumb/v7e-m\libc.a(lib_a-atexit.o)
 .ARM.attributes
                0x00000510       0x2e c:/program files (x86)/atmel/studio/7.0/toolchain/arm/arm-gnu-toolchain/bin/../lib/gcc/arm-none-eabi/6.3.1/../../../../arm-none-eabi/lib/thumb/v7e-m\libc.a(lib_a-fini.o)
 .ARM.attributes
                0x0000053e       0x2e c:/program files (x86)/atmel/studio/7.0/toolchain/arm/arm-gnu-toolchain/bin/../lib/gcc/arm-none-eabi/6.3.1/../../../../arm-none-eabi/lib/thumb/v7e-m\libc.a(lib_a-lock.o)
 .ARM.attributes
                0x0000056c       0x2e c:/program files (x86)/atmel/studio/7.0/toolchain/arm/arm-gnu-toolchain/bin/../lib/gcc/arm-none-eabi/6.3.1/../../../../arm-none-eabi/lib/thumb/v7e-m\libc.a(lib_a-__atexit.o)
 .ARM.attributes
                0x0000059a       0x1e c:/program files (x86)/atmel/studio/7.0/toolchain/arm/arm-gnu-toolchain/bin/../lib/gcc/arm-none-eabi/6.3.1/thumb/v7e-m/crtn.o

.comment        0x00000000       0x59
 .comment       0x00000000       0x59 src/ASF/common/components/memory/sd_mmc/sd_mmc.o
                                 0x5a (size before relaxing)
 .comment       0x00000059       0x5a src/ASF/sam/drivers/hsmci/hsmci.o
 .comment       0x00000059       0x5a src/ASF/sam/drivers/matrix/matrix.o
 .comment       0x00000059       0x5a src/ASF/sam/drivers/usart/usart.o
 .comment       0x00000059       0x5a src/initiate.o
 .comment       0x00000059       0x5a src/PYTHON480.o
 .comment       0x00000059       0x5a src/SPI_BB_PYTHON480.o
 .comment       0x00000059       0x5a src/time_tick_sam.o
 .comment       0x00000059       0x5a src/ASF/common/services/delay/sam/cycle_counter.o
 .comment       0x00000059       0x5a src/ASF/common/services/clock/same70/sysclk.o
 .comment       0x00000059       0x5a src/ASF/sam/drivers/pmc/pmc.o
 .comment       0x00000059       0x5a src/ASF/sam/drivers/twihs/twihs.o
 .comment       0x00000059       0x5a src/ASF/sam/drivers/xdmac/xdmac.o
 .comment       0x00000059       0x5a src/ASF/common/boards/user_board/init.o
 .comment       0x00000059       0x5a src/ASF/common/utils/interrupt/interrupt_sam_nvic.o
 .comment       0x00000059       0x5a src/ASF/sam/utils/cmsis/same70/source/templates/gcc/startup_same70.o
 .comment       0x00000059       0x5a src/ASF/sam/utils/cmsis/same70/source/templates/system_same70.o
 .comment       0x00000059       0x5a src/main.o

.debug_info     0x00000000    0x1b855
 .debug_info    0x00000000     0x1f51 src/ASF/common/components/memory/sd_mmc/sd_mmc.o
 .debug_info    0x00001f51     0x1884 src/ASF/sam/drivers/hsmci/hsmci.o
 .debug_info    0x000037d5     0x1326 src/ASF/sam/drivers/matrix/matrix.o
 .debug_info    0x00004afb     0x2321 src/ASF/sam/drivers/usart/usart.o
 .debug_info    0x00006e1c     0x13d4 src/initiate.o
 .debug_info    0x000081f0     0x1d71 src/PYTHON480.o
 .debug_info    0x00009f61     0x1e00 src/SPI_BB_PYTHON480.o
 .debug_info    0x0000bd61     0x1293 src/time_tick_sam.o
 .debug_info    0x0000cff4      0xa45 src/ASF/common/services/delay/sam/cycle_counter.o
 .debug_info    0x0000da39     0x1267 src/ASF/common/services/clock/same70/sysclk.o
 .debug_info    0x0000eca0     0x1dd6 src/ASF/sam/drivers/pmc/pmc.o
 .debug_info    0x00010a76     0x1516 src/ASF/sam/drivers/twihs/twihs.o
 .debug_info    0x00011f8c     0x109e src/ASF/sam/drivers/xdmac/xdmac.o
 .debug_info    0x0001302a     0x1c7c src/ASF/common/boards/user_board/init.o
 .debug_info    0x00014ca6      0xb01 src/ASF/common/utils/interrupt/interrupt_sam_nvic.o
 .debug_info    0x000157a7     0x1562 src/ASF/sam/utils/cmsis/same70/source/templates/gcc/startup_same70.o
 .debug_info    0x00016d09      0x55b src/ASF/sam/utils/cmsis/same70/source/templates/system_same70.o
 .debug_info    0x00017264     0x45f1 src/main.o

.debug_abbrev   0x00000000     0x35be
 .debug_abbrev  0x00000000      0x3d3 src/ASF/common/components/memory/sd_mmc/sd_mmc.o
 .debug_abbrev  0x000003d3      0x488 src/ASF/sam/drivers/hsmci/hsmci.o
 .debug_abbrev  0x0000085b      0x2d0 src/ASF/sam/drivers/matrix/matrix.o
 .debug_abbrev  0x00000b2b      0x3bd src/ASF/sam/drivers/usart/usart.o
 .debug_abbrev  0x00000ee8      0x2a8 src/initiate.o
 .debug_abbrev  0x00001190      0x1fd src/PYTHON480.o
 .debug_abbrev  0x0000138d      0x333 src/SPI_BB_PYTHON480.o
 .debug_abbrev  0x000016c0      0x2e3 src/time_tick_sam.o
 .debug_abbrev  0x000019a3      0x1b3 src/ASF/common/services/delay/sam/cycle_counter.o
 .debug_abbrev  0x00001b56      0x31f src/ASF/common/services/clock/same70/sysclk.o
 .debug_abbrev  0x00001e75      0x369 src/ASF/sam/drivers/pmc/pmc.o
 .debug_abbrev  0x000021de      0x3cc src/ASF/sam/drivers/twihs/twihs.o
 .debug_abbrev  0x000025aa      0x238 src/ASF/sam/drivers/xdmac/xdmac.o
 .debug_abbrev  0x000027e2      0x2bd src/ASF/common/boards/user_board/init.o
 .debug_abbrev  0x00002a9f      0x212 src/ASF/common/utils/interrupt/interrupt_sam_nvic.o
 .debug_abbrev  0x00002cb1      0x2db src/ASF/sam/utils/cmsis/same70/source/templates/gcc/startup_same70.o
 .debug_abbrev  0x00002f8c      0x102 src/ASF/sam/utils/cmsis/same70/source/templates/system_same70.o
 .debug_abbrev  0x0000308e      0x530 src/main.o

.debug_loc      0x00000000     0x6a65
 .debug_loc     0x00000000     0x111a src/ASF/common/components/memory/sd_mmc/sd_mmc.o
 .debug_loc     0x0000111a      0xc38 src/ASF/sam/drivers/hsmci/hsmci.o
 .debug_loc     0x00001d52      0x49e src/ASF/sam/drivers/matrix/matrix.o
 .debug_loc     0x000021f0      0xf35 src/ASF/sam/drivers/usart/usart.o
 .debug_loc     0x00003125       0xb8 src/initiate.o
 .debug_loc     0x000031dd      0x1c0 src/PYTHON480.o
 .debug_loc     0x0000339d      0x721 src/SPI_BB_PYTHON480.o
 .debug_loc     0x00003abe       0xa7 src/time_tick_sam.o
 .debug_loc     0x00003b65      0x183 src/ASF/common/services/clock/same70/sysclk.o
 .debug_loc     0x00003ce8      0xce3 src/ASF/sam/drivers/pmc/pmc.o
 .debug_loc     0x000049cb      0xb4d src/ASF/sam/drivers/twihs/twihs.o
 .debug_loc     0x00005518      0x239 src/ASF/sam/drivers/xdmac/xdmac.o
 .debug_loc     0x00005751      0x3a4 src/ASF/common/boards/user_board/init.o
 .debug_loc     0x00005af5       0x6b src/ASF/sam/utils/cmsis/same70/source/templates/gcc/startup_same70.o
 .debug_loc     0x00005b60      0xf05 src/main.o

.debug_aranges  0x00000000      0xb18
 .debug_aranges
                0x00000000       0xa0 src/ASF/common/components/memory/sd_mmc/sd_mmc.o
 .debug_aranges
                0x000000a0       0xb0 src/ASF/sam/drivers/hsmci/hsmci.o
 .debug_aranges
                0x00000150       0xc8 src/ASF/sam/drivers/matrix/matrix.o
 .debug_aranges
                0x00000218      0x2a8 src/ASF/sam/drivers/usart/usart.o
 .debug_aranges
                0x000004c0       0x30 src/initiate.o
 .debug_aranges
                0x000004f0       0x88 src/PYTHON480.o
 .debug_aranges
                0x00000578       0x28 src/SPI_BB_PYTHON480.o
 .debug_aranges
                0x000005a0       0x38 src/time_tick_sam.o
 .debug_aranges
                0x000005d8       0x20 src/ASF/common/services/delay/sam/cycle_counter.o
 .debug_aranges
                0x000005f8       0x40 src/ASF/common/services/clock/same70/sysclk.o
 .debug_aranges
                0x00000638      0x250 src/ASF/sam/drivers/pmc/pmc.o
 .debug_aranges
                0x00000888       0xe8 src/ASF/sam/drivers/twihs/twihs.o
 .debug_aranges
                0x00000970       0x20 src/ASF/sam/drivers/xdmac/xdmac.o
 .debug_aranges
                0x00000990       0x20 src/ASF/common/boards/user_board/init.o
 .debug_aranges
                0x000009b0       0x28 src/ASF/common/utils/interrupt/interrupt_sam_nvic.o
 .debug_aranges
                0x000009d8       0x28 src/ASF/sam/utils/cmsis/same70/source/templates/gcc/startup_same70.o
 .debug_aranges
                0x00000a00       0x30 src/ASF/sam/utils/cmsis/same70/source/templates/system_same70.o
 .debug_aranges
                0x00000a30       0xe8 src/main.o

.debug_ranges   0x00000000      0xcb8
 .debug_ranges  0x00000000      0x1f8 src/ASF/common/components/memory/sd_mmc/sd_mmc.o
 .debug_ranges  0x000001f8       0xe8 src/ASF/sam/drivers/hsmci/hsmci.o
 .debug_ranges  0x000002e0       0xb8 src/ASF/sam/drivers/matrix/matrix.o
 .debug_ranges  0x00000398      0x298 src/ASF/sam/drivers/usart/usart.o
 .debug_ranges  0x00000630       0x20 src/initiate.o
 .debug_ranges  0x00000650       0x78 src/PYTHON480.o
 .debug_ranges  0x000006c8       0xa8 src/SPI_BB_PYTHON480.o
 .debug_ranges  0x00000770       0x28 src/time_tick_sam.o
 .debug_ranges  0x00000798       0x10 src/ASF/common/services/delay/sam/cycle_counter.o
 .debug_ranges  0x000007a8       0x30 src/ASF/common/services/clock/same70/sysclk.o
 .debug_ranges  0x000007d8      0x240 src/ASF/sam/drivers/pmc/pmc.o
 .debug_ranges  0x00000a18       0xd8 src/ASF/sam/drivers/twihs/twihs.o
 .debug_ranges  0x00000af0       0x10 src/ASF/sam/drivers/xdmac/xdmac.o
 .debug_ranges  0x00000b00       0x10 src/ASF/common/boards/user_board/init.o
 .debug_ranges  0x00000b10       0x18 src/ASF/common/utils/interrupt/interrupt_sam_nvic.o
 .debug_ranges  0x00000b28       0x18 src/ASF/sam/utils/cmsis/same70/source/templates/gcc/startup_same70.o
 .debug_ranges  0x00000b40       0x20 src/ASF/sam/utils/cmsis/same70/source/templates/system_same70.o
 .debug_ranges  0x00000b60      0x158 src/main.o

.debug_macro    0x00000000    0x1f83a
 .debug_macro   0x00000000      0x7a7 src/ASF/common/components/memory/sd_mmc/sd_mmc.o
 .debug_macro   0x000007a7      0x8c8 src/ASF/common/components/memory/sd_mmc/sd_mmc.o
 .debug_macro   0x0000106f       0x22 src/ASF/common/components/memory/sd_mmc/sd_mmc.o
 .debug_macro   0x00001091       0x52 src/ASF/common/components/memory/sd_mmc/sd_mmc.o
 .debug_macro   0x000010e3       0x8d src/ASF/common/components/memory/sd_mmc/sd_mmc.o
 .debug_macro   0x00001170       0x35 src/ASF/common/components/memory/sd_mmc/sd_mmc.o
 .debug_macro   0x000011a5       0x9c src/ASF/common/components/memory/sd_mmc/sd_mmc.o
 .debug_macro   0x00001241      0x16d src/ASF/common/components/memory/sd_mmc/sd_mmc.o
 .debug_macro   0x000013ae       0x57 src/ASF/common/components/memory/sd_mmc/sd_mmc.o
 .debug_macro   0x00001405       0x58 src/ASF/common/components/memory/sd_mmc/sd_mmc.o
 .debug_macro   0x0000145d       0x1f src/ASF/common/components/memory/sd_mmc/sd_mmc.o
 .debug_macro   0x0000147c       0x43 src/ASF/common/components/memory/sd_mmc/sd_mmc.o
 .debug_macro   0x000014bf       0x20 src/ASF/common/components/memory/sd_mmc/sd_mmc.o
 .debug_macro   0x000014df      0x187 src/ASF/common/components/memory/sd_mmc/sd_mmc.o
 .debug_macro   0x00001666      0x353 src/ASF/common/components/memory/sd_mmc/sd_mmc.o
 .debug_macro   0x000019b9       0x10 src/ASF/common/components/memory/sd_mmc/sd_mmc.o
 .debug_macro   0x000019c9       0x35 src/ASF/common/components/memory/sd_mmc/sd_mmc.o
 .debug_macro   0x000019fe       0x2e src/ASF/common/components/memory/sd_mmc/sd_mmc.o
 .debug_macro   0x00001a2c      0x644 src/ASF/common/components/memory/sd_mmc/sd_mmc.o
 .debug_macro   0x00002070       0x76 src/ASF/common/components/memory/sd_mmc/sd_mmc.o
 .debug_macro   0x000020e6       0x16 src/ASF/common/components/memory/sd_mmc/sd_mmc.o
 .debug_macro   0x000020fc      0x6e4 src/ASF/common/components/memory/sd_mmc/sd_mmc.o
 .debug_macro   0x000027e0       0xef src/ASF/common/components/memory/sd_mmc/sd_mmc.o
 .debug_macro   0x000028cf       0x6a src/ASF/common/components/memory/sd_mmc/sd_mmc.o
 .debug_macro   0x00002939      0x1df src/ASF/common/components/memory/sd_mmc/sd_mmc.o
 .debug_macro   0x00002b18       0x4a src/ASF/common/components/memory/sd_mmc/sd_mmc.o
 .debug_macro   0x00002b62       0x3b src/ASF/common/components/memory/sd_mmc/sd_mmc.o
 .debug_macro   0x00002b9d       0x2d src/ASF/common/components/memory/sd_mmc/sd_mmc.o
 .debug_macro   0x00002bca       0x26 src/ASF/common/components/memory/sd_mmc/sd_mmc.o
 .debug_macro   0x00002bf0      0xf9a src/ASF/common/components/memory/sd_mmc/sd_mmc.o
 .debug_macro   0x00003b8a      0x175 src/ASF/common/components/memory/sd_mmc/sd_mmc.o
 .debug_macro   0x00003cff      0x257 src/ASF/common/components/memory/sd_mmc/sd_mmc.o
 .debug_macro   0x00003f56      0xa0f src/ASF/common/components/memory/sd_mmc/sd_mmc.o
 .debug_macro   0x00004965      0x1b9 src/ASF/common/components/memory/sd_mmc/sd_mmc.o
 .debug_macro   0x00004b1e      0x336 src/ASF/common/components/memory/sd_mmc/sd_mmc.o
 .debug_macro   0x00004e54      0x15b src/ASF/common/components/memory/sd_mmc/sd_mmc.o
 .debug_macro   0x00004faf     0x1851 src/ASF/common/components/memory/sd_mmc/sd_mmc.o
 .debug_macro   0x00006800       0x1c src/ASF/common/components/memory/sd_mmc/sd_mmc.o
 .debug_macro   0x0000681c      0x68d src/ASF/common/components/memory/sd_mmc/sd_mmc.o
 .debug_macro   0x00006ea9      0x31e src/ASF/common/components/memory/sd_mmc/sd_mmc.o
 .debug_macro   0x000071c7      0x4d4 src/ASF/common/components/memory/sd_mmc/sd_mmc.o
 .debug_macro   0x0000769b      0x56e src/ASF/common/components/memory/sd_mmc/sd_mmc.o
 .debug_macro   0x00007c09     0x1332 src/ASF/common/components/memory/sd_mmc/sd_mmc.o
 .debug_macro   0x00008f3b     0x2907 src/ASF/common/components/memory/sd_mmc/sd_mmc.o
 .debug_macro   0x0000b842     0x102b src/ASF/common/components/memory/sd_mmc/sd_mmc.o
 .debug_macro   0x0000c86d      0xe01 src/ASF/common/components/memory/sd_mmc/sd_mmc.o
 .debug_macro   0x0000d66e      0x3b1 src/ASF/common/components/memory/sd_mmc/sd_mmc.o
 .debug_macro   0x0000da1f       0xa0 src/ASF/common/components/memory/sd_mmc/sd_mmc.o
 .debug_macro   0x0000dabf       0x76 src/ASF/common/components/memory/sd_mmc/sd_mmc.o
 .debug_macro   0x0000db35      0x409 src/ASF/common/components/memory/sd_mmc/sd_mmc.o
 .debug_macro   0x0000df3e       0x64 src/ASF/common/components/memory/sd_mmc/sd_mmc.o
 .debug_macro   0x0000dfa2      0x248 src/ASF/common/components/memory/sd_mmc/sd_mmc.o
 .debug_macro   0x0000e1ea      0x524 src/ASF/common/components/memory/sd_mmc/sd_mmc.o
 .debug_macro   0x0000e70e      0x63b src/ASF/common/components/memory/sd_mmc/sd_mmc.o
 .debug_macro   0x0000ed49      0x6b8 src/ASF/common/components/memory/sd_mmc/sd_mmc.o
 .debug_macro   0x0000f401       0x4c src/ASF/common/components/memory/sd_mmc/sd_mmc.o
 .debug_macro   0x0000f44d      0x468 src/ASF/common/components/memory/sd_mmc/sd_mmc.o
 .debug_macro   0x0000f8b5      0x207 src/ASF/common/components/memory/sd_mmc/sd_mmc.o
 .debug_macro   0x0000fabc      0x866 src/ASF/common/components/memory/sd_mmc/sd_mmc.o
 .debug_macro   0x00010322     0x1547 src/ASF/common/components/memory/sd_mmc/sd_mmc.o
 .debug_macro   0x00011869       0x40 src/ASF/common/components/memory/sd_mmc/sd_mmc.o
 .debug_macro   0x000118a9       0x76 src/ASF/common/components/memory/sd_mmc/sd_mmc.o
 .debug_macro   0x0001191f      0xdaf src/ASF/common/components/memory/sd_mmc/sd_mmc.o
 .debug_macro   0x000126ce       0x82 src/ASF/common/components/memory/sd_mmc/sd_mmc.o
 .debug_macro   0x00012750       0x76 src/ASF/common/components/memory/sd_mmc/sd_mmc.o
 .debug_macro   0x000127c6       0x4c src/ASF/common/components/memory/sd_mmc/sd_mmc.o
 .debug_macro   0x00012812      0x135 src/ASF/common/components/memory/sd_mmc/sd_mmc.o
 .debug_macro   0x00012947       0x6a src/ASF/common/components/memory/sd_mmc/sd_mmc.o
 .debug_macro   0x000129b1       0x6a src/ASF/common/components/memory/sd_mmc/sd_mmc.o
 .debug_macro   0x00012a1b      0x313 src/ASF/common/components/memory/sd_mmc/sd_mmc.o
 .debug_macro   0x00012d2e       0xb2 src/ASF/common/components/memory/sd_mmc/sd_mmc.o
 .debug_macro   0x00012de0       0xb2 src/ASF/common/components/memory/sd_mmc/sd_mmc.o
 .debug_macro   0x00012e92       0xb2 src/ASF/common/components/memory/sd_mmc/sd_mmc.o
 .debug_macro   0x00012f44      0x11d src/ASF/common/components/memory/sd_mmc/sd_mmc.o
 .debug_macro   0x00013061      0x11d src/ASF/common/components/memory/sd_mmc/sd_mmc.o
 .debug_macro   0x0001317e      0x2cd src/ASF/common/components/memory/sd_mmc/sd_mmc.o
 .debug_macro   0x0001344b       0xb8 src/ASF/common/components/memory/sd_mmc/sd_mmc.o
 .debug_macro   0x00013503       0x5e src/ASF/common/components/memory/sd_mmc/sd_mmc.o
 .debug_macro   0x00013561       0x40 src/ASF/common/components/memory/sd_mmc/sd_mmc.o
 .debug_macro   0x000135a1       0x4c src/ASF/common/components/memory/sd_mmc/sd_mmc.o
 .debug_macro   0x000135ed       0xa0 src/ASF/common/components/memory/sd_mmc/sd_mmc.o
 .debug_macro   0x0001368d      0x494 src/ASF/common/components/memory/sd_mmc/sd_mmc.o
 .debug_macro   0x00013b21      0x135 src/ASF/common/components/memory/sd_mmc/sd_mmc.o
 .debug_macro   0x00013c56       0x4c src/ASF/common/components/memory/sd_mmc/sd_mmc.o
 .debug_macro   0x00013ca2      0x313 src/ASF/common/components/memory/sd_mmc/sd_mmc.o
 .debug_macro   0x00013fb5       0x6a src/ASF/common/components/memory/sd_mmc/sd_mmc.o
 .debug_macro   0x0001401f       0xb8 src/ASF/common/components/memory/sd_mmc/sd_mmc.o
 .debug_macro   0x000140d7       0x6a src/ASF/common/components/memory/sd_mmc/sd_mmc.o
 .debug_macro   0x00014141       0x2e src/ASF/common/components/memory/sd_mmc/sd_mmc.o
 .debug_macro   0x0001416f      0x9b1 src/ASF/common/components/memory/sd_mmc/sd_mmc.o
 .debug_macro   0x00014b20       0x6a src/ASF/common/components/memory/sd_mmc/sd_mmc.o
 .debug_macro   0x00014b8a       0xe2 src/ASF/common/components/memory/sd_mmc/sd_mmc.o
 .debug_macro   0x00014c6c       0x16 src/ASF/common/components/memory/sd_mmc/sd_mmc.o
 .debug_macro   0x00014c82       0xe2 src/ASF/common/components/memory/sd_mmc/sd_mmc.o
 .debug_macro   0x00014d64       0x4c src/ASF/common/components/memory/sd_mmc/sd_mmc.o
 .debug_macro   0x00014db0       0x16 src/ASF/common/components/memory/sd_mmc/sd_mmc.o
 .debug_macro   0x00014dc6       0x4c src/ASF/common/components/memory/sd_mmc/sd_mmc.o
 .debug_macro   0x00014e12       0x2e src/ASF/common/components/memory/sd_mmc/sd_mmc.o
 .debug_macro   0x00014e40      0x1b5 src/ASF/common/components/memory/sd_mmc/sd_mmc.o
 .debug_macro   0x00014ff5      0x1b5 src/ASF/common/components/memory/sd_mmc/sd_mmc.o
 .debug_macro   0x000151aa      0x1b5 src/ASF/common/components/memory/sd_mmc/sd_mmc.o
 .debug_macro   0x0001535f       0x1c src/ASF/common/components/memory/sd_mmc/sd_mmc.o
 .debug_macro   0x0001537b       0x2e src/ASF/common/components/memory/sd_mmc/sd_mmc.o
 .debug_macro   0x000153a9       0x22 src/ASF/common/components/memory/sd_mmc/sd_mmc.o
 .debug_macro   0x000153cb       0x1c src/ASF/common/components/memory/sd_mmc/sd_mmc.o
 .debug_macro   0x000153e7       0x52 src/ASF/common/components/memory/sd_mmc/sd_mmc.o
 .debug_macro   0x00015439       0x10 src/ASF/common/components/memory/sd_mmc/sd_mmc.o
 .debug_macro   0x00015449       0x1c src/ASF/common/components/memory/sd_mmc/sd_mmc.o
 .debug_macro   0x00015465       0x4c src/ASF/common/components/memory/sd_mmc/sd_mmc.o
 .debug_macro   0x000154b1       0x4c src/ASF/common/components/memory/sd_mmc/sd_mmc.o
 .debug_macro   0x000154fd       0x4c src/ASF/common/components/memory/sd_mmc/sd_mmc.o
 .debug_macro   0x00015549      0x2ab src/ASF/common/components/memory/sd_mmc/sd_mmc.o
 .debug_macro   0x000157f4      0xb7d src/ASF/common/components/memory/sd_mmc/sd_mmc.o
 .debug_macro   0x00016371      0x100 src/ASF/common/components/memory/sd_mmc/sd_mmc.o
 .debug_macro   0x00016471       0x1c src/ASF/common/components/memory/sd_mmc/sd_mmc.o
 .debug_macro   0x0001648d       0x10 src/ASF/common/components/memory/sd_mmc/sd_mmc.o
 .debug_macro   0x0001649d       0x10 src/ASF/common/components/memory/sd_mmc/sd_mmc.o
 .debug_macro   0x000164ad       0x1c src/ASF/common/components/memory/sd_mmc/sd_mmc.o
 .debug_macro   0x000164c9       0x52 src/ASF/common/components/memory/sd_mmc/sd_mmc.o
 .debug_macro   0x0001651b       0x40 src/ASF/common/components/memory/sd_mmc/sd_mmc.o
 .debug_macro   0x0001655b       0x10 src/ASF/common/components/memory/sd_mmc/sd_mmc.o
 .debug_macro   0x0001656b       0x40 src/ASF/common/components/memory/sd_mmc/sd_mmc.o
 .debug_macro   0x000165ab       0xd7 src/ASF/common/components/memory/sd_mmc/sd_mmc.o
 .debug_macro   0x00016682       0x16 src/ASF/common/components/memory/sd_mmc/sd_mmc.o
 .debug_macro   0x00016698      0x18b src/ASF/common/components/memory/sd_mmc/sd_mmc.o
 .debug_macro   0x00016823       0x22 src/ASF/common/components/memory/sd_mmc/sd_mmc.o
 .debug_macro   0x00016845       0x16 src/ASF/common/components/memory/sd_mmc/sd_mmc.o
 .debug_macro   0x0001685b       0x16 src/ASF/common/components/memory/sd_mmc/sd_mmc.o
 .debug_macro   0x00016871       0x29 src/ASF/common/components/memory/sd_mmc/sd_mmc.o
 .debug_macro   0x0001689a       0x75 src/ASF/common/components/memory/sd_mmc/sd_mmc.o
 .debug_macro   0x0001690f       0x3f src/ASF/common/components/memory/sd_mmc/sd_mmc.o
 .debug_macro   0x0001694e      0x3ca src/ASF/common/components/memory/sd_mmc/sd_mmc.o
 .debug_macro   0x00016d18      0x2a4 src/ASF/common/components/memory/sd_mmc/sd_mmc.o
 .debug_macro   0x00016fbc       0xee src/ASF/common/components/memory/sd_mmc/sd_mmc.o
 .debug_macro   0x000170aa       0x16 src/ASF/common/components/memory/sd_mmc/sd_mmc.o
 .debug_macro   0x000170c0      0xd3f src/ASF/common/components/memory/sd_mmc/sd_mmc.o
 .debug_macro   0x00017dff       0xa0 src/ASF/common/components/memory/sd_mmc/sd_mmc.o
 .debug_macro   0x00017e9f       0x40 src/ASF/common/components/memory/sd_mmc/sd_mmc.o
 .debug_macro   0x00017edf       0x58 src/ASF/common/components/memory/sd_mmc/sd_mmc.o
 .debug_macro   0x00017f37       0x64 src/ASF/common/components/memory/sd_mmc/sd_mmc.o
 .debug_macro   0x00017f9b       0x5f src/ASF/common/components/memory/sd_mmc/sd_mmc.o
 .debug_macro   0x00017ffa       0xac src/ASF/common/components/memory/sd_mmc/sd_mmc.o
 .debug_macro   0x000180a6       0x28 src/ASF/common/components/memory/sd_mmc/sd_mmc.o
 .debug_macro   0x000180ce       0x23 src/ASF/common/components/memory/sd_mmc/sd_mmc.o
 .debug_macro   0x000180f1       0x88 src/ASF/common/components/memory/sd_mmc/sd_mmc.o
 .debug_macro   0x00018179      0x77c src/ASF/sam/drivers/hsmci/hsmci.o
 .debug_macro   0x000188f5       0x10 src/ASF/sam/drivers/hsmci/hsmci.o
 .debug_macro   0x00018905       0x34 src/ASF/sam/drivers/hsmci/hsmci.o
 .debug_macro   0x00018939       0x16 src/ASF/sam/drivers/hsmci/hsmci.o
 .debug_macro   0x0001894f       0x9a src/ASF/sam/drivers/hsmci/hsmci.o
 .debug_macro   0x000189e9       0x4c src/ASF/sam/drivers/hsmci/hsmci.o
 .debug_macro   0x00018a35       0x10 src/ASF/sam/drivers/hsmci/hsmci.o
 .debug_macro   0x00018a45      0x1ad src/ASF/sam/drivers/hsmci/hsmci.o
 .debug_macro   0x00018bf2      0x60e src/ASF/sam/drivers/matrix/matrix.o
 .debug_macro   0x00019200      0x643 src/ASF/sam/drivers/usart/usart.o
 .debug_macro   0x00019843       0x34 src/ASF/sam/drivers/usart/usart.o
 .debug_macro   0x00019877      0x77a src/initiate.o
 .debug_macro   0x00019ff1       0x2e src/initiate.o
 .debug_macro   0x0001a01f      0x781 src/PYTHON480.o
 .debug_macro   0x0001a7a0      0x77a src/SPI_BB_PYTHON480.o
 .debug_macro   0x0001af1a      0x776 src/time_tick_sam.o
 .debug_macro   0x0001b690      0x60d src/ASF/common/services/delay/sam/cycle_counter.o
 .debug_macro   0x0001bc9d       0x22 src/ASF/common/services/delay/sam/cycle_counter.o
 .debug_macro   0x0001bcbf      0x687 src/ASF/common/services/clock/same70/sysclk.o
 .debug_macro   0x0001c346      0x613 src/ASF/sam/drivers/pmc/pmc.o
 .debug_macro   0x0001c959       0x52 src/ASF/sam/drivers/pmc/pmc.o
 .debug_macro   0x0001c9ab      0x62b src/ASF/sam/drivers/twihs/twihs.o
 .debug_macro   0x0001cfd6       0x46 src/ASF/sam/drivers/twihs/twihs.o
 .debug_macro   0x0001d01c      0x618 src/ASF/sam/drivers/xdmac/xdmac.o
 .debug_macro   0x0001d634      0x1a7 src/ASF/sam/drivers/xdmac/xdmac.o
 .debug_macro   0x0001d7db      0x76b src/ASF/common/boards/user_board/init.o
 .debug_macro   0x0001df46      0x5fd src/ASF/common/utils/interrupt/interrupt_sam_nvic.o
 .debug_macro   0x0001e543      0x60c src/ASF/sam/utils/cmsis/same70/source/templates/gcc/startup_same70.o
 .debug_macro   0x0001eb4f       0x10 src/ASF/sam/utils/cmsis/same70/source/templates/gcc/startup_same70.o
 .debug_macro   0x0001eb5f      0x405 src/ASF/sam/utils/cmsis/same70/source/templates/system_same70.o
 .debug_macro   0x0001ef64      0x7a7 src/main.o
 .debug_macro   0x0001f70b      0x12f src/main.o

.debug_line     0x00000000     0xee68
 .debug_line    0x00000000      0xf83 src/ASF/common/components/memory/sd_mmc/sd_mmc.o
 .debug_line    0x00000f83     0x106d src/ASF/sam/drivers/hsmci/hsmci.o
 .debug_line    0x00001ff0      0xb17 src/ASF/sam/drivers/matrix/matrix.o
 .debug_line    0x00002b07     0x1026 src/ASF/sam/drivers/usart/usart.o
 .debug_line    0x00003b2d      0xdf4 src/initiate.o
 .debug_line    0x00004921      0xf3b src/PYTHON480.o
 .debug_line    0x0000585c      0xf9f src/SPI_BB_PYTHON480.o
 .debug_line    0x000067fb      0xdf1 src/time_tick_sam.o
 .debug_line    0x000075ec      0x99d src/ASF/common/services/delay/sam/cycle_counter.o
 .debug_line    0x00007f89      0xb08 src/ASF/common/services/clock/same70/sysclk.o
 .debug_line    0x00008a91     0x1014 src/ASF/sam/drivers/pmc/pmc.o
 .debug_line    0x00009aa5      0xc1d src/ASF/sam/drivers/twihs/twihs.o
 .debug_line    0x0000a6c2      0x9d8 src/ASF/sam/drivers/xdmac/xdmac.o
 .debug_line    0x0000b09a      0xe5d src/ASF/common/boards/user_board/init.o
 .debug_line    0x0000bef7      0x9b1 src/ASF/common/utils/interrupt/interrupt_sam_nvic.o
 .debug_line    0x0000c8a8      0xa1a src/ASF/sam/utils/cmsis/same70/source/templates/gcc/startup_same70.o
 .debug_line    0x0000d2c2      0x797 src/ASF/sam/utils/cmsis/same70/source/templates/system_same70.o
 .debug_line    0x0000da59     0x140f src/main.o

.debug_str      0x00000000    0x8891f
 .debug_str     0x00000000    0x8384d src/ASF/common/components/memory/sd_mmc/sd_mmc.o
                              0x83f55 (size before relaxing)
 .debug_str     0x0008384d     0x120d src/ASF/sam/drivers/hsmci/hsmci.o
                              0x847d9 (size before relaxing)
 .debug_str     0x00084a5a      0x592 src/ASF/sam/drivers/matrix/matrix.o
                              0x7d4bf (size before relaxing)
 .debug_str     0x00084fec      0xabf src/ASF/sam/drivers/usart/usart.o
                              0x7da98 (size before relaxing)
 .debug_str     0x00085aab      0x496 src/initiate.o
                              0x84826 (size before relaxing)
 .debug_str     0x00085f41      0x107 src/PYTHON480.o
                              0x841cb (size before relaxing)
 .debug_str     0x00086048      0x37e src/SPI_BB_PYTHON480.o
                              0x84606 (size before relaxing)
 .debug_str     0x000863c6      0x1ea src/time_tick_sam.o
                              0x84681 (size before relaxing)
 .debug_str     0x000865b0       0x35 src/ASF/common/services/delay/sam/cycle_counter.o
                              0x7d080 (size before relaxing)
 .debug_str     0x000865e5      0x3eb src/ASF/common/services/clock/same70/sysclk.o
                              0x7eb64 (size before relaxing)
 .debug_str     0x000869d0      0x699 src/ASF/sam/drivers/pmc/pmc.o
                              0x7dbcb (size before relaxing)
 .debug_str     0x00087069      0x3ba src/ASF/sam/drivers/twihs/twihs.o
                              0x7d4dc (size before relaxing)
 .debug_str     0x00087423      0x171 src/ASF/sam/drivers/xdmac/xdmac.o
                              0x7da46 (size before relaxing)
 .debug_str     0x00087594      0x166 src/ASF/common/boards/user_board/init.o
                              0x84617 (size before relaxing)
 .debug_str     0x000876fa       0x94 src/ASF/common/utils/interrupt/interrupt_sam_nvic.o
                              0x7cf50 (size before relaxing)
 .debug_str     0x0008778e      0x641 src/ASF/sam/utils/cmsis/same70/source/templates/gcc/startup_same70.o
                              0x7d706 (size before relaxing)
 .debug_str     0x00087dcf      0x172 src/ASF/sam/utils/cmsis/same70/source/templates/system_same70.o
                              0x6d4ca (size before relaxing)
 .debug_str     0x00087f41      0x9de src/main.o
                              0x85c82 (size before relaxing)

.debug_frame    0x00000000     0x1a94
 .debug_frame   0x00000000      0x1cc src/ASF/common/components/memory/sd_mmc/sd_mmc.o
 .debug_frame   0x000001cc      0x1d8 src/ASF/sam/drivers/hsmci/hsmci.o
 .debug_frame   0x000003a4      0x1b8 src/ASF/sam/drivers/matrix/matrix.o
 .debug_frame   0x0000055c      0x5c0 src/ASF/sam/drivers/usart/usart.o
 .debug_frame   0x00000b1c       0x64 src/initiate.o
 .debug_frame   0x00000b80      0x160 src/PYTHON480.o
 .debug_frame   0x00000ce0       0x5c src/SPI_BB_PYTHON480.o
 .debug_frame   0x00000d3c       0x50 src/time_tick_sam.o
 .debug_frame   0x00000d8c       0x20 src/ASF/common/services/delay/sam/cycle_counter.o
 .debug_frame   0x00000dac       0x88 src/ASF/common/services/clock/same70/sysclk.o
 .debug_frame   0x00000e34      0x494 src/ASF/sam/drivers/pmc/pmc.o
 .debug_frame   0x000012c8      0x23c src/ASF/sam/drivers/twihs/twihs.o
 .debug_frame   0x00001504       0x20 src/ASF/sam/drivers/xdmac/xdmac.o
 .debug_frame   0x00001524       0x20 src/ASF/common/boards/user_board/init.o
 .debug_frame   0x00001544       0x30 src/ASF/common/utils/interrupt/interrupt_sam_nvic.o
 .debug_frame   0x00001574       0x38 src/ASF/sam/utils/cmsis/same70/source/templates/gcc/startup_same70.o
 .debug_frame   0x000015ac       0x40 src/ASF/sam/utils/cmsis/same70/source/templates/system_same70.o
 .debug_frame   0x000015ec      0x2b4 src/main.o
 .debug_frame   0x000018a0       0x2c c:/program files (x86)/atmel/studio/7.0/toolchain/arm/arm-gnu-toolchain/bin/../lib/gcc/arm-none-eabi/6.3.1/../../../../arm-none-eabi/lib/thumb/v7e-m\libc.a(lib_a-init.o)
 .debug_frame   0x000018cc       0x34 c:/program files (x86)/atmel/studio/7.0/toolchain/arm/arm-gnu-toolchain/bin/../lib/gcc/arm-none-eabi/6.3.1/../../../../arm-none-eabi/lib/thumb/v7e-m\libc.a(lib_a-memset.o)
 .debug_frame   0x00001900       0x5c c:/program files (x86)/atmel/studio/7.0/toolchain/arm/arm-gnu-toolchain/bin/../lib/gcc/arm-none-eabi/6.3.1/../../../../arm-none-eabi/lib/thumb/v7e-m\libc.a(lib_a-__call_atexit.o)
 .debug_frame   0x0000195c       0x20 c:/program files (x86)/atmel/studio/7.0/toolchain/arm/arm-gnu-toolchain/bin/../lib/gcc/arm-none-eabi/6.3.1/../../../../arm-none-eabi/lib/thumb/v7e-m\libc.a(lib_a-atexit.o)
 .debug_frame   0x0000197c       0x34 c:/program files (x86)/atmel/studio/7.0/toolchain/arm/arm-gnu-toolchain/bin/../lib/gcc/arm-none-eabi/6.3.1/../../../../arm-none-eabi/lib/thumb/v7e-m\libc.a(lib_a-fini.o)
 .debug_frame   0x000019b0       0xb0 c:/program files (x86)/atmel/studio/7.0/toolchain/arm/arm-gnu-toolchain/bin/../lib/gcc/arm-none-eabi/6.3.1/../../../../arm-none-eabi/lib/thumb/v7e-m\libc.a(lib_a-lock.o)
 .debug_frame   0x00001a60       0x34 c:/program files (x86)/atmel/studio/7.0/toolchain/arm/arm-gnu-toolchain/bin/../lib/gcc/arm-none-eabi/6.3.1/../../../../arm-none-eabi/lib/thumb/v7e-m\libc.a(lib_a-__atexit.o)

Cross Reference Table

Symbol                                            File
ACC_Handler                                       src/ASF/sam/utils/cmsis/same70/source/templates/gcc/startup_same70.o
AES_Handler                                       src/ASF/sam/utils/cmsis/same70/source/templates/gcc/startup_same70.o
AFEC0_Handler                                     src/ASF/sam/utils/cmsis/same70/source/templates/gcc/startup_same70.o
AFEC1_Handler                                     src/ASF/sam/utils/cmsis/same70/source/templates/gcc/startup_same70.o
BusFault_Handler                                  src/ASF/sam/utils/cmsis/same70/source/templates/gcc/startup_same70.o
DACC_Handler                                      src/ASF/sam/utils/cmsis/same70/source/templates/gcc/startup_same70.o
DebugMon_Handler                                  src/ASF/sam/utils/cmsis/same70/source/templates/gcc/startup_same70.o
DisableE                                          src/PYTHON480.o
Disable_Seq                                       src/PYTHON480.o
Dummy_Handler                                     src/ASF/sam/utils/cmsis/same70/source/templates/gcc/startup_same70.o
EFC_Handler                                       src/ASF/sam/utils/cmsis/same70/source/templates/gcc/startup_same70.o
EnableSeq                                         src/PYTHON480.o
Enable_Black                                      src/PYTHON480.o
Enable_Clock_Management1                          src/PYTHON480.o
                                                  src/main.o
Enable_Clock_Management2                          src/PYTHON480.o
                                                  src/main.o
Enable_Gray                                       src/PYTHON480.o
Enable_Subsample                                  src/PYTHON480.o
                                                  src/main.o
GMAC_Handler                                      src/ASF/sam/utils/cmsis/same70/source/templates/gcc/startup_same70.o
HSMCI_Handler                                     src/ASF/sam/utils/cmsis/same70/source/templates/gcc/startup_same70.o
HardFault_Handler                                 src/ASF/sam/utils/cmsis/same70/source/templates/gcc/startup_same70.o
ICM_Handler                                       src/ASF/sam/utils/cmsis/same70/source/templates/gcc/startup_same70.o
ISI_Handler                                       src/ASF/sam/utils/cmsis/same70/source/templates/gcc/startup_same70.o
MCAN0_Handler                                     src/ASF/sam/utils/cmsis/same70/source/templates/gcc/startup_same70.o
MCAN1_Handler                                     src/ASF/sam/utils/cmsis/same70/source/templates/gcc/startup_same70.o
MemManage_Handler                                 src/ASF/sam/utils/cmsis/same70/source/templates/gcc/startup_same70.o
NMI_Handler                                       src/ASF/sam/utils/cmsis/same70/source/templates/gcc/startup_same70.o
NO_Subsample_ROI                                  src/PYTHON480.o
No_Transfer                                       src/PYTHON480.o
PIOA_Handler                                      src/main.o
                                                  src/ASF/sam/utils/cmsis/same70/source/templates/gcc/startup_same70.o
PIOB_Handler                                      src/ASF/sam/utils/cmsis/same70/source/templates/gcc/startup_same70.o
PIOD_Handler                                      src/ASF/sam/utils/cmsis/same70/source/templates/gcc/startup_same70.o
PMC_Handler                                       src/ASF/sam/utils/cmsis/same70/source/templates/gcc/startup_same70.o
PWM0_Handler                                      src/ASF/sam/utils/cmsis/same70/source/templates/gcc/startup_same70.o
PWM1_Handler                                      src/ASF/sam/utils/cmsis/same70/source/templates/gcc/startup_same70.o
PYTHON480_Init                                    src/main.o
PYTHON480_Pin_Setup                               src/main.o
PendSV_Handler                                    src/ASF/sam/utils/cmsis/same70/source/templates/gcc/startup_same70.o
QSPI_Handler                                      src/ASF/sam/utils/cmsis/same70/source/templates/gcc/startup_same70.o
ROI_Configuration                                 src/PYTHON480.o
                                                  src/main.o
RSTC_Handler                                      src/ASF/sam/utils/cmsis/same70/source/templates/gcc/startup_same70.o
RSWDT_Handler                                     src/ASF/sam/utils/cmsis/same70/source/templates/gcc/startup_same70.o
RTC_Handler                                       src/ASF/sam/utils/cmsis/same70/source/templates/gcc/startup_same70.o
RTT_Handler                                       src/ASF/sam/utils/cmsis/same70/source/templates/gcc/startup_same70.o
Required_Uploads                                  src/PYTHON480.o
                                                  src/main.o
Reset_Handler                                     src/ASF/sam/utils/cmsis/same70/source/templates/gcc/startup_same70.o
SDWriteNum                                        src/main.o
SD_Card_Write_Test                                src/main.o
SPI0_Handler                                      src/ASF/sam/utils/cmsis/same70/source/templates/gcc/startup_same70.o
SPI1_Handler                                      src/ASF/sam/utils/cmsis/same70/source/templates/gcc/startup_same70.o
SPI_BitBang_init                                  src/initiate.o
                                                  src/main.o
SPI_Read                                          src/SPI_BB_PYTHON480.o
                                                  src/main.o
SPI_Write                                         src/SPI_BB_PYTHON480.o
                                                  src/main.o
                                                  src/PYTHON480.o
SSC_Handler                                       src/ASF/sam/utils/cmsis/same70/source/templates/gcc/startup_same70.o
SUPC_Handler                                      src/ASF/sam/utils/cmsis/same70/source/templates/gcc/startup_same70.o
SVC_Handler                                       src/ASF/sam/utils/cmsis/same70/source/templates/gcc/startup_same70.o
Soft_PowerUp                                      src/PYTHON480.o
                                                  src/main.o
SysTick_Handler                                   src/time_tick_sam.o
SystemCoreClock                                   src/ASF/sam/utils/cmsis/same70/source/templates/system_same70.o
SystemCoreClockUpdate                             src/ASF/sam/utils/cmsis/same70/source/templates/system_same70.o
                                                  src/ASF/common/services/clock/same70/sysclk.o
SystemInit                                        src/ASF/sam/utils/cmsis/same70/source/templates/system_same70.o
TC0_Handler                                       src/ASF/sam/utils/cmsis/same70/source/templates/gcc/startup_same70.o
TC10_Handler                                      src/ASF/sam/utils/cmsis/same70/source/templates/gcc/startup_same70.o
TC11_Handler                                      src/ASF/sam/utils/cmsis/same70/source/templates/gcc/startup_same70.o
TC1_Handler                                       src/ASF/sam/utils/cmsis/same70/source/templates/gcc/startup_same70.o
TC2_Handler                                       src/ASF/sam/utils/cmsis/same70/source/templates/gcc/startup_same70.o
TC9_Handler                                       src/ASF/sam/utils/cmsis/same70/source/templates/gcc/startup_same70.o
TRNG_Handler                                      src/ASF/sam/utils/cmsis/same70/source/templates/gcc/startup_same70.o
TWIHS0_Handler                                    src/ASF/sam/utils/cmsis/same70/source/templates/gcc/startup_same70.o
TWIHS1_Handler                                    src/ASF/sam/utils/cmsis/same70/source/templates/gcc/startup_same70.o
TWIHS2_Handler                                    src/ASF/sam/utils/cmsis/same70/source/templates/gcc/startup_same70.o
TWIHS_init                                        src/initiate.o
                                                  src/main.o
Transfer                                          src/PYTHON480.o
UART0_Handler                                     src/ASF/sam/utils/cmsis/same70/source/templates/gcc/startup_same70.o
UART1_Handler                                     src/ASF/sam/utils/cmsis/same70/source/templates/gcc/startup_same70.o
UART2_Handler                                     src/ASF/sam/utils/cmsis/same70/source/templates/gcc/startup_same70.o
UART3_Handler                                     src/ASF/sam/utils/cmsis/same70/source/templates/gcc/startup_same70.o
UART4_Handler                                     src/ASF/sam/utils/cmsis/same70/source/templates/gcc/startup_same70.o
UARTRecBuff                                       src/main.o
USART0_Handler                                    src/ASF/sam/utils/cmsis/same70/source/templates/gcc/startup_same70.o
USART1_Handler                                    src/ASF/sam/utils/cmsis/same70/source/templates/gcc/startup_same70.o
USART2_Handler                                    src/main.o
                                                  src/ASF/sam/utils/cmsis/same70/source/templates/gcc/startup_same70.o
USART_init                                        src/initiate.o
                                                  src/main.o
USBHS_Handler                                     src/ASF/sam/utils/cmsis/same70/source/templates/gcc/startup_same70.o
UsageFault_Handler                                src/ASF/sam/utils/cmsis/same70/source/templates/gcc/startup_same70.o
WDT_Handler                                       src/ASF/sam/utils/cmsis/same70/source/templates/gcc/startup_same70.o
XDMAC_Handler                                     src/main.o
                                                  src/ASF/sam/utils/cmsis/same70/source/templates/gcc/startup_same70.o
_Jv_RegisterClasses                               c:/program files (x86)/atmel/studio/7.0/toolchain/arm/arm-gnu-toolchain/bin/../lib/gcc/arm-none-eabi/6.3.1/thumb/v7e-m/crtbegin.o
_PathLocale                                       c:/program files (x86)/atmel/studio/7.0/toolchain/arm/arm-gnu-toolchain/bin/../lib/gcc/arm-none-eabi/6.3.1/../../../../arm-none-eabi/lib/thumb/v7e-m\libc.a(lib_a-locale.o)
__aeabi_idiv0                                     c:/program files (x86)/atmel/studio/7.0/toolchain/arm/arm-gnu-toolchain/bin/../lib/gcc/arm-none-eabi/6.3.1/thumb/v7e-m\libgcc.a(_dvmd_tls.o)
__aeabi_ldiv0                                     c:/program files (x86)/atmel/studio/7.0/toolchain/arm/arm-gnu-toolchain/bin/../lib/gcc/arm-none-eabi/6.3.1/thumb/v7e-m\libgcc.a(_dvmd_tls.o)
                                                  c:/program files (x86)/atmel/studio/7.0/toolchain/arm/arm-gnu-toolchain/bin/../lib/gcc/arm-none-eabi/6.3.1/thumb/v7e-m\libgcc.a(_aeabi_uldivmod.o)
__aeabi_uldivmod                                  c:/program files (x86)/atmel/studio/7.0/toolchain/arm/arm-gnu-toolchain/bin/../lib/gcc/arm-none-eabi/6.3.1/thumb/v7e-m\libgcc.a(_aeabi_uldivmod.o)
                                                  c:/program files (x86)/atmel/studio/7.0/toolchain/arm/arm-gnu-toolchain/bin/../lib/gcc/arm-none-eabi/6.3.1/../../../../arm-none-eabi/lib/thumb/v7e-m\libc.a(lib_a-vfiprintf.o)
__ascii_mbtowc                                    c:/program files (x86)/atmel/studio/7.0/toolchain/arm/arm-gnu-toolchain/bin/../lib/gcc/arm-none-eabi/6.3.1/../../../../arm-none-eabi/lib/thumb/v7e-m\libc.a(lib_a-mbtowc_r.o)
                                                  c:/program files (x86)/atmel/studio/7.0/toolchain/arm/arm-gnu-toolchain/bin/../lib/gcc/arm-none-eabi/6.3.1/../../../../arm-none-eabi/lib/thumb/v7e-m\libc.a(lib_a-locale.o)
__ascii_wctomb                                    c:/program files (x86)/atmel/studio/7.0/toolchain/arm/arm-gnu-toolchain/bin/../lib/gcc/arm-none-eabi/6.3.1/../../../../arm-none-eabi/lib/thumb/v7e-m\libc.a(lib_a-wctomb_r.o)
                                                  c:/program files (x86)/atmel/studio/7.0/toolchain/arm/arm-gnu-toolchain/bin/../lib/gcc/arm-none-eabi/6.3.1/../../../../arm-none-eabi/lib/thumb/v7e-m\libc.a(lib_a-locale.o)
__atexit_recursive_mutex                          c:/program files (x86)/atmel/studio/7.0/toolchain/arm/arm-gnu-toolchain/bin/../lib/gcc/arm-none-eabi/6.3.1/../../../../arm-none-eabi/lib/thumb/v7e-m\libc.a(lib_a-__call_atexit.o)
                                                  c:/program files (x86)/atmel/studio/7.0/toolchain/arm/arm-gnu-toolchain/bin/../lib/gcc/arm-none-eabi/6.3.1/../../../../arm-none-eabi/lib/thumb/v7e-m\libc.a(lib_a-__atexit.o)
__bss_end__                                       c:/program files (x86)/atmel/studio/7.0/toolchain/arm/arm-gnu-toolchain/bin/../lib/gcc/arm-none-eabi/6.3.1/../../../../arm-none-eabi/lib/thumb/v7e-m/crt0.o
__bss_start__                                     c:/program files (x86)/atmel/studio/7.0/toolchain/arm/arm-gnu-toolchain/bin/../lib/gcc/arm-none-eabi/6.3.1/../../../../arm-none-eabi/lib/thumb/v7e-m/crt0.o
__call_exitprocs                                  c:/program files (x86)/atmel/studio/7.0/toolchain/arm/arm-gnu-toolchain/bin/../lib/gcc/arm-none-eabi/6.3.1/../../../../arm-none-eabi/lib/thumb/v7e-m\libc.a(lib_a-__call_atexit.o)
                                                  c:/program files (x86)/atmel/studio/7.0/toolchain/arm/arm-gnu-toolchain/bin/../lib/gcc/arm-none-eabi/6.3.1/../../../../arm-none-eabi/lib/thumb/v7e-m\libc.a(lib_a-exit.o)
__deregister_frame_info                           c:/program files (x86)/atmel/studio/7.0/toolchain/arm/arm-gnu-toolchain/bin/../lib/gcc/arm-none-eabi/6.3.1/thumb/v7e-m/crtbegin.o
__dso_handle                                      c:/program files (x86)/atmel/studio/7.0/toolchain/arm/arm-gnu-toolchain/bin/../lib/gcc/arm-none-eabi/6.3.1/thumb/v7e-m/crtbegin.o
__fini_array_end                                  c:/program files (x86)/atmel/studio/7.0/toolchain/arm/arm-gnu-toolchain/bin/../lib/gcc/arm-none-eabi/6.3.1/../../../../arm-none-eabi/lib/thumb/v7e-m\libc.a(lib_a-fini.o)
__fini_array_start                                c:/program files (x86)/atmel/studio/7.0/toolchain/arm/arm-gnu-toolchain/bin/../lib/gcc/arm-none-eabi/6.3.1/../../../../arm-none-eabi/lib/thumb/v7e-m\libc.a(lib_a-fini.o)
__fp_lock_all                                     c:/program files (x86)/atmel/studio/7.0/toolchain/arm/arm-gnu-toolchain/bin/../lib/gcc/arm-none-eabi/6.3.1/../../../../arm-none-eabi/lib/thumb/v7e-m\libc.a(lib_a-findfp.o)
__fp_unlock_all                                   c:/program files (x86)/atmel/studio/7.0/toolchain/arm/arm-gnu-toolchain/bin/../lib/gcc/arm-none-eabi/6.3.1/../../../../arm-none-eabi/lib/thumb/v7e-m\libc.a(lib_a-findfp.o)
__fputwc                                          c:/program files (x86)/atmel/studio/7.0/toolchain/arm/arm-gnu-toolchain/bin/../lib/gcc/arm-none-eabi/6.3.1/../../../../arm-none-eabi/lib/thumb/v7e-m\libc.a(lib_a-fputwc.o)
__global_locale                                   c:/program files (x86)/atmel/studio/7.0/toolchain/arm/arm-gnu-toolchain/bin/../lib/gcc/arm-none-eabi/6.3.1/../../../../arm-none-eabi/lib/thumb/v7e-m\libc.a(lib_a-locale.o)
                                                  c:/program files (x86)/atmel/studio/7.0/toolchain/arm/arm-gnu-toolchain/bin/../lib/gcc/arm-none-eabi/6.3.1/../../../../arm-none-eabi/lib/thumb/v7e-m\libc.a(lib_a-wctomb_r.o)
                                                  c:/program files (x86)/atmel/studio/7.0/toolchain/arm/arm-gnu-toolchain/bin/../lib/gcc/arm-none-eabi/6.3.1/../../../../arm-none-eabi/lib/thumb/v7e-m\libc.a(lib_a-wcrtomb.o)
                                                  c:/program files (x86)/atmel/studio/7.0/toolchain/arm/arm-gnu-toolchain/bin/../lib/gcc/arm-none-eabi/6.3.1/../../../../arm-none-eabi/lib/thumb/v7e-m\libc.a(lib_a-mbtowc_r.o)
__init_array_end                                  c:/program files (x86)/atmel/studio/7.0/toolchain/arm/arm-gnu-toolchain/bin/../lib/gcc/arm-none-eabi/6.3.1/../../../../arm-none-eabi/lib/thumb/v7e-m\libc.a(lib_a-init.o)
__init_array_start                                c:/program files (x86)/atmel/studio/7.0/toolchain/arm/arm-gnu-toolchain/bin/../lib/gcc/arm-none-eabi/6.3.1/../../../../arm-none-eabi/lib/thumb/v7e-m\libc.a(lib_a-init.o)
__libc_fini                                       c:/program files (x86)/atmel/studio/7.0/toolchain/arm/arm-gnu-toolchain/bin/../lib/gcc/arm-none-eabi/6.3.1/../../../../arm-none-eabi/lib/thumb/v7e-m\libc.a(lib_a-__call_atexit.o)
__libc_fini_array                                 c:/program files (x86)/atmel/studio/7.0/toolchain/arm/arm-gnu-toolchain/bin/../lib/gcc/arm-none-eabi/6.3.1/../../../../arm-none-eabi/lib/thumb/v7e-m\libc.a(lib_a-fini.o)
                                                  c:/program files (x86)/atmel/studio/7.0/toolchain/arm/arm-gnu-toolchain/bin/../lib/gcc/arm-none-eabi/6.3.1/../../../../arm-none-eabi/lib/thumb/v7e-m\libc.a(lib_a-__call_atexit.o)
                                                  c:/program files (x86)/atmel/studio/7.0/toolchain/arm/arm-gnu-toolchain/bin/../lib/gcc/arm-none-eabi/6.3.1/../../../../arm-none-eabi/lib/thumb/v7e-m/crt0.o
__libc_init_array                                 c:/program files (x86)/atmel/studio/7.0/toolchain/arm/arm-gnu-toolchain/bin/../lib/gcc/arm-none-eabi/6.3.1/../../../../arm-none-eabi/lib/thumb/v7e-m\libc.a(lib_a-init.o)
                                                  src/ASF/sam/utils/cmsis/same70/source/templates/gcc/startup_same70.o
                                                  c:/program files (x86)/atmel/studio/7.0/toolchain/arm/arm-gnu-toolchain/bin/../lib/gcc/arm-none-eabi/6.3.1/../../../../arm-none-eabi/lib/thumb/v7e-m/crt0.o
__locale_ctype_ptr                                c:/program files (x86)/atmel/studio/7.0/toolchain/arm/arm-gnu-toolchain/bin/../lib/gcc/arm-none-eabi/6.3.1/../../../../arm-none-eabi/lib/thumb/v7e-m\libc.a(lib_a-locale.o)
__locale_ctype_ptr_l                              c:/program files (x86)/atmel/studio/7.0/toolchain/arm/arm-gnu-toolchain/bin/../lib/gcc/arm-none-eabi/6.3.1/../../../../arm-none-eabi/lib/thumb/v7e-m\libc.a(lib_a-locale.o)
__locale_mb_cur_max                               c:/program files (x86)/atmel/studio/7.0/toolchain/arm/arm-gnu-toolchain/bin/../lib/gcc/arm-none-eabi/6.3.1/../../../../arm-none-eabi/lib/thumb/v7e-m\libc.a(lib_a-locale.o)
                                                  c:/program files (x86)/atmel/studio/7.0/toolchain/arm/arm-gnu-toolchain/bin/../lib/gcc/arm-none-eabi/6.3.1/../../../../arm-none-eabi/lib/thumb/v7e-m\libc.a(lib_a-fputwc.o)
__lock___arc4random_mutex                         c:/program files (x86)/atmel/studio/7.0/toolchain/arm/arm-gnu-toolchain/bin/../lib/gcc/arm-none-eabi/6.3.1/../../../../arm-none-eabi/lib/thumb/v7e-m\libc.a(lib_a-lock.o)
__lock___at_quick_exit_mutex                      c:/program files (x86)/atmel/studio/7.0/toolchain/arm/arm-gnu-toolchain/bin/../lib/gcc/arm-none-eabi/6.3.1/../../../../arm-none-eabi/lib/thumb/v7e-m\libc.a(lib_a-lock.o)
__lock___atexit_recursive_mutex                   c:/program files (x86)/atmel/studio/7.0/toolchain/arm/arm-gnu-toolchain/bin/../lib/gcc/arm-none-eabi/6.3.1/../../../../arm-none-eabi/lib/thumb/v7e-m\libc.a(lib_a-lock.o)
                                                  c:/program files (x86)/atmel/studio/7.0/toolchain/arm/arm-gnu-toolchain/bin/../lib/gcc/arm-none-eabi/6.3.1/../../../../arm-none-eabi/lib/thumb/v7e-m\libc.a(lib_a-__call_atexit.o)
__lock___dd_hash_mutex                            c:/program files (x86)/atmel/studio/7.0/toolchain/arm/arm-gnu-toolchain/bin/../lib/gcc/arm-none-eabi/6.3.1/../../../../arm-none-eabi/lib/thumb/v7e-m\libc.a(lib_a-lock.o)
__lock___env_recursive_mutex                      c:/program files (x86)/atmel/studio/7.0/toolchain/arm/arm-gnu-toolchain/bin/../lib/gcc/arm-none-eabi/6.3.1/../../../../arm-none-eabi/lib/thumb/v7e-m\libc.a(lib_a-lock.o)
__lock___malloc_recursive_mutex                   c:/program files (x86)/atmel/studio/7.0/toolchain/arm/arm-gnu-toolchain/bin/../lib/gcc/arm-none-eabi/6.3.1/../../../../arm-none-eabi/lib/thumb/v7e-m\libc.a(lib_a-lock.o)
                                                  c:/program files (x86)/atmel/studio/7.0/toolchain/arm/arm-gnu-toolchain/bin/../lib/gcc/arm-none-eabi/6.3.1/../../../../arm-none-eabi/lib/thumb/v7e-m\libc.a(lib_a-mlock.o)
__lock___sfp_recursive_mutex                      c:/program files (x86)/atmel/studio/7.0/toolchain/arm/arm-gnu-toolchain/bin/../lib/gcc/arm-none-eabi/6.3.1/../../../../arm-none-eabi/lib/thumb/v7e-m\libc.a(lib_a-lock.o)
                                                  c:/program files (x86)/atmel/studio/7.0/toolchain/arm/arm-gnu-toolchain/bin/../lib/gcc/arm-none-eabi/6.3.1/../../../../arm-none-eabi/lib/thumb/v7e-m\libc.a(lib_a-findfp.o)
__lock___sinit_recursive_mutex                    c:/program files (x86)/atmel/studio/7.0/toolchain/arm/arm-gnu-toolchain/bin/../lib/gcc/arm-none-eabi/6.3.1/../../../../arm-none-eabi/lib/thumb/v7e-m\libc.a(lib_a-lock.o)
                                                  c:/program files (x86)/atmel/studio/7.0/toolchain/arm/arm-gnu-toolchain/bin/../lib/gcc/arm-none-eabi/6.3.1/../../../../arm-none-eabi/lib/thumb/v7e-m\libc.a(lib_a-findfp.o)
__lock___tz_mutex                                 c:/program files (x86)/atmel/studio/7.0/toolchain/arm/arm-gnu-toolchain/bin/../lib/gcc/arm-none-eabi/6.3.1/../../../../arm-none-eabi/lib/thumb/v7e-m\libc.a(lib_a-lock.o)
__malloc_av_                                      c:/program files (x86)/atmel/studio/7.0/toolchain/arm/arm-gnu-toolchain/bin/../lib/gcc/arm-none-eabi/6.3.1/../../../../arm-none-eabi/lib/thumb/v7e-m\libc.a(lib_a-mallocr.o)
                                                  c:/program files (x86)/atmel/studio/7.0/toolchain/arm/arm-gnu-toolchain/bin/../lib/gcc/arm-none-eabi/6.3.1/../../../../arm-none-eabi/lib/thumb/v7e-m\libc.a(lib_a-reallocr.o)
                                                  c:/program files (x86)/atmel/studio/7.0/toolchain/arm/arm-gnu-toolchain/bin/../lib/gcc/arm-none-eabi/6.3.1/../../../../arm-none-eabi/lib/thumb/v7e-m\libc.a(lib_a-freer.o)
__malloc_current_mallinfo                         c:/program files (x86)/atmel/studio/7.0/toolchain/arm/arm-gnu-toolchain/bin/../lib/gcc/arm-none-eabi/6.3.1/../../../../arm-none-eabi/lib/thumb/v7e-m\libc.a(lib_a-mallocr.o)
                                                  c:/program files (x86)/atmel/studio/7.0/toolchain/arm/arm-gnu-toolchain/bin/../lib/gcc/arm-none-eabi/6.3.1/../../../../arm-none-eabi/lib/thumb/v7e-m\libc.a(lib_a-freer.o)
__malloc_lock                                     c:/program files (x86)/atmel/studio/7.0/toolchain/arm/arm-gnu-toolchain/bin/../lib/gcc/arm-none-eabi/6.3.1/../../../../arm-none-eabi/lib/thumb/v7e-m\libc.a(lib_a-mlock.o)
                                                  c:/program files (x86)/atmel/studio/7.0/toolchain/arm/arm-gnu-toolchain/bin/../lib/gcc/arm-none-eabi/6.3.1/../../../../arm-none-eabi/lib/thumb/v7e-m\libc.a(lib_a-reallocr.o)
                                                  c:/program files (x86)/atmel/studio/7.0/toolchain/arm/arm-gnu-toolchain/bin/../lib/gcc/arm-none-eabi/6.3.1/../../../../arm-none-eabi/lib/thumb/v7e-m\libc.a(lib_a-mallocr.o)
                                                  c:/program files (x86)/atmel/studio/7.0/toolchain/arm/arm-gnu-toolchain/bin/../lib/gcc/arm-none-eabi/6.3.1/../../../../arm-none-eabi/lib/thumb/v7e-m\libc.a(lib_a-freer.o)
__malloc_max_sbrked_mem                           c:/program files (x86)/atmel/studio/7.0/toolchain/arm/arm-gnu-toolchain/bin/../lib/gcc/arm-none-eabi/6.3.1/../../../../arm-none-eabi/lib/thumb/v7e-m\libc.a(lib_a-mallocr.o)
__malloc_max_total_mem                            c:/program files (x86)/atmel/studio/7.0/toolchain/arm/arm-gnu-toolchain/bin/../lib/gcc/arm-none-eabi/6.3.1/../../../../arm-none-eabi/lib/thumb/v7e-m\libc.a(lib_a-mallocr.o)
__malloc_sbrk_base                                c:/program files (x86)/atmel/studio/7.0/toolchain/arm/arm-gnu-toolchain/bin/../lib/gcc/arm-none-eabi/6.3.1/../../../../arm-none-eabi/lib/thumb/v7e-m\libc.a(lib_a-mallocr.o)
                                                  c:/program files (x86)/atmel/studio/7.0/toolchain/arm/arm-gnu-toolchain/bin/../lib/gcc/arm-none-eabi/6.3.1/../../../../arm-none-eabi/lib/thumb/v7e-m\libc.a(lib_a-freer.o)
__malloc_top_pad                                  c:/program files (x86)/atmel/studio/7.0/toolchain/arm/arm-gnu-toolchain/bin/../lib/gcc/arm-none-eabi/6.3.1/../../../../arm-none-eabi/lib/thumb/v7e-m\libc.a(lib_a-mallocr.o)