Archive member included to satisfy reference by file (symbol)

c:/program files (x86)/atmel/studio/7.0/toolchain/arm/arm-gnu-toolchain/bin/../lib/gcc/arm-none-eabi/6.3.1/thumb/v7e-m\libgcc.a(_aeabi_uldivmod.o)
                              hpl/sdhc/hpl_sdhc.o (__aeabi_uldivmod)
c:/program files (x86)/atmel/studio/7.0/toolchain/arm/arm-gnu-toolchain/bin/../lib/gcc/arm-none-eabi/6.3.1/thumb/v7e-m\libgcc.a(_udivmoddi4.o)
                              c:/program files (x86)/atmel/studio/7.0/toolchain/arm/arm-gnu-toolchain/bin/../lib/gcc/arm-none-eabi/6.3.1/thumb/v7e-m\libgcc.a(_aeabi_uldivmod.o) (__udivmoddi4)
c:/program files (x86)/atmel/studio/7.0/toolchain/arm/arm-gnu-toolchain/bin/../lib/gcc/arm-none-eabi/6.3.1/thumb/v7e-m\libgcc.a(_dvmd_tls.o)
                              c:/program files (x86)/atmel/studio/7.0/toolchain/arm/arm-gnu-toolchain/bin/../lib/gcc/arm-none-eabi/6.3.1/thumb/v7e-m\libgcc.a(_aeabi_uldivmod.o) (__aeabi_ldiv0)
c:/program files (x86)/atmel/studio/7.0/toolchain/arm/arm-gnu-toolchain/bin/../lib/gcc/arm-none-eabi/6.3.1/../../../../arm-none-eabi/lib/thumb/v7e-m\libc_nano.a(lib_a-exit.o)
                              c:/program files (x86)/atmel/studio/7.0/toolchain/arm/arm-gnu-toolchain/bin/../lib/gcc/arm-none-eabi/6.3.1/../../../../arm-none-eabi/lib/thumb/v7e-m/crt0.o (exit)
c:/program files (x86)/atmel/studio/7.0/toolchain/arm/arm-gnu-toolchain/bin/../lib/gcc/arm-none-eabi/6.3.1/../../../../arm-none-eabi/lib/thumb/v7e-m\libc_nano.a(lib_a-impure.o)
                              c:/program files (x86)/atmel/studio/7.0/toolchain/arm/arm-gnu-toolchain/bin/../lib/gcc/arm-none-eabi/6.3.1/../../../../arm-none-eabi/lib/thumb/v7e-m\libc_nano.a(lib_a-exit.o) (_global_impure_ptr)
c:/program files (x86)/atmel/studio/7.0/toolchain/arm/arm-gnu-toolchain/bin/../lib/gcc/arm-none-eabi/6.3.1/../../../../arm-none-eabi/lib/thumb/v7e-m\libc_nano.a(lib_a-init.o)
                              c:/program files (x86)/atmel/studio/7.0/toolchain/arm/arm-gnu-toolchain/bin/../lib/gcc/arm-none-eabi/6.3.1/../../../../arm-none-eabi/lib/thumb/v7e-m/crt0.o (__libc_init_array)
c:/program files (x86)/atmel/studio/7.0/toolchain/arm/arm-gnu-toolchain/bin/../lib/gcc/arm-none-eabi/6.3.1/../../../../arm-none-eabi/lib/thumb/v7e-m\libc_nano.a(lib_a-memset.o)
                              c:/program files (x86)/atmel/studio/7.0/toolchain/arm/arm-gnu-toolchain/bin/../lib/gcc/arm-none-eabi/6.3.1/../../../../arm-none-eabi/lib/thumb/v7e-m/crt0.o (memset)
c:/program files (x86)/atmel/studio/7.0/toolchain/arm/arm-gnu-toolchain/bin/../lib/gcc/arm-none-eabi/6.3.1/../../../../arm-none-eabi/lib/thumb/v7e-m\libc_nano.a(lib_a-printf.o)
                              hal/utils/src/utils_syscalls.o (printf)
c:/program files (x86)/atmel/studio/7.0/toolchain/arm/arm-gnu-toolchain/bin/../lib/gcc/arm-none-eabi/6.3.1/../../../../arm-none-eabi/lib/thumb/v7e-m\libc_nano.a(lib_a-findfp.o)
                              c:/program files (x86)/atmel/studio/7.0/toolchain/arm/arm-gnu-toolchain/bin/../lib/gcc/arm-none-eabi/6.3.1/../../../../arm-none-eabi/lib/thumb/v7e-m\libc_nano.a(lib_a-printf.o) (__sinit)
c:/program files (x86)/atmel/studio/7.0/toolchain/arm/arm-gnu-toolchain/bin/../lib/gcc/arm-none-eabi/6.3.1/../../../../arm-none-eabi/lib/thumb/v7e-m\libc_nano.a(lib_a-fwalk.o)
                              c:/program files (x86)/atmel/studio/7.0/toolchain/arm/arm-gnu-toolchain/bin/../lib/gcc/arm-none-eabi/6.3.1/../../../../arm-none-eabi/lib/thumb/v7e-m\libc_nano.a(lib_a-findfp.o) (_fwalk)
c:/program files (x86)/atmel/studio/7.0/toolchain/arm/arm-gnu-toolchain/bin/../lib/gcc/arm-none-eabi/6.3.1/../../../../arm-none-eabi/lib/thumb/v7e-m\libc_nano.a(lib_a-nano-mallocr.o)
                              c:/program files (x86)/atmel/studio/7.0/toolchain/arm/arm-gnu-toolchain/bin/../lib/gcc/arm-none-eabi/6.3.1/../../../../arm-none-eabi/lib/thumb/v7e-m\libc_nano.a(lib_a-findfp.o) (_malloc_r)
c:/program files (x86)/atmel/studio/7.0/toolchain/arm/arm-gnu-toolchain/bin/../lib/gcc/arm-none-eabi/6.3.1/../../../../arm-none-eabi/lib/thumb/v7e-m\libc_nano.a(lib_a-nano-vfprintf.o)
                              c:/program files (x86)/atmel/studio/7.0/toolchain/arm/arm-gnu-toolchain/bin/../lib/gcc/arm-none-eabi/6.3.1/../../../../arm-none-eabi/lib/thumb/v7e-m\libc_nano.a(lib_a-printf.o) (_vfprintf_r)
c:/program files (x86)/atmel/studio/7.0/toolchain/arm/arm-gnu-toolchain/bin/../lib/gcc/arm-none-eabi/6.3.1/../../../../arm-none-eabi/lib/thumb/v7e-m\libc_nano.a(lib_a-nano-vfprintf_i.o)
                              c:/program files (x86)/atmel/studio/7.0/toolchain/arm/arm-gnu-toolchain/bin/../lib/gcc/arm-none-eabi/6.3.1/../../../../arm-none-eabi/lib/thumb/v7e-m\libc_nano.a(lib_a-nano-vfprintf.o) (_printf_i)
c:/program files (x86)/atmel/studio/7.0/toolchain/arm/arm-gnu-toolchain/bin/../lib/gcc/arm-none-eabi/6.3.1/../../../../arm-none-eabi/lib/thumb/v7e-m\libc_nano.a(lib_a-sbrkr.o)
[...]
Memory Configuration

Name             Origin             Length             Attributes
rom              0x00000000         0x00100000         xr
ram              0x20000000         0x00040000         xrw
bkupram          0x47000000         0x00002000         xrw
qspi             0x04000000         0x01000000         xrw
*default*        0x00000000         0xffffffff

Linker script and memory map

LOAD c:/program files (x86)/atmel/studio/7.0/toolchain/arm/arm-gnu-toolchain/bin/../lib/gcc/arm-none-eabi/6.3.1/thumb/v7e-m/crti.o
LOAD c:/program files (x86)/atmel/studio/7.0/toolchain/arm/arm-gnu-toolchain/bin/../lib/gcc/arm-none-eabi/6.3.1/thumb/v7e-m/crtbegin.o
LOAD c:/program files (x86)/atmel/studio/7.0/toolchain/arm/arm-gnu-toolchain/bin/../lib/gcc/arm-none-eabi/6.3.1/../../../../arm-none-eabi/lib/thumb/v7e-m/crt0.o
LOAD atmel_start.o
LOAD Device_Startup/startup_samd51.o
LOAD Device_Startup/system_samd51.o
LOAD driver_init.o
LOAD examples/driver_examples.o
LOAD hal/src/hal_adc_sync.o
LOAD hal/src/hal_atomic.o
LOAD hal/src/hal_cache.o
LOAD hal/src/hal_camera_async.o
LOAD hal/src/hal_delay.o
LOAD hal/src/hal_ext_irq.o
LOAD hal/src/hal_gpio.o
LOAD hal/src/hal_init.o
LOAD hal/src/hal_io.o
LOAD hal/src/hal_mci_sync.o
LOAD hal/src/hal_pwm.o
LOAD hal/src/hal_sleep.o
LOAD hal/src/hal_timer.o
LOAD hal/utils/src/utils_assert.o
LOAD hal/utils/src/utils_event.o
LOAD hal/utils/src/utils_list.o
LOAD hal/utils/src/utils_syscalls.o
LOAD hpl/adc/hpl_adc.o
LOAD hpl/cmcc/hpl_cmcc.o
LOAD hpl/core/hpl_core_m4.o
LOAD hpl/core/hpl_init.o
LOAD hpl/dmac/hpl_dmac.o
LOAD hpl/eic/hpl_eic.o
LOAD hpl/gclk/hpl_gclk.o
LOAD hpl/mclk/hpl_mclk.o
LOAD hpl/osc32kctrl/hpl_osc32kctrl.o
LOAD hpl/oscctrl/hpl_oscctrl.o
LOAD hpl/pcc/hpl_pcc.o
LOAD hpl/pm/hpl_pm.o
LOAD hpl/ramecc/hpl_ramecc.o
LOAD hpl/sdhc/hpl_sdhc.o
LOAD hpl/systick/hpl_systick.o
LOAD hpl/tc/hpl_tc.o
LOAD i2c_bb.o
LOAD main.o
LOAD sd_mmc/sd_mmc.o
LOAD sd_mmc_start.o
START GROUP
LOAD c:/program files (x86)/atmel/studio/7.0/toolchain/arm/arm-gnu-toolchain/bin/../lib/gcc/arm-none-eabi/6.3.1/../../../../arm-none-eabi/lib/thumb/v7e-m\libm.a
END GROUP
START GROUP
LOAD c:/program files (x86)/atmel/studio/7.0/toolchain/arm/arm-gnu-toolchain/bin/../lib/gcc/arm-none-eabi/6.3.1/thumb/v7e-m\libgcc.a
LOAD c:/program files (x86)/atmel/studio/7.0/toolchain/arm/arm-gnu-toolchain/bin/../lib/gcc/arm-none-eabi/6.3.1/../../../../arm-none-eabi/lib/thumb/v7e-m\libc_nano.a
END GROUP
START GROUP
LOAD c:/program files (x86)/atmel/studio/7.0/toolchain/arm/arm-gnu-toolchain/bin/../lib/gcc/arm-none-eabi/6.3.1/thumb/v7e-m\libgcc.a
LOAD c:/program files (x86)/atmel/studio/7.0/toolchain/arm/arm-gnu-toolchain/bin/../lib/gcc/arm-none-eabi/6.3.1/../../../../arm-none-eabi/lib/thumb/v7e-m\libc_nano.a
END GROUP
LOAD c:/program files (x86)/atmel/studio/7.0/toolchain/arm/arm-gnu-toolchain/bin/../lib/gcc/arm-none-eabi/6.3.1/thumb/v7e-m/crtend.o
LOAD c:/program files (x86)/atmel/studio/7.0/toolchain/arm/arm-gnu-toolchain/bin/../lib/gcc/arm-none-eabi/6.3.1/thumb/v7e-m/crtn.o
                0x00010000                STACK_SIZE = DEFINED (STACK_SIZE)?STACK_SIZE:DEFINED (__stack_size__)?__stack_size__:0x10000

.text           0x00000000     0x4180
                0x00000000                . = ALIGN (0x4)
                0x00000000                _sfixed = .
 *(.vectors .vectors.*)
 .vectors       0x00000000      0x264 Device_Startup/startup_samd51.o
                0x00000000                exception_table
 *(.text .text.* .gnu.linkonce.t.*)
 .text          0x00000264       0x6c c:/program files (x86)/atmel/studio/7.0/toolchain/arm/arm-gnu-toolchain/bin/../lib/gcc/arm-none-eabi/6.3.1/thumb/v7e-m/crtbegin.o
 .text.atmel_start_init
                0x000002d0       0x18 atmel_start.o
                0x000002d0                atmel_start_init
 .text.Dummy_Handler
                0x000002e8        0x2 Device_Startup/startup_samd51.o
                0x000002e8                EIC_5_Handler
                0x000002e8                SVCall_Handler
                0x000002e8                SERCOM0_2_Handler
                0x000002e8                EIC_13_Handler
                0x000002e8                EVSYS_0_Handler
                0x000002e8                TCC1_3_Handler
                0x000002e8                DAC_3_Handler
                0x000002e8                TRNG_Handler
                0x000002e8                HardFault_Handler
                0x000002e8                TC2_Handler
                0x000002e8                PDEC_2_Handler
                0x000002e8                EIC_4_Handler
                0x000002e8                AC_Handler
                0x000002e8                SERCOM3_1_Handler
                0x000002e8                SysTick_Handler
                0x000002e8                TCC2_3_Handler
                0x000002e8                SERCOM3_2_Handler
                0x000002e8                PendSV_Handler
                0x000002e8                ADC1_1_Handler
                0x000002e8                EVSYS_3_Handler
                0x000002e8                PDEC_0_Handler
                0x000002e8                QSPI_Handler
                0x000002e8                NonMaskableInt_Handler
                0x000002e8                TCC0_0_Handler
                0x000002e8                EIC_3_Handler
                0x000002e8                MemManagement_Handler
                0x000002e8                DAC_2_Handler
                0x000002e8                SERCOM0_0_Handler
                0x000002e8                RTC_Handler
                0x000002e8                UsageFault_Handler
                0x000002e8                SERCOM4_0_Handler
                0x000002e8                EIC_10_Handler
                0x000002e8                SERCOM0_3_Handler
                0x000002e8                EIC_11_Handler
                0x000002e8                OSC32KCTRL_Handler
                0x000002e8                TCC2_1_Handler
                0x000002e8                SUPC_1_Handler
                0x000002e8                TCC0_5_Handler
                0x000002e8                TCC0_6_Handler
                0x000002e8                EVSYS_1_Handler
                0x000002e8                TCC1_4_Handler
                0x000002e8                WDT_Handler
                0x000002e8                EIC_8_Handler
                0x000002e8                EIC_15_Handler
                0x000002e8                SERCOM5_0_Handler
                0x000002e8                TC4_Handler
                0x000002e8                OSCCTRL_4_Handler
                0x000002e8                SERCOM4_3_Handler
                0x000002e8                EIC_12_Handler
                0x000002e8                TCC4_2_Handler
                0x000002e8                PAC_Handler
                0x000002e8                TCC1_0_Handler
                0x000002e8                USB_0_Handler
                0x000002e8                OSCCTRL_0_Handler
                0x000002e8                EIC_0_Handler
                0x000002e8                OSCCTRL_3_Handler
                0x000002e8                SERCOM4_1_Handler
                0x000002e8                TC3_Handler
                0x000002e8                Dummy_Handler
                0x000002e8                TCC3_0_Handler
                0x000002e8                TCC2_2_Handler
                0x000002e8                SERCOM5_1_Handler
                0x000002e8                TCC1_1_Handler
                0x000002e8                ADC0_0_Handler
                0x000002e8                SERCOM0_1_Handler
                0x000002e8                OSCCTRL_2_Handler
                0x000002e8                ADC1_0_Handler
                0x000002e8                TCC1_2_Handler
                0x000002e8                USB_1_Handler
                0x000002e8                PM_Handler
                0x000002e8                SERCOM2_3_Handler
                0x000002e8                DAC_4_Handler
                0x000002e8                TCC3_2_Handler
                0x000002e8                TCC0_2_Handler
                0x000002e8                TCC4_0_Handler
                0x000002e8                USB_3_Handler
                0x000002e8                TCC2_0_Handler
                0x000002e8                PDEC_1_Handler
                0x000002e8                TCC4_1_Handler
                0x000002e8                SERCOM5_3_Handler
                0x000002e8                USB_2_Handler
                0x000002e8                SDHC0_Handler
                0x000002e8                SERCOM1_1_Handler
                0x000002e8                I2S_Handler
                0x000002e8                EIC_2_Handler
                0x000002e8                DAC_0_Handler
                0x000002e8                TCC0_1_Handler
                0x000002e8                SERCOM1_3_Handler
                0x000002e8                OSCCTRL_1_Handler
                0x000002e8                SERCOM1_0_Handler
                0x000002e8                PUKCC_Handler
                0x000002e8                SERCOM2_1_Handler
                0x000002e8                SERCOM1_2_Handler
                0x000002e8                SERCOM3_0_Handler
                0x000002e8                EIC_1_Handler
                0x000002e8                SERCOM4_2_Handler
                0x000002e8                EVSYS_4_Handler
                0x000002e8                NVMCTRL_1_Handler
                0x000002e8                SERCOM5_2_Handler
                0x000002e8                SERCOM3_3_Handler
                0x000002e8                ADC0_1_Handler
                0x000002e8                SERCOM2_2_Handler
                0x000002e8                TCC3_1_Handler
                0x000002e8                DAC_1_Handler
                0x000002e8                NVMCTRL_0_Handler
                0x000002e8                MCLK_Handler
                0x000002e8                EVSYS_2_Handler
                0x000002e8                SUPC_0_Handler
                0x000002e8                BusFault_Handler
                0x000002e8                FREQM_Handler
                0x000002e8                TCC0_3_Handler
                0x000002e8                DebugMonitor_Handler
                0x000002e8                TCC0_4_Handler
                0x000002e8                TC5_Handler
                0x000002e8                SERCOM2_0_Handler
                0x000002e8                AES_Handler
                0x000002e8                ICM_Handler
 *fill*         0x000002ea        0x2 
 .text.Reset_Handler
                0x000002ec       0x78 Device_Startup/startup_samd51.o
                0x000002ec                Reset_Handler
 .text._gpio_set_pin_function
                0x00000364       0x68 driver_init.o
 .text.gpio_set_pin_direction
                0x000003cc       0x68 driver_init.o
 .text.ADC_0_PORT_init
                0x00000434       0x24 driver_init.o
                0x00000434                ADC_0_PORT_init
 .text.ADC_0_CLOCK_init
                0x00000458       0x1c driver_init.o
                0x00000458                ADC_0_CLOCK_init
 .text.ADC_0_init
                0x00000474       0x2c driver_init.o
                0x00000474                ADC_0_init
 .text.EXTERNAL_IRQ_0_init
                0x000004a0       0xa4 driver_init.o
                0x000004a0                EXTERNAL_IRQ_0_init
 .text.CAMERA_0_PORT_init
                0x00000544       0x7c driver_init.o
                0x00000544                CAMERA_0_PORT_init
 .text.CAMERA_0_CLOCK_init
                0x000005c0       0x10 driver_init.o
                0x000005c0                CAMERA_0_CLOCK_init
 .text.CAMERA_0_init
                0x000005d0       0x2c driver_init.o
                0x000005d0                CAMERA_0_init
 .text.IO_BUS_PORT_init
                0x000005fc       0xe4 driver_init.o
                0x000005fc                IO_BUS_PORT_init
 .text.IO_BUS_CLOCK_init
                0x000006e0       0x20 driver_init.o
                0x000006e0                IO_BUS_CLOCK_init
 .text.IO_BUS_init
                0x00000700       0x28 driver_init.o
                0x00000700                IO_BUS_init
 .text.delay_driver_init
                0x00000728       0x10 driver_init.o
                0x00000728                delay_driver_init
 .text.PWM_0_PORT_init
                0x00000738       0x10 driver_init.o
                0x00000738                PWM_0_PORT_init
 .text.PWM_0_CLOCK_init
                0x00000748       0x1c driver_init.o
                0x00000748                PWM_0_CLOCK_init
 .text.PWM_0_init
                0x00000764       0x34 driver_init.o
                0x00000764                PWM_0_init
 .text.system_init
                0x00000798      0x1f4 driver_init.o
                0x00000798                system_init
 .text.adc_sync_init
                0x0000098c        0x8 hal/src/hal_adc_sync.o
                0x0000098c                adc_sync_init
 .text.adc_sync_enable_channel
                0x00000994       0x10 hal/src/hal_adc_sync.o
                0x00000994                adc_sync_enable_channel
 .text.adc_sync_read_channel
                0x000009a4       0x6c hal/src/hal_adc_sync.o
                0x000009a4                adc_sync_read_channel
 .text.atomic_enter_critical
                0x00000a10        0xe hal/src/hal_atomic.o
                0x00000a10                atomic_enter_critical
 .text.atomic_leave_critical
                0x00000a1e        0xc hal/src/hal_atomic.o
                0x00000a1e                atomic_leave_critical
 .text.camera_async_capture_done
                0x00000a2a        0x8 hal/src/hal_camera_async.o
 *fill*         0x00000a32        0x2 
 .text.camera_async_init
                0x00000a34       0x18 hal/src/hal_camera_async.o
                0x00000a34                camera_async_init
 .text.delay_init
                0x00000a4c       0x10 hal/src/hal_delay.o
                0x00000a4c                delay_init
 .text.delay_us
                0x00000a5c       0x24 hal/src/hal_delay.o
                0x00000a5c                delay_us
 .text.delay_ms
                0x00000a80       0x24 hal/src/hal_delay.o
                0x00000a80                delay_ms
 .text.process_ext_irq
                0x00000aa4       0x40 hal/src/hal_ext_irq.o
 .text.ext_irq_init
                0x00000ae4       0x2c hal/src/hal_ext_irq.o
                0x00000ae4                ext_irq_init
 .text.ext_irq_register
                0x00000b10       0x84 hal/src/hal_ext_irq.o
                0x00000b10                ext_irq_register
 .text.mci_sync_init
                0x00000b94        0x8 hal/src/hal_mci_sync.o
                0x00000b94                mci_sync_init
 .text.mci_sync_select_device
                0x00000b9c       0x18 hal/src/hal_mci_sync.o
                0x00000b9c                mci_sync_select_device
 .text.mci_sync_deselect_device
                0x00000bb4        0x8 hal/src/hal_mci_sync.o
                0x00000bb4                mci_sync_deselect_device
 .text.mci_sync_get_bus_width
                0x00000bbc        0x8 hal/src/hal_mci_sync.o
                0x00000bbc                mci_sync_get_bus_width
 .text.mci_sync_is_high_speed_capable
                0x00000bc4        0x8 hal/src/hal_mci_sync.o
                0x00000bc4                mci_sync_is_high_speed_capable
 .text.mci_sync_send_clock
                0x00000bcc        0x8 hal/src/hal_mci_sync.o
                0x00000bcc                mci_sync_send_clock
 .text.mci_sync_send_cmd
                0x00000bd4        0x8 hal/src/hal_mci_sync.o
                0x00000bd4                mci_sync_send_cmd
 .text.mci_sync_get_response
                0x00000bdc        0x8 hal/src/hal_mci_sync.o
                0x00000bdc                mci_sync_get_response
 .text.mci_sync_get_response_128
                0x00000be4        0x8 hal/src/hal_mci_sync.o
                0x00000be4                mci_sync_get_response_128
 .text.mci_send_cmd_execute
                0x00000bec       0x10 hal/src/hal_mci_sync.o
                0x00000bec                mci_send_cmd_execute
 .text.mci_sync_adtc_start
                0x00000bfc       0x1c hal/src/hal_mci_sync.o
                0x00000bfc                mci_sync_adtc_start
 .text.mci_sync_start_read_blocks
                0x00000c18        0x8 hal/src/hal_mci_sync.o
                0x00000c18                mci_sync_start_read_blocks
 .text.mci_sync_start_write_blocks
                0x00000c20        0x8 hal/src/hal_mci_sync.o
                0x00000c20                mci_sync_start_write_blocks
 .text.mci_sync_wait_end_of_read_blocks
                0x00000c28        0x8 hal/src/hal_mci_sync.o
                0x00000c28                mci_sync_wait_end_of_read_blocks
 .text.mci_sync_wait_end_of_write_blocks
                0x00000c30        0x8 hal/src/hal_mci_sync.o
                0x00000c30                mci_sync_wait_end_of_write_blocks
 .text.pwm_period_expired
                0x00000c38        0x8 hal/src/hal_pwm.o
 .text.pwm_detect_fault
                0x00000c40        0x8 hal/src/hal_pwm.o
 .text.pwm_init
                0x00000c48       0x20 hal/src/hal_pwm.o
                0x00000c48                pwm_init
 .text.pwm_enable
                0x00000c68       0x24 hal/src/hal_pwm.o
                0x00000c68                pwm_enable
 .text.pwm_set_parameters
                0x00000c8c       0x10 hal/src/hal_pwm.o
                0x00000c8c                pwm_set_parameters
 .text.timer_add_timer_task
                0x00000c9c       0x4c hal/src/hal_timer.o
 .text.timer_process_counted
                0x00000ce8       0x6c hal/src/hal_timer.o
 .text.timer_init
                0x00000d54       0x1c hal/src/hal_timer.o
                0x00000d54                timer_init
 .text.timer_start
                0x00000d70       0x24 hal/src/hal_timer.o
                0x00000d70                timer_start
 .text.timer_add_task
                0x00000d94       0x7c hal/src/hal_timer.o
                0x00000d94                timer_add_task
 .text.is_list_element
                0x00000e10        0xe hal/utils/src/utils_list.o
                0x00000e10                is_list_element
 .text.list_insert_as_head
                0x00000e1e        0x8 hal/utils/src/utils_list.o
                0x00000e1e                list_insert_as_head
 .text.list_insert_after
                0x00000e26        0x8 hal/utils/src/utils_list.o
                0x00000e26                list_insert_after
 .text.list_remove_head
                0x00000e2e        0xc hal/utils/src/utils_list.o
                0x00000e2e                list_remove_head
 .text.hri_adc_wait_for_sync
                0x00000e3a        0x8 hpl/adc/hpl_adc.o
 *fill*         0x00000e42        0x2 
 .text.hri_adc_set_CTRLA_ENABLE_bit
                0x00000e44       0x14 hpl/adc/hpl_adc.o
 .text.hri_adc_clear_CTRLA_ENABLE_bit
                0x00000e58       0x18 hpl/adc/hpl_adc.o
 .text._adc_get_regs
                0x00000e70        0x4 hpl/adc/hpl_adc.o
 .text._adc_init
                0x00000e74      0x11c hpl/adc/hpl_adc.o
 .text._adc_sync_init
                0x00000f90       0x20 hpl/adc/hpl_adc.o
                0x00000f90                _adc_sync_init
 .text._adc_sync_enable_channel
                0x00000fb0        0xc hpl/adc/hpl_adc.o
                0x00000fb0                _adc_sync_enable_channel
 .text._adc_sync_get_data_size
                0x00000fbc       0x12 hpl/adc/hpl_adc.o
                0x00000fbc                _adc_sync_get_data_size
 .text._adc_sync_is_channel_conversion_done
                0x00000fce        0xc hpl/adc/hpl_adc.o
                0x00000fce                _adc_sync_is_channel_conversion_done
 *fill*         0x00000fda        0x2 
 .text._adc_sync_convert
                0x00000fdc       0x18 hpl/adc/hpl_adc.o
                0x00000fdc                _adc_sync_convert
 .text._adc_sync_read_channel_data
                0x00000ff4        0xa hpl/adc/hpl_adc.o
                0x00000ff4                _adc_sync_read_channel_data
 *fill*         0x00000ffe        0x2 
 .text._irq_set
                0x00001000       0x1c hpl/core/hpl_core_m4.o
                0x00001000                _irq_set
 .text._get_cycles_for_us
                0x0000101c       0x12 hpl/core/hpl_core_m4.o
                0x0000101c                _get_cycles_for_us
 .text._get_cycles_for_ms
                0x0000102e        0x8 hpl/core/hpl_core_m4.o
                0x0000102e                _get_cycles_for_ms
 *fill*         0x00001036        0x2 
 .text._init_chip
                0x00001038       0x58 hpl/core/hpl_init.o
                0x00001038                _init_chip
 .text._dmac_handler
                0x00001090       0x4c hpl/dmac/hpl_dmac.o
 .text._dma_init
                0x000010dc       0xcc hpl/dmac/hpl_dmac.o
                0x000010dc                _dma_init
 .text._dma_set_destination_address
                0x000011a8       0x10 hpl/dmac/hpl_dmac.o
                0x000011a8                _dma_set_destination_address
 .text._dma_set_source_address
                0x000011b8       0x10 hpl/dmac/hpl_dmac.o
                0x000011b8                _dma_set_source_address
 .text._dma_set_BTCTRL
                0x000011c8       0x10 hpl/dmac/hpl_dmac.o
                0x000011c8                _dma_set_BTCTRL
 .text._dma_set_DESCADDR
                0x000011d8       0x10 hpl/dmac/hpl_dmac.o
                0x000011d8                _dma_set_DESCADDR
 .text._dma_get_WRB_data
                0x000011e8       0x10 hpl/dmac/hpl_dmac.o
                0x000011e8                _dma_get_WRB_data
 .text._dma_set_data_amount
                0x000011f8       0x44 hpl/dmac/hpl_dmac.o
                0x000011f8                _dma_set_data_amount
 .text._dma_enable_transaction
                0x0000123c       0x3c hpl/dmac/hpl_dmac.o
                0x0000123c                _dma_enable_transaction
 .text._dma_get_channel_resource
                0x00001278       0x14 hpl/dmac/hpl_dmac.o
                0x00001278                _dma_get_channel_resource
 .text.DMAC_0_Handler
                0x0000128c        0x8 hpl/dmac/hpl_dmac.o
                0x0000128c                DMAC_0_Handler
 .text.DMAC_1_Handler
                0x00001294        0x8 hpl/dmac/hpl_dmac.o
                0x00001294                DMAC_1_Handler
 .text.DMAC_2_Handler
                0x0000129c        0x8 hpl/dmac/hpl_dmac.o
                0x0000129c                DMAC_2_Handler
 .text.DMAC_3_Handler
                0x000012a4        0x8 hpl/dmac/hpl_dmac.o
                0x000012a4                DMAC_3_Handler
 .text.DMAC_4_Handler
                0x000012ac        0x8 hpl/dmac/hpl_dmac.o
                0x000012ac                DMAC_4_Handler
 .text._ext_irq_handler
                0x000012b4       0x8c hpl/eic/hpl_eic.o
 .text.hri_eic_wait_for_sync.constprop.6
                0x00001340       0x10 hpl/eic/hpl_eic.o
 .text._ext_irq_init
                0x00001350       0xe0 hpl/eic/hpl_eic.o
                0x00001350                _ext_irq_init
 .text._ext_irq_enable
                0x00001430       0x4c hpl/eic/hpl_eic.o
                0x00001430                _ext_irq_enable
 .text.EIC_6_Handler
                0x0000147c        0x8 hpl/eic/hpl_eic.o
                0x0000147c                EIC_6_Handler
 .text.EIC_7_Handler
                0x00001484        0x8 hpl/eic/hpl_eic.o
                0x00001484                EIC_7_Handler
 .text.EIC_9_Handler
                0x0000148c        0x8 hpl/eic/hpl_eic.o
                0x0000148c                EIC_9_Handler
 .text.EIC_14_Handler
                0x00001494        0x8 hpl/eic/hpl_eic.o
                0x00001494                EIC_14_Handler
 .text.hri_gclk_wait_for_sync.constprop.0
                0x0000149c       0x14 hpl/gclk/hpl_gclk.o
 .text._gclk_init_generators_by_fref
                0x000014b0       0x58 hpl/gclk/hpl_gclk.o
                0x000014b0                _gclk_init_generators_by_fref
 .text._mclk_init
                0x00001508        0xc hpl/mclk/hpl_mclk.o
                0x00001508                _mclk_init
 .text._osc32kctrl_init_sources
                0x00001514       0x20 hpl/osc32kctrl/hpl_osc32kctrl.o
                0x00001514                _osc32kctrl_init_sources
 .text._oscctrl_init_sources
                0x00001534        0x2 hpl/oscctrl/hpl_oscctrl.o
                0x00001534                _oscctrl_init_sources
 *fill*         0x00001536        0x2 
 .text._oscctrl_init_referenced_generators
                0x00001538       0xfc hpl/oscctrl/hpl_oscctrl.o
                0x00001538                _oscctrl_init_referenced_generators
 .text._pcc_dma_transfer_done
                0x00001634        0x8 hpl/pcc/hpl_pcc.o
 .text._camera_async_init
                0x0000163c       0x38 hpl/pcc/hpl_pcc.o
                0x0000163c                _camera_async_init
 .text.PCC_Handler
                0x00001674       0x28 hpl/pcc/hpl_pcc.o
                0x00001674                PCC_Handler
 .text.RAMECC_Handler
                0x0000169c       0x3c hpl/ramecc/hpl_ramecc.o
                0x0000169c                RAMECC_Handler
 .text._mci_send_cmd_execute
                0x000016d8       0xce hpl/sdhc/hpl_sdhc.o
                0x000016d8                _mci_send_cmd_execute
 .text._mci_sync_init
                0x000017a6       0x42 hpl/sdhc/hpl_sdhc.o
                0x000017a6                _mci_sync_init
 .text._mci_sync_select_device
                0x000017e8       0xd8 hpl/sdhc/hpl_sdhc.o
                0x000017e8                _mci_sync_select_device
 .text._mci_sync_deselect_device
                0x000018c0        0x4 hpl/sdhc/hpl_sdhc.o
                0x000018c0                _mci_sync_deselect_device
 .text._mci_sync_get_bus_width
                0x000018c4        0xa hpl/sdhc/hpl_sdhc.o
                0x000018c4                _mci_sync_get_bus_width
 .text._mci_sync_is_high_speed_capable
                0x000018ce        0xa hpl/sdhc/hpl_sdhc.o
                0x000018ce                _mci_sync_is_high_speed_capable
 .text._mci_sync_send_clock
                0x000018d8       0x1c hpl/sdhc/hpl_sdhc.o
                0x000018d8                _mci_sync_send_clock
 .text._mci_sync_send_cmd
                0x000018f4       0x34 hpl/sdhc/hpl_sdhc.o
                0x000018f4                _mci_sync_send_cmd
 .text._mci_sync_get_response
                0x00001928        0x6 hpl/sdhc/hpl_sdhc.o
                0x00001928                _mci_sync_get_response
 .text._mci_sync_get_response_128
                0x0000192e       0x2e hpl/sdhc/hpl_sdhc.o
                0x0000192e                _mci_sync_get_response_128
 .text._mci_sync_adtc_start
                0x0000195c       0x78 hpl/sdhc/hpl_sdhc.o
                0x0000195c                _mci_sync_adtc_start
 .text._mci_sync_read_word
                0x000019d4       0xcc hpl/sdhc/hpl_sdhc.o
                0x000019d4                _mci_sync_read_word
 .text._mci_sync_write_word
                0x00001aa0       0x90 hpl/sdhc/hpl_sdhc.o
                0x00001aa0                _mci_sync_write_word
 .text._mci_sync_start_read_blocks
                0x00001b30       0x3c hpl/sdhc/hpl_sdhc.o
                0x00001b30                _mci_sync_start_read_blocks
 .text._mci_sync_start_write_blocks
                0x00001b6c       0x3c hpl/sdhc/hpl_sdhc.o
                0x00001b6c                _mci_sync_start_write_blocks
 .text._mci_sync_wait_end_of_read_blocks
                0x00001ba8        0x4 hpl/sdhc/hpl_sdhc.o
                0x00001ba8                _mci_sync_wait_end_of_read_blocks
 .text._mci_sync_wait_end_of_write_blocks
                0x00001bac        0x4 hpl/sdhc/hpl_sdhc.o
                0x00001bac                _mci_sync_wait_end_of_write_blocks
 .text._delay_init
                0x00001bb0       0x14 hpl/systick/hpl_systick.o
                0x00001bb0                _delay_init
 .text._delay_cycles
                0x00001bc4       0x38 hpl/systick/hpl_systick.o
                0x00001bc4                _delay_cycles
 .text.__NVIC_DisableIRQ
                0x00001bfc       0x28 hpl/tc/hpl_tc.o
 .text.hri_tc_wait_for_sync
                0x00001c24        0x8 hpl/tc/hpl_tc.o
 .text.hri_tc_clear_CTRLA_ENABLE_bit
                0x00001c2c       0x14 hpl/tc/hpl_tc.o
 .text.get_tc_index
                0x00001c40       0x54 hpl/tc/hpl_tc.o
 .text._timer_init
                0x00001c94      0x128 hpl/tc/hpl_tc.o
                0x00001c94                _timer_init
 .text._pwm_init
                0x00001dbc      0x10c hpl/tc/hpl_tc.o
                0x00001dbc                _pwm_init
 .text._timer_start
                0x00001ec8       0x14 hpl/tc/hpl_tc.o
                0x00001ec8                _timer_start
 .text._pwm_enable
                0x00001edc       0x14 hpl/tc/hpl_tc.o
                0x00001edc                _pwm_enable
 .text._pwm_set_param
                0x00001ef0       0x58 hpl/tc/hpl_tc.o
                0x00001ef0                _pwm_set_param
 .text._timer_is_started
                0x00001f48       0x18 hpl/tc/hpl_tc.o
                0x00001f48                _timer_is_started
 .text._pwm_is_enabled
                0x00001f60       0x18 hpl/tc/hpl_tc.o
                0x00001f60                _pwm_is_enabled
 .text._tc_get_timer
                0x00001f78        0x4 hpl/tc/hpl_tc.o
                0x00001f78                _tc_get_timer
 .text._tc_get_pwm
                0x00001f7c        0x4 hpl/tc/hpl_tc.o
                0x00001f7c                _tc_get_pwm
 .text._timer_set_irq
                0x00001f80       0x28 hpl/tc/hpl_tc.o
                0x00001f80                _timer_set_irq
 .text.TC0_Handler
                0x00001fa8       0x38 hpl/tc/hpl_tc.o
                0x00001fa8                TC0_Handler
 .text.TC1_Handler
                0x00001fe0       0x1c hpl/tc/hpl_tc.o
                0x00001fe0                TC1_Handler
 .text.SDA_low  0x00001ffc       0x20 i2c_bb.o
                0x00001ffc                SDA_low
 .text.SDA_high
                0x0000201c       0x24 i2c_bb.o
                0x0000201c                SDA_high
 .text.SDA_read
                0x00002040       0x38 i2c_bb.o
                0x00002040                SDA_read
 .text.SCL_low  0x00002078       0x20 i2c_bb.o
                0x00002078                SCL_low
 .text.SCL_high
                0x00002098       0x24 i2c_bb.o
                0x00002098                SCL_high
 .text.I2C_BB_sleep
                0x000020bc        0xc i2c_bb.o
                0x000020bc                I2C_BB_sleep
 .text.I2C_BB_end
                0x000020c8       0x2c i2c_bb.o
                0x000020c8                I2C_BB_end
 .text.I2C_BB_byte_out
                0x000020f4       0x70 i2c_bb.o
                0x000020f4                I2C_BB_byte_out
 .text.I2C_BB_begin
                0x00002164       0x34 i2c_bb.o
                0x00002164                I2C_BB_begin
 .text.I2C_BB_init
                0x00002198       0x5c i2c_bb.o
                0x00002198                I2C_BB_init
 .text.I2C_BB_write
                0x000021f4       0x28 i2c_bb.o
                0x000021f4                I2C_BB_write
 .text.millisecondTimer_cb
                0x0000221c       0x10 main.o
 .text.gpio_get_pin_level
                0x0000222c       0x48 main.o
 .text.pushButton_cb
                0x00002274        0xc main.o
 .text.checkBattVoltage_cb
                0x00002280       0x28 main.o
 .text.battCharging_cb
                0x000022a8       0x58 main.o
 .text.irReceive_cb
                0x00002300       0x5c main.o
 .text.spi_BB_Write
                0x0000235c       0xac main.o
                0x0000235c                spi_BB_Write
 .text.python480SetGain
                0x00002408       0x1c main.o
                0x00002408                python480SetGain
 .text.python480SetFPS
                0x00002424       0x38 main.o
                0x00002424                python480SetFPS
 .text.spi_BB_Read
                0x0000245c       0xb0 main.o
                0x0000245c                spi_BB_Read
 .text.EnableClockMngmnt1
                0x0000250c       0x48 main.o
                0x0000250c                EnableClockMngmnt1
 .text.EnableClockMngmnt2
                0x00002554       0x24 main.o
                0x00002554                EnableClockMngmnt2
 .text.RequiredUploads
                0x00002578      0x4b8 main.o
                0x00002578                RequiredUploads
 .text.SoftPowerUp
                0x00002a30       0x44 main.o
                0x00002a30                SoftPowerUp
 .text.python480Init
                0x00002a74       0x30 main.o
                0x00002a74                python480Init
 .text.Enable_Subsample
                0x00002aa4       0x20 main.o
                0x00002aa4                Enable_Subsample
 .text.loadSDCardHeader
                0x00002ac4       0x34 main.o
                0x00002ac4                loadSDCardHeader
 .text.setBufferHeader
                0x00002af8       0x7c main.o
                0x00002af8                setBufferHeader
 .text.pcc_dma_cb
                0x00002b74       0x2c main.o
 .text.setSDDescriptor
                0x00002ba0       0x20 main.o
                0x00002ba0                setSDDescriptor
 .text.setExcitationLED
                0x00002bc0       0x44 main.o
                0x00002bc0                setExcitationLED
 .text.setEWL   0x00002c04        0xc main.o
                0x00002c04                setEWL
 .text.linkedListInit
                0x00002c10       0x68 main.o
                0x00002c10                linkedListInit
 .text.setPCCCurrentLinkedListPosition
                0x00002c78       0x58 main.o
                0x00002c78                setPCCCurrentLinkedListPosition
 .text.frameValid_cb
                0x00002cd0      0x104 main.o
 .text.startRecording
                0x00002dd4       0x94 main.o
                0x00002dd4                startRecording
 .text.stopRecording
                0x00002e68       0x8c main.o
                0x00002e68                stopRecording
 .text.recording
                0x00002ef4      0x1c4 main.o
                0x00002ef4                recording
 .text.startup.main
                0x000030b8      0x294 main.o
                0x000030b8                main
 .text.SDMMC_UNSTUFF_BITS
                0x0000334c       0x5c sd_mmc/sd_mmc.o
 .text.gpio_get_pin_level
                0x000033a8       0x48 sd_mmc/sd_mmc.o
 .text.sd_mmc_configure_slot
                0x000033f0       0x28 sd_mmc/sd_mmc.o
 .text.sd_mmc_deselect_slot
                0x00003418       0x18 sd_mmc/sd_mmc.o
 .text.sd_mmc_select_slot
                0x00003430       0x9c sd_mmc/sd_mmc.o
 .text.sd_mmc_init
                0x000034cc       0x18 sd_mmc/sd_mmc.o
                0x000034cc                sd_mmc_init
 .text.sd_mmc_check
                0x000034e4      0x3ac sd_mmc/sd_mmc.o
                0x000034e4                sd_mmc_check
 .text.sd_mmc_is_write_protected
                0x00003890       0x34 sd_mmc/sd_mmc.o
                0x00003890                sd_mmc_is_write_protected
 .text.sd_mmc_init_read_blocks
                0x000038c4       0xb4 sd_mmc/sd_mmc.o
                0x000038c4                sd_mmc_init_read_blocks
 .text.sd_mmc_start_read_blocks
                0x00003978       0x2c sd_mmc/sd_mmc.o
                0x00003978                sd_mmc_start_read_blocks
 .text.sd_mmc_wait_end_of_read_blocks
                0x000039a4       0x5c sd_mmc/sd_mmc.o
                0x000039a4                sd_mmc_wait_end_of_read_blocks
 .text.sd_mmc_write_with_ADMA
                0x00003a00       0xb8 sd_mmc/sd_mmc.o
                0x00003a00                sd_mmc_write_with_ADMA
 .text.sd_mmc_wait_end_of_ADMA_write
                0x00003ab8       0x2c sd_mmc/sd_mmc.o
                0x00003ab8                sd_mmc_wait_end_of_ADMA_write
 .text.sd_mmc_init_write_blocks
                0x00003ae4       0x90 sd_mmc/sd_mmc.o
                0x00003ae4                sd_mmc_init_write_blocks
 .text.sd_mmc_start_write_blocks
                0x00003b74       0x2c sd_mmc/sd_mmc.o
                0x00003b74                sd_mmc_start_write_blocks
 .text.sd_mmc_wait_end_of_write_blocks
                0x00003ba0       0x54 sd_mmc/sd_mmc.o
                0x00003ba0                sd_mmc_wait_end_of_write_blocks
 .text.sd_mmc_stack_init
                0x00003bf4       0x18 sd_mmc_start.o
                0x00003bf4                sd_mmc_stack_init
 .text          0x00003c0c       0x30 c:/program files (x86)/atmel/studio/7.0/toolchain/arm/arm-gnu-toolchain/bin/../lib/gcc/arm-none-eabi/6.3.1/thumb/v7e-m\libgcc.a(_aeabi_uldivmod.o)
                0x00003c0c                __aeabi_uldivmod
 .text          0x00003c3c      0x2dc c:/program files (x86)/atmel/studio/7.0/toolchain/arm/arm-gnu-toolchain/bin/../lib/gcc/arm-none-eabi/6.3.1/thumb/v7e-m\libgcc.a(_udivmoddi4.o)
                0x00003c3c                __udivmoddi4
 .text          0x00003f18        0x4 c:/program files (x86)/atmel/studio/7.0/toolchain/arm/arm-gnu-toolchain/bin/../lib/gcc/arm-none-eabi/6.3.1/thumb/v7e-m\libgcc.a(_dvmd_tls.o)
                0x00003f18                __aeabi_idiv0
                0x00003f18                __aeabi_ldiv0
 .text.__libc_init_array
                0x00003f1c       0x48 c:/program files (x86)/atmel/studio/7.0/toolchain/arm/arm-gnu-toolchain/bin/../lib/gcc/arm-none-eabi/6.3.1/../../../../arm-none-eabi/lib/thumb/v7e-m\libc_nano.a(lib_a-init.o)
                0x00003f1c                __libc_init_array
 .text.memset   0x00003f64       0x10 c:/program files (x86)/atmel/studio/7.0/toolchain/arm/arm-gnu-toolchain/bin/../lib/gcc/arm-none-eabi/6.3.1/../../../../arm-none-eabi/lib/thumb/v7e-m\libc_nano.a(lib_a-memset.o)
                0x00003f64                memset
 *(.glue_7t)
 .glue_7t       0x00003f74        0x0 linker stubs
 *(.glue_7)
 .glue_7        0x00003f74        0x0 linker stubs
 *(.rodata .rodata* .gnu.linkonce.r.*)
 .rodata        0x00003f74       0x16 hpl/adc/hpl_adc.o
 *fill*         0x00003f8a        0x2 
 .rodata        0x00003f8c      0x100 hpl/dmac/hpl_dmac.o
 .rodata        0x0000408c       0x20 hpl/eic/hpl_eic.o
 .rodata        0x000040ac       0x18 hpl/tc/hpl_tc.o
 .rodata        0x000040c4       0x9c sd_mmc/sd_mmc.o
                0x000040c4                sd_trans_multipliers
                0x00004104                sd_mmc_trans_units
                0x00004120                mmc_trans_multipliers
 *(.ARM.extab* .gnu.linkonce.armextab.*)
                0x00004160                . = ALIGN (0x4)
 *(.init)
 .init          0x00004160        0x4 c:/program files (x86)/atmel/studio/7.0/toolchain/arm/arm-gnu-toolchain/bin/../lib/gcc/arm-none-eabi/6.3.1/thumb/v7e-m/crti.o
                0x00004160                _init
 .init          0x00004164        0x8 c:/program files (x86)/atmel/studio/7.0/toolchain/arm/arm-gnu-toolchain/bin/../lib/gcc/arm-none-eabi/6.3.1/thumb/v7e-m/crtn.o
                0x0000416c                . = ALIGN (0x4)
                0x0000416c                __preinit_array_start = .
 *(.preinit_array)
                0x0000416c                __preinit_array_end = .
                0x0000416c                . = ALIGN (0x4)
                0x0000416c                __init_array_start = .
 *(SORT(.init_array.*))
 *(.init_array)
 .init_array    0x0000416c        0x4 c:/program files (x86)/atmel/studio/7.0/toolchain/arm/arm-gnu-toolchain/bin/../lib/gcc/arm-none-eabi/6.3.1/thumb/v7e-m/crtbegin.o
                0x00004170                __init_array_end = .
                0x00004170                . = ALIGN (0x4)
 *crtbegin.o(.ctors)
 *(EXCLUDE_FILE(*crtend.o) .ctors)
 *(SORT(.ctors.*))
 *crtend.o(.ctors)
                0x00004170                . = ALIGN (0x4)
 *(.fini)
 .fini          0x00004170        0x4 c:/program files (x86)/atmel/studio/7.0/toolchain/arm/arm-gnu-toolchain/bin/../lib/gcc/arm-none-eabi/6.3.1/thumb/v7e-m/crti.o
                0x00004170                _fini
 .fini          0x00004174        0x8 c:/program files (x86)/atmel/studio/7.0/toolchain/arm/arm-gnu-toolchain/bin/../lib/gcc/arm-none-eabi/6.3.1/thumb/v7e-m/crtn.o
                0x0000417c                . = ALIGN (0x4)
                0x0000417c                __fini_array_start = .
 *(.fini_array)
 .fini_array    0x0000417c        0x4 c:/program files (x86)/atmel/studio/7.0/toolchain/arm/arm-gnu-toolchain/bin/../lib/gcc/arm-none-eabi/6.3.1/thumb/v7e-m/crtbegin.o
 *(SORT(.fini_array.*))
                0x00004180                __fini_array_end = .
 *crtbegin.o(.dtors)
 *(EXCLUDE_FILE(*crtend.o) .dtors)
 *(SORT(.dtors.*))
 *crtend.o(.dtors)
                0x00004180                . = ALIGN (0x4)
                0x00004180                _efixed = .
                [!provide]                PROVIDE (__exidx_start, .)

.vfp11_veneer   0x00004180        0x0
 .vfp11_veneer  0x00004180        0x0 linker stubs

.v4_bx          0x00004180        0x0
 .v4_bx         0x00004180        0x0 linker stubs

.iplt           0x00004180        0x0
 .iplt          0x00004180        0x0 c:/program files (x86)/atmel/studio/7.0/toolchain/arm/arm-gnu-toolchain/bin/../lib/gcc/arm-none-eabi/6.3.1/thumb/v7e-m/crtbegin.o

.ARM.exidx      0x00004180        0x8
 *(.ARM.exidx* .gnu.linkonce.armexidx.*)
 .ARM.exidx     0x00004180        0x8 c:/program files (x86)/atmel/studio/7.0/toolchain/arm/arm-gnu-toolchain/bin/../lib/gcc/arm-none-eabi/6.3.1/thumb/v7e-m\libgcc.a(_udivmoddi4.o)
                [!provide]                PROVIDE (__exidx_end, .)

.eh_frame       0x00004188        0x0
 .eh_frame      0x00004188        0x0 c:/program files (x86)/atmel/studio/7.0/toolchain/arm/arm-gnu-toolchain/bin/../lib/gcc/arm-none-eabi/6.3.1/thumb/v7e-m/crtbegin.o

.rel.dyn        0x00004188        0x0
 .rel.iplt      0x00004188        0x0 c:/program files (x86)/atmel/studio/7.0/toolchain/arm/arm-gnu-toolchain/bin/../lib/gcc/arm-none-eabi/6.3.1/thumb/v7e-m/crtbegin.o

.jcr            0x00004188        0x0
 .jcr           0x00004188        0x0 c:/program files (x86)/atmel/studio/7.0/toolchain/arm/arm-gnu-toolchain/bin/../lib/gcc/arm-none-eabi/6.3.1/thumb/v7e-m/crtbegin.o

.igot.plt       0x00004188        0x0
 .igot.plt      0x00004188        0x0 c:/program files (x86)/atmel/studio/7.0/toolchain/arm/arm-gnu-toolchain/bin/../lib/gcc/arm-none-eabi/6.3.1/thumb/v7e-m/crtbegin.o
                0x00004188                . = ALIGN (0x4)
                0x00004188                _etext = .

.relocate       0x20000000       0x3c load address 0x00004188
                0x20000000                . = ALIGN (0x4)
                0x20000000                _srelocate = .
 *(.ramfunc .ramfunc.*)
 *(.data .data.*)
 .data          0x20000000       0x28 hpl/tc/hpl_tc.o
 .data          0x20000028        0xc main.o
                0x20000028                deviceState
                0x2000002c                numBlocks
                0x20000030                currentBlock
 .data          0x20000034        0x8 sd_mmc_start.o
                0x2000003c                . = ALIGN (0x4)
                0x2000003c                _erelocate = .

.bkupram        0x47000000        0x0
                0x47000000                . = ALIGN (0x8)
                0x47000000                _sbkupram = .
 *(.bkupram .bkupram.*)
                0x47000000                . = ALIGN (0x8)
                0x47000000                _ebkupram = .

.qspi           0x04000000        0x0
                0x04000000                . = ALIGN (0x8)
                0x04000000                _sqspi = .
 *(.qspi .qspi.*)
                0x04000000                . = ALIGN (0x8)
                0x04000000                _eqspi = .

.bss            0x20000040    0x293b4 load address 0x000041d0
                0x20000040                . = ALIGN (0x4)
                0x20000040                _sbss = .
                0x20000040                _szero = .
 *(.bss .bss.*)
 .bss           0x20000040       0x1c c:/program files (x86)/atmel/studio/7.0/toolchain/arm/arm-gnu-toolchain/bin/../lib/gcc/arm-none-eabi/6.3.1/thumb/v7e-m/crtbegin.o
 .bss           0x2000005c        0x4 hal/src/hal_delay.o
 .bss           0x20000060       0x20 hal/src/hal_ext_irq.o
 .bss           0x20000080      0x180 hpl/dmac/hpl_dmac.o
 .bss           0x20000200        0x4 hpl/eic/hpl_eic.o
 .bss           0x20000204        0x4 hpl/pcc/hpl_pcc.o
 .bss           0x20000208        0x8 hpl/tc/hpl_tc.o
 .bss           0x20000210      0x44c main.o
                0x20000210                timeMS
                0x20000214                headerBlock
                0x20000414                configBlock
                0x20000614                bufferCount
                0x20000618                frameNum
                0x2000061c                frameBufferCount
                0x20000620                numBuffersPerFrame
                0x20000624                ewlCount
                0x20000650                timerIndex
                0x20000654                tempCount
                0x20000658                initBlocksRemaining
 .bss           0x2000065c       0x38 sd_mmc/sd_mmc.o
 *(COMMON)
 *fill*         0x20000694        0x4 
 COMMON         0x20000698       0x6c driver_init.o
                0x20000698                PWM_0
                0x200006b4                CAMERA_0
                0x200006c8                ADC_0
                0x200006d0                IO_BUS
                0x200006e8                TIMER_0
 *fill*         0x20000704        0xc 
 COMMON         0x20000710      0x400 hpl/dmac/hpl_dmac.o
                0x20000710                _descriptor_section
                0x20000910                _write_back_section
 COMMON         0x20000b10        0x4 hpl/pcc/hpl_pcc.o
                0x20000b10                resource
 COMMON         0x20000b14       0x10 hpl/ramecc/hpl_ramecc.o
                0x20000b14                device
 *fill*         0x20000b24        0xc 
 COMMON         0x20000b30    0x288c4 main.o
                0x20000b30                chip_id
                0x20000b34                batteryvalue
                0x20000b38                battVolt
                0x20000b3a                regValue
                0x20000b40                framesToDrop
                0x20000b44                droppedBufferCount
                0x20000b50                linkedList
                0x20000bd0                bufferToWrite
                0x20000bd4                startTimeMS
                0x20000bd8                ewlStop
                0x20000bdc                ledvalue
                0x20000be0                frameratevalue
                0x20000be4                droppedFrameCount
                0x20000be8                ewlStart
                0x20000bec                writeBufferCount
                0x20000bf0                reclengthvalue
                0x20000bf4                writeFrameNum
                0x20000bf8                dataBuffer
                0x20028bf8                tempPCC
                0x20028c08                tempHeader
                0x20029248                ewlSCan_Mode
                0x20029250                SDTransferDescriptor
                0x20029258                delayvalue
                0x2002925c                ewlStep
                0x2002925e                ewlStepTime
                0x20029260                ewlvalue
                0x20029264                tempTimestamp
                0x200293f4                . = ALIGN (0x4)
                0x200293f4                _ebss = .
                0x200293f4                _ezero = .

.stack          0x200293f4    0x10004 load address 0x0002d584
                0x200293f8                . = ALIGN (0x8)
 *fill*         0x200293f4        0x4 
                0x200293f8                _sstack = .
                0x200393f8                . = (. + STACK_SIZE)
 *fill*         0x200293f8    0x10000 
                0x200393f8                . = ALIGN (0x8)
                0x200393f8                _estack = .
                0x200393f8                . = ALIGN (0x4)
                0x200393f8                _end = .
OUTPUT(Miniscope-v4-Wire-Free.elf elf32-littlearm)

.ARM.attributes
                0x00000000       0x2e
 .ARM.attributes
                0x00000000       0x1e c:/program files (x86)/atmel/studio/7.0/toolchain/arm/arm-gnu-toolchain/bin/../lib/gcc/arm-none-eabi/6.3.1/thumb/v7e-m/crti.o
 .ARM.attributes
                0x0000001e       0x2e c:/program files (x86)/atmel/studio/7.0/toolchain/arm/arm-gnu-toolchain/bin/../lib/gcc/arm-none-eabi/6.3.1/thumb/v7e-m/crtbegin.o
 .ARM.attributes
                0x0000004c       0x37 atmel_start.o
 .ARM.attributes
                0x00000083       0x37 Device_Startup/startup_samd51.o
 .ARM.attributes
                0x000000ba       0x37 driver_init.o
 .ARM.attributes
                0x000000f1       0x37 hal/src/hal_adc_sync.o
 .ARM.attributes
                0x00000128       0x37 hal/src/hal_atomic.o
 .ARM.attributes
                0x0000015f       0x37 hal/src/hal_camera_async.o
 .ARM.attributes
                0x00000196       0x37 hal/src/hal_delay.o
 .ARM.attributes
                0x000001cd       0x37 hal/src/hal_ext_irq.o
 .ARM.attributes
                0x00000204       0x37 hal/src/hal_mci_sync.o
 .ARM.attributes
                0x0000023b       0x37 hal/src/hal_pwm.o
 .ARM.attributes
                0x00000272       0x37 hal/src/hal_timer.o
 .ARM.attributes
                0x000002a9       0x37 hal/utils/src/utils_list.o
 .ARM.attributes
                0x000002e0       0x37 hpl/adc/hpl_adc.o
 .ARM.attributes
                0x00000317       0x37 hpl/core/hpl_core_m4.o
 .ARM.attributes
                0x0000034e       0x37 hpl/core/hpl_init.o
 .ARM.attributes
                0x00000385       0x37 hpl/dmac/hpl_dmac.o
 .ARM.attributes
                0x000003bc       0x37 hpl/eic/hpl_eic.o
 .ARM.attributes
                0x000003f3       0x37 hpl/gclk/hpl_gclk.o
 .ARM.attributes
                0x0000042a       0x37 hpl/mclk/hpl_mclk.o
 .ARM.attributes
                0x00000461       0x37 hpl/osc32kctrl/hpl_osc32kctrl.o
 .ARM.attributes
                0x00000498       0x37 hpl/oscctrl/hpl_oscctrl.o
 .ARM.attributes
                0x000004cf       0x37 hpl/pcc/hpl_pcc.o
 .ARM.attributes
                0x00000506       0x37 hpl/ramecc/hpl_ramecc.o
 .ARM.attributes
                0x0000053d       0x37 hpl/sdhc/hpl_sdhc.o
 .ARM.attributes
                0x00000574       0x37 hpl/systick/hpl_systick.o
 .ARM.attributes
                0x000005ab       0x37 hpl/tc/hpl_tc.o
 .ARM.attributes
                0x000005e2       0x37 i2c_bb.o
 .ARM.attributes
                0x00000619       0x37 main.o
 .ARM.attributes
                0x00000650       0x37 sd_mmc/sd_mmc.o
 .ARM.attributes
                0x00000687       0x37 sd_mmc_start.o
 .ARM.attributes
                0x000006be       0x1e c:/program files (x86)/atmel/studio/7.0/toolchain/arm/arm-gnu-toolchain/bin/../lib/gcc/arm-none-eabi/6.3.1/thumb/v7e-m\libgcc.a(_aeabi_uldivmod.o)
 .ARM.attributes
                0x000006dc       0x2e c:/program files (x86)/atmel/studio/7.0/toolchain/arm/arm-gnu-toolchain/bin/../lib/gcc/arm-none-eabi/6.3.1/thumb/v7e-m\libgcc.a(_udivmoddi4.o)
 .ARM.attributes
                0x0000070a       0x1e c:/program files (x86)/atmel/studio/7.0/toolchain/arm/arm-gnu-toolchain/bin/../lib/gcc/arm-none-eabi/6.3.1/thumb/v7e-m\libgcc.a(_dvmd_tls.o)
 .ARM.attributes
                0x00000728       0x2e c:/program files (x86)/atmel/studio/7.0/toolchain/arm/arm-gnu-toolchain/bin/../lib/gcc/arm-none-eabi/6.3.1/../../../../arm-none-eabi/lib/thumb/v7e-m\libc_nano.a(lib_a-init.o)
 .ARM.attributes
                0x00000756       0x2e c:/program files (x86)/atmel/studio/7.0/toolchain/arm/arm-gnu-toolchain/bin/../lib/gcc/arm-none-eabi/6.3.1/../../../../arm-none-eabi/lib/thumb/v7e-m\libc_nano.a(lib_a-memset.o)
 .ARM.attributes
                0x00000784       0x1e c:/program files (x86)/atmel/studio/7.0/toolchain/arm/arm-gnu-toolchain/bin/../lib/gcc/arm-none-eabi/6.3.1/thumb/v7e-m/crtn.o

.comment        0x00000000       0x59
 .comment       0x00000000       0x59 atmel_start.o
                                 0x5a (size before relaxing)
 .comment       0x00000059       0x5a Device_Startup/startup_samd51.o
 .comment       0x00000059       0x5a driver_init.o
 .comment       0x00000059       0x5a hal/src/hal_adc_sync.o
 .comment       0x00000059       0x5a hal/src/hal_atomic.o
 .comment       0x00000059       0x5a hal/src/hal_camera_async.o
 .comment       0x00000059       0x5a hal/src/hal_delay.o
 .comment       0x00000059       0x5a hal/src/hal_ext_irq.o
 .comment       0x00000059       0x5a hal/src/hal_mci_sync.o
 .comment       0x00000059       0x5a hal/src/hal_pwm.o
 .comment       0x00000059       0x5a hal/src/hal_timer.o
 .comment       0x00000059       0x5a hal/utils/src/utils_list.o
 .comment       0x00000059       0x5a hpl/adc/hpl_adc.o
 .comment       0x00000059       0x5a hpl/core/hpl_core_m4.o
 .comment       0x00000059       0x5a hpl/core/hpl_init.o
 .comment       0x00000059       0x5a hpl/dmac/hpl_dmac.o
 .comment       0x00000059       0x5a hpl/eic/hpl_eic.o
 .comment       0x00000059       0x5a hpl/gclk/hpl_gclk.o
 .comment       0x00000059       0x5a hpl/mclk/hpl_mclk.o
 .comment       0x00000059       0x5a hpl/osc32kctrl/hpl_osc32kctrl.o
 .comment       0x00000059       0x5a hpl/oscctrl/hpl_oscctrl.o
 .comment       0x00000059       0x5a hpl/pcc/hpl_pcc.o
 .comment       0x00000059       0x5a hpl/ramecc/hpl_ramecc.o
 .comment       0x00000059       0x5a hpl/sdhc/hpl_sdhc.o
 .comment       0x00000059       0x5a hpl/systick/hpl_systick.o
 .comment       0x00000059       0x5a hpl/tc/hpl_tc.o
 .comment       0x00000059       0x5a i2c_bb.o
 .comment       0x00000059       0x5a main.o
 .comment       0x00000059       0x5a sd_mmc/sd_mmc.o
 .comment       0x00000059       0x5a sd_mmc_start.o

.debug_frame    0x00000000       0xac
 .debug_frame   0x00000000       0x2c c:/program files (x86)/atmel/studio/7.0/toolchain/arm/arm-gnu-toolchain/bin/../lib/gcc/arm-none-eabi/6.3.1/thumb/v7e-m\libgcc.a(_aeabi_uldivmod.o)
 .debug_frame   0x0000002c       0x34 c:/program files (x86)/atmel/studio/7.0/toolchain/arm/arm-gnu-toolchain/bin/../lib/gcc/arm-none-eabi/6.3.1/thumb/v7e-m\libgcc.a(_udivmoddi4.o)
 .debug_frame   0x00000060       0x2c c:/program files (x86)/atmel/studio/7.0/toolchain/arm/arm-gnu-toolchain/bin/../lib/gcc/arm-none-eabi/6.3.1/../../../../arm-none-eabi/lib/thumb/v7e-m\libc_nano.a(lib_a-init.o)
 .debug_frame   0x0000008c       0x20 c:/program files (x86)/atmel/studio/7.0/toolchain/arm/arm-gnu-toolchain/bin/../lib/gcc/arm-none-eabi/6.3.1/../../../../arm-none-eabi/lib/thumb/v7e-m\libc_nano.a(lib_a-memset.o)
