Archive member included to satisfy reference by file (symbol)

c:/program files (x86)/atmel/studio/7.0/toolchain/arm/arm-gnu-toolchain/bin/../lib/gcc/arm-none-eabi/6.3.1/../../../../arm-none-eabi/lib/thumb/v7e-m\libc.a(lib_a-exit.o)
                              c:/program files (x86)/atmel/studio/7.0/toolchain/arm/arm-gnu-toolchain/bin/../lib/gcc/arm-none-eabi/6.3.1/../../../../arm-none-eabi/lib/thumb/v7e-m/crt0.o (exit)
c:/program files (x86)/atmel/studio/7.0/toolchain/arm/arm-gnu-toolchain/bin/../lib/gcc/arm-none-eabi/6.3.1/../../../../arm-none-eabi/lib/thumb/v7e-m\libc.a(lib_a-impure.o)
                              c:/program files (x86)/atmel/studio/7.0/toolchain/arm/arm-gnu-toolchain/bin/../lib/gcc/arm-none-eabi/6.3.1/../../../../arm-none-eabi/lib/thumb/v7e-m\libc.a(lib_a-exit.o) (_global_impure_ptr)
c:/program files (x86)/atmel/studio/7.0/toolchain/arm/arm-gnu-toolchain/bin/../lib/gcc/arm-none-eabi/6.3.1/../../../../arm-none-eabi/lib/thumb/v7e-m\libc.a(lib_a-init.o)
                              c:/program files (x86)/atmel/studio/7.0/toolchain/arm/arm-gnu-toolchain/bin/../lib/gcc/arm-none-eabi/6.3.1/../../../../arm-none-eabi/lib/thumb/v7e-m/crt0.o (__libc_init_array)
c:/program files (x86)/atmel/studio/7.0/toolchain/arm/arm-gnu-toolchain/bin/../lib/gcc/arm-none-eabi/6.3.1/../../../../arm-none-eabi/lib/thumb/v7e-m\libc.a(lib_a-iprintf.o)
                              src/ASF/sam/utils/syscalls/gcc/syscalls.o (iprintf)
c:/program files (x86)/atmel/studio/7.0/toolchain/arm/arm-gnu-toolchain/bin/../lib/gcc/arm-none-eabi/6.3.1/../../../../arm-none-eabi/lib/thumb/v7e-m\libc.a(lib_a-memcpy.o)
                              src/main.o (memcpy)
c:/program files (x86)/atmel/studio/7.0/toolchain/arm/arm-gnu-toolchain/bin/../lib/gcc/arm-none-eabi/6.3.1/../../../../arm-none-eabi/lib/thumb/v7e-m\libc.a(lib_a-memset.o)
                              c:/program files (x86)/atmel/studio/7.0/toolchain/arm/arm-gnu-toolchain/bin/../lib/gcc/arm-none-eabi/6.3.1/../../../../arm-none-eabi/lib/thumb/v7e-m/crt0.o (memset)
c:/program files (x86)/atmel/studio/7.0/toolchain/arm/arm-gnu-toolchain/bin/../lib/gcc/arm-none-eabi/6.3.1/../../../../arm-none-eabi/lib/thumb/v7e-m\libc.a(lib_a-vfiprintf.o)
                              c:/program files (x86)/atmel/studio/7.0/toolchain/arm/arm-gnu-toolchain/bin/../lib/gcc/arm-none-eabi/6.3.1/../../../../arm-none-eabi/lib/thumb/v7e-m\libc.a(lib_a-iprintf.o) (_vfiprintf_r)
c:/program files (x86)/atmel/studio/7.0/toolchain/arm/arm-gnu-toolchain/bin/../lib/gcc/arm-none-eabi/6.3.1/../../../../arm-none-eabi/lib/thumb/v7e-m\libc.a(lib_a-wsetup.o)
                              c:/program files (x86)/atmel/studio/7.0/toolchain/arm/arm-gnu-toolchain/bin/../lib/gcc/arm-none-eabi/6.3.1/../../../../arm-none-eabi/lib/thumb/v7e-m\libc.a(lib_a-vfiprintf.o) (__swsetup_r)
c:/program files (x86)/atmel/studio/7.0/toolchain/arm/arm-gnu-toolchain/bin/../lib/gcc/arm-none-eabi/6.3.1/../../../../arm-none-eabi/lib/thumb/v7e-m\libc.a(lib_a-__call_atexit.o)
                              c:/program files (x86)/atmel/studio/7.0/toolchain/arm/arm-gnu-toolchain/bin/../lib/gcc/arm-none-eabi/6.3.1/../../../../arm-none-eabi/lib/thumb/v7e-m\libc.a(lib_a-exit.o) (__call_exitprocs)
c:/program files (x86)/atmel/studio/7.0/toolchain/arm/arm-gnu-toolchain/bin/../lib/gcc/arm-none-eabi/6.3.1/../../../../arm-none-eabi/lib/thumb/v7e-m\libc.a(lib_a-atexit.o)
                              c:/program files (x86)/atmel/studio/7.0/toolchain/arm/arm-gnu-toolchain/bin/../lib/gcc/arm-none-eabi/6.3.1/../../../../arm-none-eabi/lib/thumb/v7e-m\libc.a(lib_a-__call_atexit.o) (atexit)
c:/program files (x86)/atmel/studio/7.0/toolchain/arm/arm-gnu-toolchain/bin/../lib/gcc/arm-none-eabi/6.3.1/../../../../arm-none-eabi/lib/thumb/v7e-m\libc.a(lib_a-fflush.o)
                              c:/program files (x86)/atmel/studio/7.0/toolchain/arm/arm-gnu-toolchain/bin/../lib/gcc/arm-none-eabi/6.3.1/../../../../arm-none-eabi/lib/thumb/v7e-m\libc.a(lib_a-vfiprintf.o) (_fflush_r)
c:/program files (x86)/atmel/studio/7.0/toolchain/arm/arm-gnu-toolchain/bin/../lib/gcc/arm-none-eabi/6.3.1/../../../../arm-none-eabi/lib/thumb/v7e-m\libc.a(lib_a-findfp.o)
                              c:/program files (x86)/atmel/studio/7.0/toolchain/arm/arm-gnu-toolchain/bin/../lib/gcc/arm-none-eabi/6.3.1/../../../../arm-none-eabi/lib/thumb/v7e-m\libc.a(lib_a-vfiprintf.o) (__sinit)
c:/program files (x86)/atmel/studio/7.0/toolchain/arm/arm-gnu-toolchain/bin/../lib/gcc/arm-none-eabi/6.3.1/../../../../arm-none-eabi/lib/thumb/v7e-m\libc.a(lib_a-fini.o)
                              c:/program files (x86)/atmel/studio/7.0/toolchain/arm/arm-gnu-toolchain/bin/../lib/gcc/arm-none-eabi/6.3.1/../../../../arm-none-eabi/lib/thumb/v7e-m\libc.a(lib_a-__call_atexit.o) (__libc_fini_array)
c:/program files (x86)/atmel/studio/7.0/toolchain/arm/arm-gnu-toolchain/bin/../lib/gcc/arm-none-eabi/6.3.1/../../../../arm-none-eabi/lib/thumb/v7e-m\libc.a(lib_a-fputwc.o)
[...]
Memory Configuration

Name             Origin             Length             Attributes
rom              0x00400000         0x00200000         xr
ram              0x20400000         0x00060000         xrw
*default*        0x00000000         0xffffffff

Linker script and memory map

LOAD c:/program files (x86)/atmel/studio/7.0/toolchain/arm/arm-gnu-toolchain/bin/../lib/gcc/arm-none-eabi/6.3.1/thumb/v7e-m/crti.o
LOAD c:/program files (x86)/atmel/studio/7.0/toolchain/arm/arm-gnu-toolchain/bin/../lib/gcc/arm-none-eabi/6.3.1/thumb/v7e-m/crtbegin.o
LOAD c:/program files (x86)/atmel/studio/7.0/toolchain/arm/arm-gnu-toolchain/bin/../lib/gcc/arm-none-eabi/6.3.1/../../../../arm-none-eabi/lib/thumb/v7e-m/crt0.o
LOAD src/ASF/common/components/memory/sd_mmc/sd_mmc.o
LOAD src/ASF/common/services/serial/usart_serial.o
LOAD src/ASF/common/utils/stdio/read.o
LOAD src/ASF/common/utils/stdio/write.o
LOAD src/ASF/sam/drivers/hsmci/hsmci.o
LOAD src/ASF/sam/drivers/matrix/matrix.o
LOAD src/ASF/sam/drivers/mpu/mpu.o
LOAD src/ASF/sam/drivers/pio/pio.o
LOAD src/ASF/sam/drivers/pio/pio_handler.o
LOAD src/ASF/sam/drivers/pwm/pwm.o
LOAD src/ASF/sam/drivers/uart/uart.o
LOAD src/ASF/sam/drivers/usart/usart.o
LOAD src/ASF/sam/drivers/wdt/wdt.o
LOAD src/time_tick_sam.o
LOAD src/ASF/common/services/delay/sam/cycle_counter.o
LOAD src/ASF/common/services/clock/same70/sysclk.o
LOAD src/ASF/sam/drivers/pmc/pmc.o
LOAD src/ASF/sam/drivers/twihs/twihs.o
LOAD src/ASF/sam/drivers/xdmac/xdmac.o
LOAD src/ASF/sam/drivers/pmc/sleep.o
LOAD src/ASF/common/boards/user_board/init.o
LOAD src/ASF/common/utils/interrupt/interrupt_sam_nvic.o
LOAD src/ASF/sam/utils/cmsis/same70/source/templates/gcc/startup_same70.o
LOAD src/ASF/sam/utils/cmsis/same70/source/templates/system_same70.o
LOAD src/ASF/sam/utils/syscalls/gcc/syscalls.o
LOAD src/main.o
START GROUP
LOAD ../src/ASF/thirdparty/CMSIS/Lib/GCC\libarm_cortexM7lfsp_math_softfp.a
LOAD c:/program files (x86)/atmel/studio/7.0/toolchain/arm/arm-gnu-toolchain/bin/../lib/gcc/arm-none-eabi/6.3.1/../../../../arm-none-eabi/lib/thumb/v7e-m\libm.a
END GROUP
START GROUP
LOAD c:/program files (x86)/atmel/studio/7.0/toolchain/arm/arm-gnu-toolchain/bin/../lib/gcc/arm-none-eabi/6.3.1/thumb/v7e-m\libgcc.a
LOAD c:/program files (x86)/atmel/studio/7.0/toolchain/arm/arm-gnu-toolchain/bin/../lib/gcc/arm-none-eabi/6.3.1/../../../../arm-none-eabi/lib/thumb/v7e-m\libc.a
END GROUP
LOAD c:/program files (x86)/atmel/studio/7.0/toolchain/arm/arm-gnu-toolchain/bin/../lib/gcc/arm-none-eabi/6.3.1/thumb/v7e-m/crtend.o
LOAD c:/program files (x86)/atmel/studio/7.0/toolchain/arm/arm-gnu-toolchain/bin/../lib/gcc/arm-none-eabi/6.3.1/thumb/v7e-m/crtn.o
                0x00002000                STACK_SIZE = DEFINED (STACK_SIZE)?STACK_SIZE:0x2000
                0x2045fffc                __ram_end__ = ((ORIGIN (ram) + LENGTH (ram)) - 0x4)
                0x00000200                HEAP_SIZE = DEFINED (HEAP_SIZE)?HEAP_SIZE:0x200

.text           0x00400000     0x4e78
                0x00400000                . = ALIGN (0x4)
                0x00400000                _sfixed = .
 *(.vectors .vectors.*)
 .vectors       0x00400000      0x140 src/ASF/sam/utils/cmsis/same70/source/templates/gcc/startup_same70.o
                0x00400000                exception_table
 *(.text .text.* .gnu.linkonce.t.*)
 .text          0x00400140       0x6c c:/program files (x86)/atmel/studio/7.0/toolchain/arm/arm-gnu-toolchain/bin/../lib/gcc/arm-none-eabi/6.3.1/thumb/v7e-m/crtbegin.o
 .text.sd_mmc_configure_slot
                0x004001ac       0x28 src/ASF/common/components/memory/sd_mmc/sd_mmc.o
 .text.sd_mmc_select_slot
                0x004001d4       0x58 src/ASF/common/components/memory/sd_mmc/sd_mmc.o
 .text.sd_mmc_cmd9_mci
                0x0040022c       0x34 src/ASF/common/components/memory/sd_mmc/sd_mmc.o
 .text.sd_mmc_deselect_slot
                0x00400260       0x1c src/ASF/common/components/memory/sd_mmc/sd_mmc.o
 .text.sd_mmc_init
                0x0040027c       0x20 src/ASF/common/components/memory/sd_mmc/sd_mmc.o
                0x0040027c                sd_mmc_init
 .text.sd_mmc_check
                0x0040029c      0x65c src/ASF/common/components/memory/sd_mmc/sd_mmc.o
                0x0040029c                sd_mmc_check
 .text.sd_mmc_get_type
                0x004008f8       0x24 src/ASF/common/components/memory/sd_mmc/sd_mmc.o
                0x004008f8                sd_mmc_get_type
 .text.sd_mmc_get_capacity
                0x0040091c       0x24 src/ASF/common/components/memory/sd_mmc/sd_mmc.o
                0x0040091c                sd_mmc_get_capacity
 .text.sd_mmc_is_write_protected
                0x00400940        0x4 src/ASF/common/components/memory/sd_mmc/sd_mmc.o
                0x00400940                sd_mmc_is_write_protected
 .text.sd_mmc_init_write_blocks
                0x00400944       0x8c src/ASF/common/components/memory/sd_mmc/sd_mmc.o
                0x00400944                sd_mmc_init_write_blocks
 .text.sd_mmc_start_write_blocks
                0x004009d0       0x28 src/ASF/common/components/memory/sd_mmc/sd_mmc.o
                0x004009d0                sd_mmc_start_write_blocks
 .text.sd_mmc_wait_end_of_write_blocks
                0x004009f8       0x64 src/ASF/common/components/memory/sd_mmc/sd_mmc.o
                0x004009f8                sd_mmc_wait_end_of_write_blocks
 .text._read    0x00400a5c       0x3c src/ASF/common/utils/stdio/read.o
                0x00400a5c                _read
 .text._write   0x00400a98       0x50 src/ASF/common/utils/stdio/write.o
                0x00400a98                _write
 .text.hsmci_reset
                0x00400ae8       0x2a src/ASF/sam/drivers/hsmci/hsmci.o
 *fill*         0x00400b12        0x2 
 .text.hsmci_send_cmd_execute
                0x00400b14       0xa0 src/ASF/sam/drivers/hsmci/hsmci.o
 .text.hsmci_init
                0x00400bb4       0x2c src/ASF/sam/drivers/hsmci/hsmci.o
                0x00400bb4                hsmci_init
 .text.hsmci_get_bus_width
                0x00400be0        0xa src/ASF/sam/drivers/hsmci/hsmci.o
                0x00400be0                hsmci_get_bus_width
 .text.hsmci_is_high_speed_capable
                0x00400bea        0x4 src/ASF/sam/drivers/hsmci/hsmci.o
                0x00400bea                hsmci_is_high_speed_capable
 *fill*         0x00400bee        0x2 
 .text.hsmci_select_device
                0x00400bf0       0x70 src/ASF/sam/drivers/hsmci/hsmci.o
                0x00400bf0                hsmci_select_device
 .text.hsmci_deselect_device
                0x00400c60        0x2 src/ASF/sam/drivers/hsmci/hsmci.o
                0x00400c60                hsmci_deselect_device
 .text.hsmci_send_clock
                0x00400c62       0x22 src/ASF/sam/drivers/hsmci/hsmci.o
                0x00400c62                hsmci_send_clock
 .text.hsmci_send_cmd
                0x00400c84       0x24 src/ASF/sam/drivers/hsmci/hsmci.o
                0x00400c84                hsmci_send_cmd
 .text.hsmci_get_response
                0x00400ca8        0x8 src/ASF/sam/drivers/hsmci/hsmci.o
                0x00400ca8                hsmci_get_response
 .text.hsmci_get_response_128
                0x00400cb0       0x2e src/ASF/sam/drivers/hsmci/hsmci.o
                0x00400cb0                hsmci_get_response_128
 *fill*         0x00400cde        0x2 
 .text.hsmci_adtc_start
                0x00400ce0       0xc8 src/ASF/sam/drivers/hsmci/hsmci.o
                0x00400ce0                hsmci_adtc_start
 .text.hsmci_read_word
                0x00400da8       0x74 src/ASF/sam/drivers/hsmci/hsmci.o
                0x00400da8                hsmci_read_word
 .text.hsmci_start_read_blocks
                0x00400e1c       0x64 src/ASF/sam/drivers/hsmci/hsmci.o
                0x00400e1c                hsmci_start_read_blocks
 .text.hsmci_wait_end_of_read_blocks
                0x00400e80       0x64 src/ASF/sam/drivers/hsmci/hsmci.o
                0x00400e80                hsmci_wait_end_of_read_blocks
 .text.hsmci_start_write_blocks
                0x00400ee4       0x64 src/ASF/sam/drivers/hsmci/hsmci.o
                0x00400ee4                hsmci_start_write_blocks
 .text.hsmci_wait_end_of_write_blocks
                0x00400f48       0x64 src/ASF/sam/drivers/hsmci/hsmci.o
                0x00400f48                hsmci_wait_end_of_write_blocks
 .text.matrix_set_system_io
                0x00400fac       0x24 src/ASF/sam/drivers/matrix/matrix.o
                0x00400fac                matrix_set_system_io
 .text.matrix_get_system_io
                0x00400fd0       0x10 src/ASF/sam/drivers/matrix/matrix.o
                0x00400fd0                matrix_get_system_io
 .text.pio_get_interrupt_status
                0x00400fe0        0x4 src/ASF/sam/drivers/pio/pio.o
                0x00400fe0                pio_get_interrupt_status
 .text.pio_get_interrupt_mask
                0x00400fe4        0x4 src/ASF/sam/drivers/pio/pio.o
                0x00400fe4                pio_get_interrupt_mask
 .text.pio_handler_process
                0x00400fe8       0x50 src/ASF/sam/drivers/pio/pio_handler.o
                0x00400fe8                pio_handler_process
 .text.PIOB_Handler
                0x00401038       0x14 src/ASF/sam/drivers/pio/pio_handler.o
                0x00401038                PIOB_Handler
 .text.PIOD_Handler
                0x0040104c       0x14 src/ASF/sam/drivers/pio/pio_handler.o
                0x0040104c                PIOD_Handler
 .text.pwm_clocks_generate
                0x00401060       0x54 src/ASF/sam/drivers/pwm/pwm.o
 .text.pwm_init
                0x004010b4       0x44 src/ASF/sam/drivers/pwm/pwm.o
                0x004010b4                pwm_init
 .text.pwm_channel_init
                0x004010f8      0x16a src/ASF/sam/drivers/pwm/pwm.o
                0x004010f8                pwm_channel_init
 .text.pwm_channel_enable
                0x00401262        0xa src/ASF/sam/drivers/pwm/pwm.o
                0x00401262                pwm_channel_enable
 .text.pwm_channel_disable
                0x0040126c        0xa src/ASF/sam/drivers/pwm/pwm.o
                0x0040126c                pwm_channel_disable
 .text.pwm_channel_disable_interrupt
                0x00401276       0x12 src/ASF/sam/drivers/pwm/pwm.o
                0x00401276                pwm_channel_disable_interrupt
 .text.SysTick_Handler
                0x00401288       0x10 src/time_tick_sam.o
                0x00401288                SysTick_Handler
 .text.time_tick_init
                0x00401298       0x2c src/time_tick_sam.o
                0x00401298                time_tick_init
 .text.time_tick_get
                0x004012c4        0xc src/time_tick_sam.o
                0x004012c4                time_tick_get
 .text.time_tick_calc_delay
                0x004012d0        0xe src/time_tick_sam.o
                0x004012d0                time_tick_calc_delay
 *fill*         0x004012de        0x2 
 .text.sysclk_init
                0x004012e0       0x74 src/ASF/common/services/clock/same70/sysclk.o
                0x004012e0                sysclk_init
 .text.pmc_mck_set_division
                0x00401354       0x38 src/ASF/sam/drivers/pmc/pmc.o
                0x00401354                pmc_mck_set_division
 .text.pmc_switch_mck_to_pllack
                0x0040138c       0x64 src/ASF/sam/drivers/pmc/pmc.o
                0x0040138c                pmc_switch_mck_to_pllack
 .text.pmc_switch_mainck_to_xtal
                0x004013f0       0x54 src/ASF/sam/drivers/pmc/pmc.o
                0x004013f0                pmc_switch_mainck_to_xtal
 .text.pmc_osc_is_ready_mainck
                0x00401444       0x10 src/ASF/sam/drivers/pmc/pmc.o
                0x00401444                pmc_osc_is_ready_mainck
 .text.pmc_disable_pllack
                0x00401454       0x10 src/ASF/sam/drivers/pmc/pmc.o
                0x00401454                pmc_disable_pllack
 .text.pmc_is_locked_pllack
                0x00401464       0x10 src/ASF/sam/drivers/pmc/pmc.o
                0x00401464                pmc_is_locked_pllack
 .text.pmc_enable_periph_clk
                0x00401474       0x54 src/ASF/sam/drivers/pmc/pmc.o
                0x00401474                pmc_enable_periph_clk
 .text.xdmac_configure_transfer
                0x004014c8       0x3c src/ASF/sam/drivers/xdmac/xdmac.o
                0x004014c8                xdmac_configure_transfer
 .text.board_init
                0x00401504       0xd4 src/ASF/common/boards/user_board/init.o
                0x00401504                board_init
 .text.Dummy_Handler
                0x004015d8        0x2 src/ASF/sam/utils/cmsis/same70/source/templates/gcc/startup_same70.o
                0x004015d8                DACC_Handler
                0x004015d8                DebugMon_Handler
                0x004015d8                UART3_Handler
                0x004015d8                UART2_Handler
                0x004015d8                TRNG_Handler
                0x004015d8                HardFault_Handler
                0x004015d8                TC2_Handler
                0x004015d8                AFEC1_Handler
                0x004015d8                PendSV_Handler
                0x004015d8                NMI_Handler
                0x004015d8                QSPI_Handler
                0x004015d8                ISI_Handler
                0x004015d8                TC9_Handler
                0x004015d8                RSWDT_Handler
                0x004015d8                MCAN1_Handler
                0x004015d8                USART0_Handler
                0x004015d8                RTT_Handler
                0x004015d8                USBHS_Handler
                0x004015d8                RTC_Handler
                0x004015d8                UsageFault_Handler
                0x004015d8                WDT_Handler
                0x004015d8                TC1_Handler
                0x004015d8                HSMCI_Handler
                0x004015d8                UART1_Handler
                0x004015d8                Dummy_Handler
                0x004015d8                TWIHS1_Handler
                0x004015d8                UART4_Handler
                0x004015d8                PWM1_Handler
                0x004015d8                USART1_Handler
                0x004015d8                PWM0_Handler
                0x004015d8                AFEC0_Handler
                0x004015d8                SSC_Handler
                0x004015d8                TC11_Handler
                0x004015d8                ACC_Handler
                0x004015d8                PMC_Handler
                0x004015d8                GMAC_Handler
                0x004015d8                MemManage_Handler
                0x004015d8                SUPC_Handler
                0x004015d8                SVC_Handler
                0x004015d8                EFC_Handler
                0x004015d8                USART2_Handler
                0x004015d8                SPI1_Handler
                0x004015d8                MCAN0_Handler
                0x004015d8                TC10_Handler
                0x004015d8                TWIHS2_Handler
                0x004015d8                UART0_Handler
                0x004015d8                BusFault_Handler
                0x004015d8                RSTC_Handler
                0x004015d8                TC0_Handler
                0x004015d8                ICM_Handler
                0x004015d8                AES_Handler
                0x004015d8                TWIHS0_Handler
                0x004015d8                SPI0_Handler
 *fill*         0x004015da        0x2 
 .text.Reset_Handler
                0x004015dc       0xbc src/ASF/sam/utils/cmsis/same70/source/templates/gcc/startup_same70.o
                0x004015dc                Reset_Handler
 .text.SystemCoreClockUpdate
                0x00401698      0x10c src/ASF/sam/utils/cmsis/same70/source/templates/system_same70.o
                0x00401698                SystemCoreClockUpdate
 .text.system_init_flash
                0x004017a4       0x74 src/ASF/sam/utils/cmsis/same70/source/templates/system_same70.o
                0x004017a4                system_init_flash
 .text._sbrk    0x00401818       0x38 src/ASF/sam/utils/syscalls/gcc/syscalls.o
                0x00401818                _sbrk
 .text._close   0x00401850        0x6 src/ASF/sam/utils/syscalls/gcc/syscalls.o
                0x00401850                _close
 .text._fstat   0x00401856        0xa src/ASF/sam/utils/syscalls/gcc/syscalls.o
                0x00401856                _fstat
 .text._isatty  0x00401860        0x4 src/ASF/sam/utils/syscalls/gcc/syscalls.o
                0x00401860                _isatty
 .text._lseek   0x00401864        0x4 src/ASF/sam/utils/syscalls/gcc/syscalls.o
                0x00401864                _lseek
 .text.enableSourceClk
                0x00401868       0x44 src/main.o
                0x00401868                enableSourceClk
 .text.imagingSensorStartDMA
                0x004018ac       0xb0 src/main.o
                0x004018ac                imagingSensorStartDMA
 .text.imagingSensorCaptureEnable
                0x0040195c       0x14 src/main.o
                0x0040195c                imagingSensorCaptureEnable
 .text.imagingSensorCaptureDisable
                0x00401970       0x14 src/main.o
                0x00401970                imagingSensorCaptureDisable
 .text.checkVSync
                0x00401984      0x138 src/main.o
                0x00401984                checkVSync
 .text.PIOA_Handler
                0x00401abc       0x40 src/main.o
                0x00401abc                PIOA_Handler
 .text.XDMAC_Handler
                0x00401afc       0x1c src/main.o
                0x00401afc                XDMAC_Handler
 .text.PWM_Init
                0x00401b18       0xbc src/main.o
                0x00401b18                PWM_Init
 .text.SPI_BitBag_init
                0x00401bd4       0x3c src/main.o
                0x00401bd4                SPI_BitBag_init
 .text.main     0x00401c10      0x1fc src/main.o
                0x00401c10                main
 .text.__libc_init_array
                0x00401e0c       0x50 c:/program files (x86)/atmel/studio/7.0/toolchain/arm/arm-gnu-toolchain/bin/../lib/gcc/arm-none-eabi/6.3.1/../../../../arm-none-eabi/lib/thumb/v7e-m\libc.a(lib_a-init.o)
                0x00401e0c                __libc_init_array
 .text.iprintf  0x00401e5c       0x28 c:/program files (x86)/atmel/studio/7.0/toolchain/arm/arm-gnu-toolchain/bin/../lib/gcc/arm-none-eabi/6.3.1/../../../../arm-none-eabi/lib/thumb/v7e-m\libc.a(lib_a-iprintf.o)
                0x00401e5c                iprintf
 .text          0x00401e84      0x134 c:/program files (x86)/atmel/studio/7.0/toolchain/arm/arm-gnu-toolchain/bin/../lib/gcc/arm-none-eabi/6.3.1/../../../../arm-none-eabi/lib/thumb/v7e-m\libc.a(lib_a-memcpy.o)
                0x00401e84                memcpy
 .text.memset   0x00401fb8       0x9c c:/program files (x86)/atmel/studio/7.0/toolchain/arm/arm-gnu-toolchain/bin/../lib/gcc/arm-none-eabi/6.3.1/../../../../arm-none-eabi/lib/thumb/v7e-m\libc.a(lib_a-memset.o)
                0x00401fb8                memset
 .text.__sprint_r.part.0
                0x00402054       0x80 c:/program files (x86)/atmel/studio/7.0/toolchain/arm/arm-gnu-toolchain/bin/../lib/gcc/arm-none-eabi/6.3.1/../../../../arm-none-eabi/lib/thumb/v7e-m\libc.a(lib_a-vfiprintf.o)
 .text._vfiprintf_r
                0x004020d4      0xc90 c:/program files (x86)/atmel/studio/7.0/toolchain/arm/arm-gnu-toolchain/bin/../lib/gcc/arm-none-eabi/6.3.1/../../../../arm-none-eabi/lib/thumb/v7e-m\libc.a(lib_a-vfiprintf.o)
                0x004020d4                _vfiprintf_r
 .text.__sbprintf
                0x00402d64       0x84 c:/program files (x86)/atmel/studio/7.0/toolchain/arm/arm-gnu-toolchain/bin/../lib/gcc/arm-none-eabi/6.3.1/../../../../arm-none-eabi/lib/thumb/v7e-m\libc.a(lib_a-vfiprintf.o)
 .text.__swsetup_r
                0x00402de8       0xc8 c:/program files (x86)/atmel/studio/7.0/toolchain/arm/arm-gnu-toolchain/bin/../lib/gcc/arm-none-eabi/6.3.1/../../../../arm-none-eabi/lib/thumb/v7e-m\libc.a(lib_a-wsetup.o)
                0x00402de8                __swsetup_r
 .text.startup.register_fini
                0x00402eb0       0x14 c:/program files (x86)/atmel/studio/7.0/toolchain/arm/arm-gnu-toolchain/bin/../lib/gcc/arm-none-eabi/6.3.1/../../../../arm-none-eabi/lib/thumb/v7e-m\libc.a(lib_a-__call_atexit.o)
 .text.atexit   0x00402ec4        0xc c:/program files (x86)/atmel/studio/7.0/toolchain/arm/arm-gnu-toolchain/bin/../lib/gcc/arm-none-eabi/6.3.1/../../../../arm-none-eabi/lib/thumb/v7e-m\libc.a(lib_a-atexit.o)
                0x00402ec4                atexit
 .text.__sflush_r
                0x00402ed0      0x140 c:/program files (x86)/atmel/studio/7.0/toolchain/arm/arm-gnu-toolchain/bin/../lib/gcc/arm-none-eabi/6.3.1/../../../../arm-none-eabi/lib/thumb/v7e-m\libc.a(lib_a-fflush.o)
                0x00402ed0                __sflush_r
 .text._fflush_r
                0x00403010       0x54 c:/program files (x86)/atmel/studio/7.0/toolchain/arm/arm-gnu-toolchain/bin/../lib/gcc/arm-none-eabi/6.3.1/../../../../arm-none-eabi/lib/thumb/v7e-m\libc.a(lib_a-fflush.o)
                0x00403010                _fflush_r
 .text._cleanup_r
                0x00403064        0xc c:/program files (x86)/atmel/studio/7.0/toolchain/arm/arm-gnu-toolchain/bin/../lib/gcc/arm-none-eabi/6.3.1/../../../../arm-none-eabi/lib/thumb/v7e-m\libc.a(lib_a-findfp.o)
                0x00403064                _cleanup_r
 .text.std.isra.0
                0x00403070       0x50 c:/program files (x86)/atmel/studio/7.0/toolchain/arm/arm-gnu-toolchain/bin/../lib/gcc/arm-none-eabi/6.3.1/../../../../arm-none-eabi/lib/thumb/v7e-m\libc.a(lib_a-findfp.o)
 .text.__sinit  0x004030c0       0x58 c:/program files (x86)/atmel/studio/7.0/toolchain/arm/arm-gnu-toolchain/bin/../lib/gcc/arm-none-eabi/6.3.1/../../../../arm-none-eabi/lib/thumb/v7e-m\libc.a(lib_a-findfp.o)
                0x004030c0                __sinit
 .text.__sfp_lock_acquire
                0x00403118        0xc c:/program files (x86)/atmel/studio/7.0/toolchain/arm/arm-gnu-toolchain/bin/../lib/gcc/arm-none-eabi/6.3.1/../../../../arm-none-eabi/lib/thumb/v7e-m\libc.a(lib_a-findfp.o)
                0x00403118                __sfp_lock_acquire
 .text.__sfp_lock_release
                0x00403124        0xc c:/program files (x86)/atmel/studio/7.0/toolchain/arm/arm-gnu-toolchain/bin/../lib/gcc/arm-none-eabi/6.3.1/../../../../arm-none-eabi/lib/thumb/v7e-m\libc.a(lib_a-findfp.o)
                0x00403124                __sfp_lock_release
 .text.__libc_fini_array
                0x00403130       0x34 c:/program files (x86)/atmel/studio/7.0/toolchain/arm/arm-gnu-toolchain/bin/../lib/gcc/arm-none-eabi/6.3.1/../../../../arm-none-eabi/lib/thumb/v7e-m\libc.a(lib_a-fini.o)
                0x00403130                __libc_fini_array
 .text.__fputwc
                0x00403164       0xa0 c:/program files (x86)/atmel/studio/7.0/toolchain/arm/arm-gnu-toolchain/bin/../lib/gcc/arm-none-eabi/6.3.1/../../../../arm-none-eabi/lib/thumb/v7e-m\libc.a(lib_a-fputwc.o)
                0x00403164                __fputwc
 .text._fputwc_r
                0x00403204       0x68 c:/program files (x86)/atmel/studio/7.0/toolchain/arm/arm-gnu-toolchain/bin/../lib/gcc/arm-none-eabi/6.3.1/../../../../arm-none-eabi/lib/thumb/v7e-m\libc.a(lib_a-fputwc.o)
                0x00403204                _fputwc_r
 .text._malloc_trim_r
                0x0040326c       0xa0 c:/program files (x86)/atmel/studio/7.0/toolchain/arm/arm-gnu-toolchain/bin/../lib/gcc/arm-none-eabi/6.3.1/../../../../arm-none-eabi/lib/thumb/v7e-m\libc.a(lib_a-freer.o)
                0x0040326c                _malloc_trim_r
 .text._free_r  0x0040330c      0x1cc c:/program files (x86)/atmel/studio/7.0/toolchain/arm/arm-gnu-toolchain/bin/../lib/gcc/arm-none-eabi/6.3.1/../../../../arm-none-eabi/lib/thumb/v7e-m\libc.a(lib_a-freer.o)
                0x0040330c                _free_r
 .text.__sfvwrite_r
                0x004034d8      0x2f0 c:/program files (x86)/atmel/studio/7.0/toolchain/arm/arm-gnu-toolchain/bin/../lib/gcc/arm-none-eabi/6.3.1/../../../../arm-none-eabi/lib/thumb/v7e-m\libc.a(lib_a-fvwrite.o)
                0x004034d8                __sfvwrite_r
 .text._fwalk_reent
                0x004037c8       0x54 c:/program files (x86)/atmel/studio/7.0/toolchain/arm/arm-gnu-toolchain/bin/../lib/gcc/arm-none-eabi/6.3.1/../../../../arm-none-eabi/lib/thumb/v7e-m\libc.a(lib_a-fwalk.o)
                0x004037c8                _fwalk_reent
 .text.__locale_mb_cur_max
                0x0040381c       0x1c c:/program files (x86)/atmel/studio/7.0/toolchain/arm/arm-gnu-toolchain/bin/../lib/gcc/arm-none-eabi/6.3.1/../../../../arm-none-eabi/lib/thumb/v7e-m\libc.a(lib_a-locale.o)
                0x0040381c                __locale_mb_cur_max
 .text.__retarget_lock_init_recursive
                0x00403838        0x4 c:/program files (x86)/atmel/studio/7.0/toolchain/arm/arm-gnu-toolchain/bin/../lib/gcc/arm-none-eabi/6.3.1/../../../../arm-none-eabi/lib/thumb/v7e-m\libc.a(lib_a-lock.o)
                0x00403838                __retarget_lock_init_recursive
 .text.__retarget_lock_close_recursive
                0x0040383c        0x4 c:/program files (x86)/atmel/studio/7.0/toolchain/arm/arm-gnu-toolchain/bin/../lib/gcc/arm-none-eabi/6.3.1/../../../../arm-none-eabi/lib/thumb/v7e-m\libc.a(lib_a-lock.o)
                0x0040383c                __retarget_lock_close_recursive
 .text.__retarget_lock_acquire_recursive
                0x00403840        0x4 c:/program files (x86)/atmel/studio/7.0/toolchain/arm/arm-gnu-toolchain/bin/../lib/gcc/arm-none-eabi/6.3.1/../../../../arm-none-eabi/lib/thumb/v7e-m\libc.a(lib_a-lock.o)
                0x00403840                __retarget_lock_acquire_recursive
 .text.__retarget_lock_release_recursive
                0x00403844        0x4 c:/program files (x86)/atmel/studio/7.0/toolchain/arm/arm-gnu-toolchain/bin/../lib/gcc/arm-none-eabi/6.3.1/../../../../arm-none-eabi/lib/thumb/v7e-m\libc.a(lib_a-lock.o)
                0x00403844                __retarget_lock_release_recursive
 .text.__swhatbuf_r
                0x00403848       0x5c c:/program files (x86)/atmel/studio/7.0/toolchain/arm/arm-gnu-toolchain/bin/../lib/gcc/arm-none-eabi/6.3.1/../../../../arm-none-eabi/lib/thumb/v7e-m\libc.a(lib_a-makebuf.o)
                0x00403848                __swhatbuf_r
 .text.__smakebuf_r
                0x004038a4       0x94 c:/program files (x86)/atmel/studio/7.0/toolchain/arm/arm-gnu-toolchain/bin/../lib/gcc/arm-none-eabi/6.3.1/../../../../arm-none-eabi/lib/thumb/v7e-m\libc.a(lib_a-makebuf.o)
                0x004038a4                __smakebuf_r
 .text._malloc_r
                0x00403938      0x560 c:/program files (x86)/atmel/studio/7.0/toolchain/arm/arm-gnu-toolchain/bin/../lib/gcc/arm-none-eabi/6.3.1/../../../../arm-none-eabi/lib/thumb/v7e-m\libc.a(lib_a-mallocr.o)
                0x00403938                _malloc_r
 .text.__ascii_mbtowc
                0x00403e98       0x2c c:/program files (x86)/atmel/studio/7.0/toolchain/arm/arm-gnu-toolchain/bin/../lib/gcc/arm-none-eabi/6.3.1/../../../../arm-none-eabi/lib/thumb/v7e-m\libc.a(lib_a-mbtowc_r.o)
                0x00403e98                __ascii_mbtowc
 *fill*         0x00403ec4        0xc 
 .text          0x00403ed0       0xa0 c:/program files (x86)/atmel/studio/7.0/toolchain/arm/arm-gnu-toolchain/bin/../lib/gcc/arm-none-eabi/6.3.1/../../../../arm-none-eabi/lib/thumb/v7e-m\libc.a(lib_a-memchr.o)
                0x00403ed0                memchr
 .text.memmove  0x00403f70       0xc8 c:/program files (x86)/atmel/studio/7.0/toolchain/arm/arm-gnu-toolchain/bin/../lib/gcc/arm-none-eabi/6.3.1/../../../../arm-none-eabi/lib/thumb/v7e-m\libc.a(lib_a-memmove.o)
                0x00403f70                memmove
 .text.__malloc_lock
                0x00404038        0xc c:/program files (x86)/atmel/studio/7.0/toolchain/arm/arm-gnu-toolchain/bin/../lib/gcc/arm-none-eabi/6.3.1/../../../../arm-none-eabi/lib/thumb/v7e-m\libc.a(lib_a-mlock.o)
                0x00404038                __malloc_lock
 .text.__malloc_unlock
                0x00404044        0xc c:/program files (x86)/atmel/studio/7.0/toolchain/arm/arm-gnu-toolchain/bin/../lib/gcc/arm-none-eabi/6.3.1/../../../../arm-none-eabi/lib/thumb/v7e-m\libc.a(lib_a-mlock.o)
                0x00404044                __malloc_unlock
 .text._realloc_r
                0x00404050      0x34c c:/program files (x86)/atmel/studio/7.0/toolchain/arm/arm-gnu-toolchain/bin/../lib/gcc/arm-none-eabi/6.3.1/../../../../arm-none-eabi/lib/thumb/v7e-m\libc.a(lib_a-reallocr.o)
                0x00404050                _realloc_r
 .text._sbrk_r  0x0040439c       0x24 c:/program files (x86)/atmel/studio/7.0/toolchain/arm/arm-gnu-toolchain/bin/../lib/gcc/arm-none-eabi/6.3.1/../../../../arm-none-eabi/lib/thumb/v7e-m\libc.a(lib_a-sbrkr.o)
                0x0040439c                _sbrk_r
 .text.__sread  0x004043c0       0x24 c:/program files (x86)/atmel/studio/7.0/toolchain/arm/arm-gnu-toolchain/bin/../lib/gcc/arm-none-eabi/6.3.1/../../../../arm-none-eabi/lib/thumb/v7e-m\libc.a(lib_a-stdio.o)
                0x004043c0                __sread
 .text.__swrite
                0x004043e4       0x3c c:/program files (x86)/atmel/studio/7.0/toolchain/arm/arm-gnu-toolchain/bin/../lib/gcc/arm-none-eabi/6.3.1/../../../../arm-none-eabi/lib/thumb/v7e-m\libc.a(lib_a-stdio.o)
                0x004043e4                __swrite
 .text.__sseek  0x00404420       0x20 c:/program files (x86)/atmel/studio/7.0/toolchain/arm/arm-gnu-toolchain/bin/../lib/gcc/arm-none-eabi/6.3.1/../../../../arm-none-eabi/lib/thumb/v7e-m\libc.a(lib_a-stdio.o)
                0x00404420                __sseek
 .text.__sclose
                0x00404440        0x8 c:/program files (x86)/atmel/studio/7.0/toolchain/arm/arm-gnu-toolchain/bin/../lib/gcc/arm-none-eabi/6.3.1/../../../../arm-none-eabi/lib/thumb/v7e-m\libc.a(lib_a-stdio.o)
                0x00404440                __sclose
 *fill*         0x00404448       0x38 
 .text          0x00404480       0xdc c:/program files (x86)/atmel/studio/7.0/toolchain/arm/arm-gnu-toolchain/bin/../lib/gcc/arm-none-eabi/6.3.1/../../../../arm-none-eabi/lib/thumb/v7e-m\libc.a(lib_a-strlen.o)
                0x00404480                strlen
 .text.__swbuf_r
                0x0040455c       0xb0 c:/program files (x86)/atmel/studio/7.0/toolchain/arm/arm-gnu-toolchain/bin/../lib/gcc/arm-none-eabi/6.3.1/../../../../arm-none-eabi/lib/thumb/v7e-m\libc.a(lib_a-wbuf.o)
                0x0040455c                __swbuf_r
 .text._wcrtomb_r
                0x0040460c       0x54 c:/program files (x86)/atmel/studio/7.0/toolchain/arm/arm-gnu-toolchain/bin/../lib/gcc/arm-none-eabi/6.3.1/../../../../arm-none-eabi/lib/thumb/v7e-m\libc.a(lib_a-wcrtomb.o)
                0x0040460c                _wcrtomb_r
 .text.__ascii_wctomb
                0x00404660       0x1c c:/program files (x86)/atmel/studio/7.0/toolchain/arm/arm-gnu-toolchain/bin/../lib/gcc/arm-none-eabi/6.3.1/../../../../arm-none-eabi/lib/thumb/v7e-m\libc.a(lib_a-wctomb_r.o)
                0x00404660                __ascii_wctomb
 .text._write_r
                0x0040467c       0x2c c:/program files (x86)/atmel/studio/7.0/toolchain/arm/arm-gnu-toolchain/bin/../lib/gcc/arm-none-eabi/6.3.1/../../../../arm-none-eabi/lib/thumb/v7e-m\libc.a(lib_a-writer.o)
                0x0040467c                _write_r
 .text.__register_exitproc
                0x004046a8       0xc4 c:/program files (x86)/atmel/studio/7.0/toolchain/arm/arm-gnu-toolchain/bin/../lib/gcc/arm-none-eabi/6.3.1/../../../../arm-none-eabi/lib/thumb/v7e-m\libc.a(lib_a-__atexit.o)
                0x004046a8                __register_exitproc
 .text._close_r
                0x0040476c       0x24 c:/program files (x86)/atmel/studio/7.0/toolchain/arm/arm-gnu-toolchain/bin/../lib/gcc/arm-none-eabi/6.3.1/../../../../arm-none-eabi/lib/thumb/v7e-m\libc.a(lib_a-closer.o)
                0x0040476c                _close_r
 .text._fclose_r
                0x00404790       0xc4 c:/program files (x86)/atmel/studio/7.0/toolchain/arm/arm-gnu-toolchain/bin/../lib/gcc/arm-none-eabi/6.3.1/../../../../arm-none-eabi/lib/thumb/v7e-m\libc.a(lib_a-fclose.o)
                0x00404790                _fclose_r
 .text._fstat_r
                0x00404854       0x28 c:/program files (x86)/atmel/studio/7.0/toolchain/arm/arm-gnu-toolchain/bin/../lib/gcc/arm-none-eabi/6.3.1/../../../../arm-none-eabi/lib/thumb/v7e-m\libc.a(lib_a-fstatr.o)
                0x00404854                _fstat_r
 .text._isatty_r
                0x0040487c       0x24 c:/program files (x86)/atmel/studio/7.0/toolchain/arm/arm-gnu-toolchain/bin/../lib/gcc/arm-none-eabi/6.3.1/../../../../arm-none-eabi/lib/thumb/v7e-m\libc.a(lib_a-isattyr.o)
                0x0040487c                _isatty_r
 .text._lseek_r
                0x004048a0       0x2c c:/program files (x86)/atmel/studio/7.0/toolchain/arm/arm-gnu-toolchain/bin/../lib/gcc/arm-none-eabi/6.3.1/../../../../arm-none-eabi/lib/thumb/v7e-m\libc.a(lib_a-lseekr.o)
                0x004048a0                _lseek_r
 .text._read_r  0x004048cc       0x2c c:/program files (x86)/atmel/studio/7.0/toolchain/arm/arm-gnu-toolchain/bin/../lib/gcc/arm-none-eabi/6.3.1/../../../../arm-none-eabi/lib/thumb/v7e-m\libc.a(lib_a-readr.o)
                0x004048cc                _read_r
 .text          0x004048f8       0x30 c:/program files (x86)/atmel/studio/7.0/toolchain/arm/arm-gnu-toolchain/bin/../lib/gcc/arm-none-eabi/6.3.1/thumb/v7e-m\libgcc.a(_aeabi_uldivmod.o)
                0x004048f8                __aeabi_uldivmod
 .text          0x00404928      0x2dc c:/program files (x86)/atmel/studio/7.0/toolchain/arm/arm-gnu-toolchain/bin/../lib/gcc/arm-none-eabi/6.3.1/thumb/v7e-m\libgcc.a(_udivmoddi4.o)
                0x00404928                __udivmoddi4
 .text          0x00404c04        0x4 c:/program files (x86)/atmel/studio/7.0/toolchain/arm/arm-gnu-toolchain/bin/../lib/gcc/arm-none-eabi/6.3.1/thumb/v7e-m\libgcc.a(_dvmd_tls.o)
                0x00404c04                __aeabi_idiv0
                0x00404c04                __aeabi_ldiv0
 *(.glue_7t)
 .glue_7t       0x00404c08        0x0 linker stubs
 *(.glue_7)
 .glue_7        0x00404c08        0x0 linker stubs
 *(.rodata .rodata* .gnu.linkonce.r.*)
 .rodata.mmc_trans_multipliers
                0x00404c08       0x40 src/ASF/common/components/memory/sd_mmc/sd_mmc.o
                0x00404c08                mmc_trans_multipliers
 .rodata.sd_mmc_trans_units
                0x00404c48       0x1c src/ASF/common/components/memory/sd_mmc/sd_mmc.o
                0x00404c48                sd_mmc_trans_units
 .rodata.sd_trans_multipliers
                0x00404c64       0x40 src/ASF/common/components/memory/sd_mmc/sd_mmc.o
                0x00404c64                sd_trans_multipliers
 .rodata        0x00404ca4       0x2c src/ASF/sam/drivers/pwm/pwm.o
 .rodata.main.str1.4
                0x00404cd0       0x1e src/main.o
 *fill*         0x00404cee        0x2 
 .rodata._global_impure_ptr
                0x00404cf0        0x4 c:/program files (x86)/atmel/studio/7.0/toolchain/arm/arm-gnu-toolchain/bin/../lib/gcc/arm-none-eabi/6.3.1/../../../../arm-none-eabi/lib/thumb/v7e-m\libc.a(lib_a-impure.o)
                0x00404cf0                _global_impure_ptr
 .rodata._vfiprintf_r.str1.4
                0x00404cf4       0x2f c:/program files (x86)/atmel/studio/7.0/toolchain/arm/arm-gnu-toolchain/bin/../lib/gcc/arm-none-eabi/6.3.1/../../../../arm-none-eabi/lib/thumb/v7e-m\libc.a(lib_a-vfiprintf.o)
 *fill*         0x00404d23        0x1 
 .rodata.blanks.7217
                0x00404d24       0x10 c:/program files (x86)/atmel/studio/7.0/toolchain/arm/arm-gnu-toolchain/bin/../lib/gcc/arm-none-eabi/6.3.1/../../../../arm-none-eabi/lib/thumb/v7e-m\libc.a(lib_a-vfiprintf.o)
 .rodata.zeroes.7218
                0x00404d34       0x10 c:/program files (x86)/atmel/studio/7.0/toolchain/arm/arm-gnu-toolchain/bin/../lib/gcc/arm-none-eabi/6.3.1/../../../../arm-none-eabi/lib/thumb/v7e-m\libc.a(lib_a-vfiprintf.o)
 .rodata._setlocale_r.str1.4
                0x00404d44        0xa c:/program files (x86)/atmel/studio/7.0/toolchain/arm/arm-gnu-toolchain/bin/../lib/gcc/arm-none-eabi/6.3.1/../../../../arm-none-eabi/lib/thumb/v7e-m\libc.a(lib_a-locale.o)
                                  0xd (size before relaxing)
 .rodata.str1.4
                0x00404d4e        0xc c:/program files (x86)/atmel/studio/7.0/toolchain/arm/arm-gnu-toolchain/bin/../lib/gcc/arm-none-eabi/6.3.1/../../../../arm-none-eabi/lib/thumb/v7e-m\libc.a(lib_a-locale.o)
                                  0x2 (size before relaxing)
 *fill*         0x00404d4e        0x2 
 .rodata._ctype_
                0x00404d50      0x101 c:/program files (x86)/atmel/studio/7.0/toolchain/arm/arm-gnu-toolchain/bin/../lib/gcc/arm-none-eabi/6.3.1/../../../../arm-none-eabi/lib/thumb/v7e-m\libc.a(lib_a-ctype_.o)
                0x00404d50                _ctype_
 *(.ARM.extab* .gnu.linkonce.armextab.*)
                0x00404e54                . = ALIGN (0x4)
 *fill*         0x00404e51        0x3 
 *(.init)
 .init          0x00404e54        0x4 c:/program files (x86)/atmel/studio/7.0/toolchain/arm/arm-gnu-toolchain/bin/../lib/gcc/arm-none-eabi/6.3.1/thumb/v7e-m/crti.o
                0x00404e54                _init
 .init          0x00404e58        0x8 c:/program files (x86)/atmel/studio/7.0/toolchain/arm/arm-gnu-toolchain/bin/../lib/gcc/arm-none-eabi/6.3.1/thumb/v7e-m/crtn.o
                0x00404e60                . = ALIGN (0x4)
                0x00404e60                __preinit_array_start = .
 *(.preinit_array)
                0x00404e60                __preinit_array_end = .
                0x00404e60                . = ALIGN (0x4)
                0x00404e60                __init_array_start = .
 *(SORT(.init_array.*))
 .init_array.00000
                0x00404e60        0x4 c:/program files (x86)/atmel/studio/7.0/toolchain/arm/arm-gnu-toolchain/bin/../lib/gcc/arm-none-eabi/6.3.1/../../../../arm-none-eabi/lib/thumb/v7e-m\libc.a(lib_a-__call_atexit.o)
 *(.init_array)
 .init_array    0x00404e64        0x4 c:/program files (x86)/atmel/studio/7.0/toolchain/arm/arm-gnu-toolchain/bin/../lib/gcc/arm-none-eabi/6.3.1/thumb/v7e-m/crtbegin.o
                0x00404e68                __init_array_end = .
                0x00404e68                . = ALIGN (0x4)
 *crtbegin.o(.ctors)
 *(EXCLUDE_FILE(*crtend.o) .ctors)
 *(SORT(.ctors.*))
 *crtend.o(.ctors)
                0x00404e68                . = ALIGN (0x4)
 *(.fini)
 .fini          0x00404e68        0x4 c:/program files (x86)/atmel/studio/7.0/toolchain/arm/arm-gnu-toolchain/bin/../lib/gcc/arm-none-eabi/6.3.1/thumb/v7e-m/crti.o
                0x00404e68                _fini
 .fini          0x00404e6c        0x8 c:/program files (x86)/atmel/studio/7.0/toolchain/arm/arm-gnu-toolchain/bin/../lib/gcc/arm-none-eabi/6.3.1/thumb/v7e-m/crtn.o
                0x00404e74                . = ALIGN (0x4)
                0x00404e74                __fini_array_start = .
 *(.fini_array)
 .fini_array    0x00404e74        0x4 c:/program files (x86)/atmel/studio/7.0/toolchain/arm/arm-gnu-toolchain/bin/../lib/gcc/arm-none-eabi/6.3.1/thumb/v7e-m/crtbegin.o
 *(SORT(.fini_array.*))
                0x00404e78                __fini_array_end = .
 *crtbegin.o(.dtors)
 *(EXCLUDE_FILE(*crtend.o) .dtors)
 *(SORT(.dtors.*))
 *crtend.o(.dtors)
                0x00404e78                . = ALIGN (0x4)
                0x00404e78                _efixed = .
                [!provide]                PROVIDE (__exidx_start, .)

.vfp11_veneer   0x00404e78        0x0
 .vfp11_veneer  0x00404e78        0x0 linker stubs

.v4_bx          0x00404e78        0x0
 .v4_bx         0x00404e78        0x0 linker stubs

.iplt           0x00404e78        0x0
 .iplt          0x00404e78        0x0 c:/program files (x86)/atmel/studio/7.0/toolchain/arm/arm-gnu-toolchain/bin/../lib/gcc/arm-none-eabi/6.3.1/thumb/v7e-m/crtbegin.o

.ARM.exidx      0x00404e78        0x8
 *(.ARM.exidx* .gnu.linkonce.armexidx.*)
 .ARM.exidx     0x00404e78        0x8 c:/program files (x86)/atmel/studio/7.0/toolchain/arm/arm-gnu-toolchain/bin/../lib/gcc/arm-none-eabi/6.3.1/thumb/v7e-m\libgcc.a(_udivmoddi4.o)
                [!provide]                PROVIDE (__exidx_end, .)

.eh_frame       0x00404e80        0x0
 .eh_frame      0x00404e80        0x0 c:/program files (x86)/atmel/studio/7.0/toolchain/arm/arm-gnu-toolchain/bin/../lib/gcc/arm-none-eabi/6.3.1/thumb/v7e-m/crtbegin.o

.rel.dyn        0x00404e80        0x0
 .rel.iplt      0x00404e80        0x0 c:/program files (x86)/atmel/studio/7.0/toolchain/arm/arm-gnu-toolchain/bin/../lib/gcc/arm-none-eabi/6.3.1/thumb/v7e-m/crtbegin.o

.jcr            0x00404e80        0x0
 .jcr           0x00404e80        0x0 c:/program files (x86)/atmel/studio/7.0/toolchain/arm/arm-gnu-toolchain/bin/../lib/gcc/arm-none-eabi/6.3.1/thumb/v7e-m/crtbegin.o

.igot.plt       0x00404e80        0x0
 .igot.plt      0x00404e80        0x0 c:/program files (x86)/atmel/studio/7.0/toolchain/arm/arm-gnu-toolchain/bin/../lib/gcc/arm-none-eabi/6.3.1/thumb/v7e-m/crtbegin.o
                0x00404e80                . = ALIGN (0x4)
                0x00404e80                _etext = .

.relocate       0x20400000      0x9c0 load address 0x00404e80
                0x20400000                . = ALIGN (0x4)
                0x20400000                _srelocate = .
 *(.ramfunc .ramfunc.*)
 .ramfunc       0x20400000        0xa src/ASF/common/services/delay/sam/cycle_counter.o
                0x20400000                portable_delay_cycles
 *(.data .data.*)
 .data.g_interrupt_enabled
                0x2040000a        0x1 src/ASF/common/utils/interrupt/interrupt_sam_nvic.o
                0x2040000a                g_interrupt_enabled
 *fill*         0x2040000b        0x1 
 .data.SystemCoreClock
                0x2040000c        0x4 src/ASF/sam/utils/cmsis/same70/source/templates/system_same70.o
                0x2040000c                SystemCoreClock
 .data._impure_ptr
                0x20400010        0x4 c:/program files (x86)/atmel/studio/7.0/toolchain/arm/arm-gnu-toolchain/bin/../lib/gcc/arm-none-eabi/6.3.1/../../../../arm-none-eabi/lib/thumb/v7e-m\libc.a(lib_a-impure.o)
                0x20400010                _impure_ptr
 *fill*         0x20400014        0x4 
 .data.impure_data
                0x20400018      0x428 c:/program files (x86)/atmel/studio/7.0/toolchain/arm/arm-gnu-toolchain/bin/../lib/gcc/arm-none-eabi/6.3.1/../../../../arm-none-eabi/lib/thumb/v7e-m\libc.a(lib_a-impure.o)
 .data.__atexit_recursive_mutex
                0x20400440        0x4 c:/program files (x86)/atmel/studio/7.0/toolchain/arm/arm-gnu-toolchain/bin/../lib/gcc/arm-none-eabi/6.3.1/../../../../arm-none-eabi/lib/thumb/v7e-m\libc.a(lib_a-__call_atexit.o)
                0x20400440                __atexit_recursive_mutex
 .data.__global_locale
                0x20400444      0x16c c:/program files (x86)/atmel/studio/7.0/toolchain/arm/arm-gnu-toolchain/bin/../lib/gcc/arm-none-eabi/6.3.1/../../../../arm-none-eabi/lib/thumb/v7e-m\libc.a(lib_a-locale.o)
                0x20400444                __global_locale
 .data.__malloc_av_
                0x204005b0      0x408 c:/program files (x86)/atmel/studio/7.0/toolchain/arm/arm-gnu-toolchain/bin/../lib/gcc/arm-none-eabi/6.3.1/../../../../arm-none-eabi/lib/thumb/v7e-m\libc.a(lib_a-mallocr.o)
                0x204005b0                __malloc_av_
 .data.__malloc_sbrk_base
                0x204009b8        0x4 c:/program files (x86)/atmel/studio/7.0/toolchain/arm/arm-gnu-toolchain/bin/../lib/gcc/arm-none-eabi/6.3.1/../../../../arm-none-eabi/lib/thumb/v7e-m\libc.a(lib_a-mallocr.o)
                0x204009b8                __malloc_sbrk_base
 .data.__malloc_trim_threshold
                0x204009bc        0x4 c:/program files (x86)/atmel/studio/7.0/toolchain/arm/arm-gnu-toolchain/bin/../lib/gcc/arm-none-eabi/6.3.1/../../../../arm-none-eabi/lib/thumb/v7e-m\libc.a(lib_a-mallocr.o)
                0x204009bc                __malloc_trim_threshold
                0x204009c0                . = ALIGN (0x4)
                0x204009c0                _erelocate = .

.bss            0x204009c0    0x52bb4 load address 0x00405840
                0x204009c0                . = ALIGN (0x4)
                0x204009c0                _sbss = .
                0x204009c0                _szero = .
 *(.bss .bss.*)
 .bss           0x204009c0       0x1c c:/program files (x86)/atmel/studio/7.0/toolchain/arm/arm-gnu-toolchain/bin/../lib/gcc/arm-none-eabi/6.3.1/thumb/v7e-m/crtbegin.o
 .bss.sd_mmc_card
                0x204009dc        0x4 src/ASF/common/components/memory/sd_mmc/sd_mmc.o
 .bss.sd_mmc_cards
                0x204009e0       0x20 src/ASF/common/components/memory/sd_mmc/sd_mmc.o
 .bss.sd_mmc_nb_block_remaining
                0x20400a00        0x2 src/ASF/common/components/memory/sd_mmc/sd_mmc.o
 .bss.sd_mmc_nb_block_to_tranfer
                0x20400a02        0x2 src/ASF/common/components/memory/sd_mmc/sd_mmc.o
 .bss.sd_mmc_slot_sel
                0x20400a04        0x1 src/ASF/common/components/memory/sd_mmc/sd_mmc.o
 *fill*         0x20400a05        0x1 
 .bss.hsmci_block_size
                0x20400a06        0x2 src/ASF/sam/drivers/hsmci/hsmci.o
 .bss.hsmci_nb_block
                0x20400a08        0x2 src/ASF/sam/drivers/hsmci/hsmci.o
 *fill*         0x20400a0a        0x2 
 .bss.hsmci_transfert_pos
                0x20400a0c        0x4 src/ASF/sam/drivers/hsmci/hsmci.o
 .bss.gs_interrupt_sources
                0x20400a10       0x70 src/ASF/sam/drivers/pio/pio_handler.o
 .bss.g_ms_ticks
                0x20400a80        0x4 src/time_tick_sam.o
                0x20400a80                g_ms_ticks
 .bss.heap.6420
                0x20400a84        0x4 src/ASF/sam/utils/syscalls/gcc/syscalls.o
 .bss.captureEnabled
                0x20400a88        0x1 src/main.o
                0x20400a88                captureEnabled
 *fill*         0x20400a89        0x3 
 .bss.frameNumber
                0x20400a8c        0x4 src/main.o
                0x20400a8c                frameNumber
 .bss.imageBuffer.11158
                0x20400a90    0x14a00 src/main.o
 .bss.imageBuffer0
                0x20415490    0x14a00 src/main.o
 .bss.imageBuffer1
                0x20429e90    0x14a00 src/main.o
 .bss.imageBuffer2
                0x2043e890    0x14a00 src/main.o
 .bss.lineCount
                0x20453290        0x4 src/main.o
                0x20453290                lineCount
 .bss.overflowCount
                0x20453294        0x4 src/main.o
                0x20453294                overflowCount
 .bss.pcISR     0x20453298        0x4 src/main.o
                0x20453298                pcISR
 .bss.sdImageWriteFrameNum
                0x2045329c        0x4 src/main.o
                0x2045329c                sdImageWriteFrameNum
 .bss.startRecording
                0x204532a0        0x1 src/main.o
                0x204532a0                startRecording
 *fill*         0x204532a1        0x3 
 .bss.testPoint
                0x204532a4        0x4 src/main.o
                0x204532a4                testPoint
 .bss.xferDMAComplete
                0x204532a8        0x4 src/main.o
                0x204532a8                xferDMAComplete
 .bss.__malloc_current_mallinfo
                0x204532ac       0x28 c:/program files (x86)/atmel/studio/7.0/toolchain/arm/arm-gnu-toolchain/bin/../lib/gcc/arm-none-eabi/6.3.1/../../../../arm-none-eabi/lib/thumb/v7e-m\libc.a(lib_a-mallocr.o)
                0x204532ac                __malloc_current_mallinfo
 .bss.__malloc_max_sbrked_mem
                0x204532d4        0x4 c:/program files (x86)/atmel/studio/7.0/toolchain/arm/arm-gnu-toolchain/bin/../lib/gcc/arm-none-eabi/6.3.1/../../../../arm-none-eabi/lib/thumb/v7e-m\libc.a(lib_a-mallocr.o)
                0x204532d4                __malloc_max_sbrked_mem
 .bss.__malloc_max_total_mem
                0x204532d8        0x4 c:/program files (x86)/atmel/studio/7.0/toolchain/arm/arm-gnu-toolchain/bin/../lib/gcc/arm-none-eabi/6.3.1/../../../../arm-none-eabi/lib/thumb/v7e-m\libc.a(lib_a-mallocr.o)
                0x204532d8                __malloc_max_total_mem
 .bss.__malloc_top_pad
                0x204532dc        0x4 c:/program files (x86)/atmel/studio/7.0/toolchain/arm/arm-gnu-toolchain/bin/../lib/gcc/arm-none-eabi/6.3.1/../../../../arm-none-eabi/lib/thumb/v7e-m\libc.a(lib_a-mallocr.o)
                0x204532dc                __malloc_top_pad
 *(COMMON)
 COMMON         0x204532e0        0x4 src/ASF/common/utils/stdio/read.o
                0x204532e0                ptr_get
 COMMON         0x204532e4        0x8 src/ASF/common/utils/stdio/write.o
                0x204532e4                ptr_put
                0x204532e8                stdio_base
 COMMON         0x204532ec      0x260 src/main.o
                0x204532ec                g_pwm_channel_led
                0x20453328                packetCMOS
                0x2045333c                nbErrors
                0x20453340                tick_start
                0x20453344                test
                0x20453544                i2cbuf
                0x20453548                time_ms
 COMMON         0x2045354c       0x21 c:/program files (x86)/atmel/studio/7.0/toolchain/arm/arm-gnu-toolchain/bin/../lib/gcc/arm-none-eabi/6.3.1/../../../../arm-none-eabi/lib/thumb/v7e-m\libc.a(lib_a-lock.o)
                0x2045354c                __lock___atexit_recursive_mutex
                0x20453550                __lock___arc4random_mutex
                0x20453554                __lock___env_recursive_mutex
                0x20453558                __lock___sinit_recursive_mutex
                0x2045355c                __lock___malloc_recursive_mutex
                0x20453560                __lock___at_quick_exit_mutex
                0x20453564                __lock___dd_hash_mutex
                0x20453568                __lock___tz_mutex
                0x2045356c                __lock___sfp_recursive_mutex
 *fill*         0x2045356d        0x3 
 COMMON         0x20453570        0x4 c:/program files (x86)/atmel/studio/7.0/toolchain/arm/arm-gnu-toolchain/bin/../lib/gcc/arm-none-eabi/6.3.1/../../../../arm-none-eabi/lib/thumb/v7e-m\libc.a(lib_a-reent.o)
                0x20453570                errno
                0x20453574                . = ALIGN (0x4)
                0x20453574                _ebss = .
                0x20453574                _ezero = .

.stack          0x20453574     0x2004 load address 0x004583f4
                0x20453578                . = ALIGN (0x8)
 *fill*         0x20453574        0x4 
                0x20453578                _sstack = .
                0x20455578                . = (. + STACK_SIZE)
 *fill*         0x20453578     0x2000 
                0x20455578                . = ALIGN (0x8)
                0x20455578                _estack = .

.heap           0x20455578      0x200 load address 0x0045a3f8
                0x20455578                . = ALIGN (0x8)
                0x20455578                _sheap = .
                0x20455778                . = (. + HEAP_SIZE)
 *fill*         0x20455578      0x200 
                0x20455778                . = ALIGN (0x8)
                0x20455778                _eheap = .
                0x20455778                . = ALIGN (0x4)
                0x20455778                _end = .
                0x2045ffff                _ram_end_ = ((ORIGIN (ram) + LENGTH (ram)) - 0x1)
OUTPUT(WFMiniScopeV4.elf elf32-littlearm)

.ARM.attributes
                0x00000000       0x2e
 .ARM.attributes
                0x00000000       0x1e c:/program files (x86)/atmel/studio/7.0/toolchain/arm/arm-gnu-toolchain/bin/../lib/gcc/arm-none-eabi/6.3.1/thumb/v7e-m/crti.o
 .ARM.attributes
                0x0000001e       0x2e c:/program files (x86)/atmel/studio/7.0/toolchain/arm/arm-gnu-toolchain/bin/../lib/gcc/arm-none-eabi/6.3.1/thumb/v7e-m/crtbegin.o
 .ARM.attributes
                0x0000004c       0x37 src/ASF/common/components/memory/sd_mmc/sd_mmc.o
 .ARM.attributes
                0x00000083       0x37 src/ASF/common/utils/stdio/read.o
 .ARM.attributes
                0x000000ba       0x37 src/ASF/common/utils/stdio/write.o
 .ARM.attributes
                0x000000f1       0x37 src/ASF/sam/drivers/hsmci/hsmci.o
 .ARM.attributes
                0x00000128       0x37 src/ASF/sam/drivers/matrix/matrix.o
 .ARM.attributes
                0x0000015f       0x37 src/ASF/sam/drivers/pio/pio.o
 .ARM.attributes
                0x00000196       0x37 src/ASF/sam/drivers/pio/pio_handler.o
 .ARM.attributes
                0x000001cd       0x37 src/ASF/sam/drivers/pwm/pwm.o
 .ARM.attributes
                0x00000204       0x37 src/time_tick_sam.o
 .ARM.attributes
                0x0000023b       0x37 src/ASF/common/services/delay/sam/cycle_counter.o
 .ARM.attributes
                0x00000272       0x37 src/ASF/common/services/clock/same70/sysclk.o
 .ARM.attributes
                0x000002a9       0x37 src/ASF/sam/drivers/pmc/pmc.o
 .ARM.attributes
                0x000002e0       0x37 src/ASF/sam/drivers/xdmac/xdmac.o
 .ARM.attributes
                0x00000317       0x37 src/ASF/common/boards/user_board/init.o
 .ARM.attributes
                0x0000034e       0x37 src/ASF/common/utils/interrupt/interrupt_sam_nvic.o
 .ARM.attributes
                0x00000385       0x37 src/ASF/sam/utils/cmsis/same70/source/templates/gcc/startup_same70.o
 .ARM.attributes
                0x000003bc       0x37 src/ASF/sam/utils/cmsis/same70/source/templates/system_same70.o
 .ARM.attributes
                0x000003f3       0x37 src/ASF/sam/utils/syscalls/gcc/syscalls.o
 .ARM.attributes
                0x0000042a       0x37 src/main.o
 .ARM.attributes
                0x00000461       0x2e c:/program files (x86)/atmel/studio/7.0/toolchain/arm/arm-gnu-toolchain/bin/../lib/gcc/arm-none-eabi/6.3.1/../../../../arm-none-eabi/lib/thumb/v7e-m\libc.a(lib_a-impure.o)
 .ARM.attributes
                0x0000048f       0x2e c:/program files (x86)/atmel/studio/7.0/toolchain/arm/arm-gnu-toolchain/bin/../lib/gcc/arm-none-eabi/6.3.1/../../../../arm-none-eabi/lib/thumb/v7e-m\libc.a(lib_a-init.o)
 .ARM.attributes
                0x000004bd       0x2e c:/program files (x86)/atmel/studio/7.0/toolchain/arm/arm-gnu-toolchain/bin/../lib/gcc/arm-none-eabi/6.3.1/../../../../arm-none-eabi/lib/thumb/v7e-m\libc.a(lib_a-iprintf.o)
 .ARM.attributes
                0x000004eb       0x1c c:/program files (x86)/atmel/studio/7.0/toolchain/arm/arm-gnu-toolchain/bin/../lib/gcc/arm-none-eabi/6.3.1/../../../../arm-none-eabi/lib/thumb/v7e-m\libc.a(lib_a-memcpy.o)
 .ARM.attributes
                0x00000507       0x2e c:/program files (x86)/atmel/studio/7.0/toolchain/arm/arm-gnu-toolchain/bin/../lib/gcc/arm-none-eabi/6.3.1/../../../../arm-none-eabi/lib/thumb/v7e-m\libc.a(lib_a-memset.o)
 .ARM.attributes
                0x00000535       0x2e c:/program files (x86)/atmel/studio/7.0/toolchain/arm/arm-gnu-toolchain/bin/../lib/gcc/arm-none-eabi/6.3.1/../../../../arm-none-eabi/lib/thumb/v7e-m\libc.a(lib_a-vfiprintf.o)
 .ARM.attributes
                0x00000563       0x2e c:/program files (x86)/atmel/studio/7.0/toolchain/arm/arm-gnu-toolchain/bin/../lib/gcc/arm-none-eabi/6.3.1/../../../../arm-none-eabi/lib/thumb/v7e-m\libc.a(lib_a-wsetup.o)
 .ARM.attributes
                0x00000591       0x2e c:/program files (x86)/atmel/studio/7.0/toolchain/arm/arm-gnu-toolchain/bin/../lib/gcc/arm-none-eabi/6.3.1/../../../../arm-none-eabi/lib/thumb/v7e-m\libc.a(lib_a-__call_atexit.o)
 .ARM.attributes
                0x000005bf       0x2e c:/program files (x86)/atmel/studio/7.0/toolchain/arm/arm-gnu-toolchain/bin/../lib/gcc/arm-none-eabi/6.3.1/../../../../arm-none-eabi/lib/thumb/v7e-m\libc.a(lib_a-atexit.o)
 .ARM.attributes
                0x000005ed       0x2e c:/program files (x86)/atmel/studio/7.0/toolchain/arm/arm-gnu-toolchain/bin/../lib/gcc/arm-none-eabi/6.3.1/../../../../arm-none-eabi/lib/thumb/v7e-m\libc.a(lib_a-fflush.o)
 .ARM.attributes
                0x0000061b       0x2e c:/program files (x86)/atmel/studio/7.0/toolchain/arm/arm-gnu-toolchain/bin/../lib/gcc/arm-none-eabi/6.3.1/../../../../arm-none-eabi/lib/thumb/v7e-m\libc.a(lib_a-findfp.o)
 .ARM.attributes
                0x00000649       0x2e c:/program files (x86)/atmel/studio/7.0/toolchain/arm/arm-gnu-toolchain/bin/../lib/gcc/arm-none-eabi/6.3.1/../../../../arm-none-eabi/lib/thumb/v7e-m\libc.a(lib_a-fini.o)
 .ARM.attributes
                0x00000677       0x2e c:/program files (x86)/atmel/studio/7.0/toolchain/arm/arm-gnu-toolchain/bin/../lib/gcc/arm-none-eabi/6.3.1/../../../../arm-none-eabi/lib/thumb/v7e-m\libc.a(lib_a-fputwc.o)
 .ARM.attributes
                0x000006a5       0x2e c:/program files (x86)/atmel/studio/7.0/toolchain/arm/arm-gnu-toolchain/bin/../lib/gcc/arm-none-eabi/6.3.1/../../../../arm-none-eabi/lib/thumb/v7e-m\libc.a(lib_a-freer.o)
 .ARM.attributes
                0x000006d3       0x2e c:/program files (x86)/atmel/studio/7.0/toolchain/arm/arm-gnu-toolchain/bin/../lib/gcc/arm-none-eabi/6.3.1/../../../../arm-none-eabi/lib/thumb/v7e-m\libc.a(lib_a-fvwrite.o)
 .ARM.attributes
                0x00000701       0x2e c:/program files (x86)/atmel/studio/7.0/toolchain/arm/arm-gnu-toolchain/bin/../lib/gcc/arm-none-eabi/6.3.1/../../../../arm-none-eabi/lib/thumb/v7e-m\libc.a(lib_a-fwalk.o)
 .ARM.attributes
                0x0000072f       0x2e c:/program files (x86)/atmel/studio/7.0/toolchain/arm/arm-gnu-toolchain/bin/../lib/gcc/arm-none-eabi/6.3.1/../../../../arm-none-eabi/lib/thumb/v7e-m\libc.a(lib_a-locale.o)
 .ARM.attributes
                0x0000075d       0x2e c:/program files (x86)/atmel/studio/7.0/toolchain/arm/arm-gnu-toolchain/bin/../lib/gcc/arm-none-eabi/6.3.1/../../../../arm-none-eabi/lib/thumb/v7e-m\libc.a(lib_a-lock.o)
 .ARM.attributes
                0x0000078b       0x2e c:/program files (x86)/atmel/studio/7.0/toolchain/arm/arm-gnu-toolchain/bin/../lib/gcc/arm-none-eabi/6.3.1/../../../../arm-none-eabi/lib/thumb/v7e-m\libc.a(lib_a-makebuf.o)
 .ARM.attributes
                0x000007b9       0x2e c:/program files (x86)/atmel/studio/7.0/toolchain/arm/arm-gnu-toolchain/bin/../lib/gcc/arm-none-eabi/6.3.1/../../../../arm-none-eabi/lib/thumb/v7e-m\libc.a(lib_a-mallocr.o)
 .ARM.attributes
                0x000007e7       0x2e c:/program files (x86)/atmel/studio/7.0/toolchain/arm/arm-gnu-toolchain/bin/../lib/gcc/arm-none-eabi/6.3.1/../../../../arm-none-eabi/lib/thumb/v7e-m\libc.a(lib_a-mbtowc_r.o)
 .ARM.attributes
                0x00000815       0x1c c:/program files (x86)/atmel/studio/7.0/toolchain/arm/arm-gnu-toolchain/bin/../lib/gcc/arm-none-eabi/6.3.1/../../../../arm-none-eabi/lib/thumb/v7e-m\libc.a(lib_a-memchr.o)
 .ARM.attributes
                0x00000831       0x2e c:/program files (x86)/atmel/studio/7.0/toolchain/arm/arm-gnu-toolchain/bin/../lib/gcc/arm-none-eabi/6.3.1/../../../../arm-none-eabi/lib/thumb/v7e-m\libc.a(lib_a-memmove.o)
 .ARM.attributes
                0x0000085f       0x2e c:/program files (x86)/atmel/studio/7.0/toolchain/arm/arm-gnu-toolchain/bin/../lib/gcc/arm-none-eabi/6.3.1/../../../../arm-none-eabi/lib/thumb/v7e-m\libc.a(lib_a-mlock.o)
 .ARM.attributes
                0x0000088d       0x2e c:/program files (x86)/atmel/studio/7.0/toolchain/arm/arm-gnu-toolchain/bin/../lib/gcc/arm-none-eabi/6.3.1/../../../../arm-none-eabi/lib/thumb/v7e-m\libc.a(lib_a-reallocr.o)
 .ARM.attributes
                0x000008bb       0x2e c:/program files (x86)/atmel/studio/7.0/toolchain/arm/arm-gnu-toolchain/bin/../lib/gcc/arm-none-eabi/6.3.1/../../../../arm-none-eabi/lib/thumb/v7e-m\libc.a(lib_a-sbrkr.o)
 .ARM.attributes
                0x000008e9       0x2e c:/program files (x86)/atmel/studio/7.0/toolchain/arm/arm-gnu-toolchain/bin/../lib/gcc/arm-none-eabi/6.3.1/../../../../arm-none-eabi/lib/thumb/v7e-m\libc.a(lib_a-stdio.o)
 .ARM.attributes
                0x00000917       0x1c c:/program files (x86)/atmel/studio/7.0/toolchain/arm/arm-gnu-toolchain/bin/../lib/gcc/arm-none-eabi/6.3.1/../../../../arm-none-eabi/lib/thumb/v7e-m\libc.a(lib_a-strlen.o)
 .ARM.attributes
                0x00000933       0x2e c:/program files (x86)/atmel/studio/7.0/toolchain/arm/arm-gnu-toolchain/bin/../lib/gcc/arm-none-eabi/6.3.1/../../../../arm-none-eabi/lib/thumb/v7e-m\libc.a(lib_a-wbuf.o)
 .ARM.attributes
                0x00000961       0x2e c:/program files (x86)/atmel/studio/7.0/toolchain/arm/arm-gnu-toolchain/bin/../lib/gcc/arm-none-eabi/6.3.1/../../../../arm-none-eabi/lib/thumb/v7e-m\libc.a(lib_a-wcrtomb.o)
 .ARM.attributes
                0x0000098f       0x2e c:/program files (x86)/atmel/studio/7.0/toolchain/arm/arm-gnu-toolchain/bin/../lib/gcc/arm-none-eabi/6.3.1/../../../../arm-none-eabi/lib/thumb/v7e-m\libc.a(lib_a-wctomb_r.o)
 .ARM.attributes
                0x000009bd       0x2e c:/program files (x86)/atmel/studio/7.0/toolchain/arm/arm-gnu-toolchain/bin/../lib/gcc/arm-none-eabi/6.3.1/../../../../arm-none-eabi/lib/thumb/v7e-m\libc.a(lib_a-writer.o)
 .ARM.attributes
                0x000009eb       0x2e c:/program files (x86)/atmel/studio/7.0/toolchain/arm/arm-gnu-toolchain/bin/../lib/gcc/arm-none-eabi/6.3.1/../../../../arm-none-eabi/lib/thumb/v7e-m\libc.a(lib_a-__atexit.o)
 .ARM.attributes
                0x00000a19       0x2e c:/program files (x86)/atmel/studio/7.0/toolchain/arm/arm-gnu-toolchain/bin/../lib/gcc/arm-none-eabi/6.3.1/../../../../arm-none-eabi/lib/thumb/v7e-m\libc.a(lib_a-closer.o)
 .ARM.attributes
                0x00000a47       0x2e c:/program files (x86)/atmel/studio/7.0/toolchain/arm/arm-gnu-toolchain/bin/../lib/gcc/arm-none-eabi/6.3.1/../../../../arm-none-eabi/lib/thumb/v7e-m\libc.a(lib_a-ctype_.o)
 .ARM.attributes
                0x00000a75       0x2e c:/program files (x86)/atmel/studio/7.0/toolchain/arm/arm-gnu-toolchain/bin/../lib/gcc/arm-none-eabi/6.3.1/../../../../arm-none-eabi/lib/thumb/v7e-m\libc.a(lib_a-fclose.o)
 .ARM.attributes
                0x00000aa3       0x2e c:/program files (x86)/atmel/studio/7.0/toolchain/arm/arm-gnu-toolchain/bin/../lib/gcc/arm-none-eabi/6.3.1/../../../../arm-none-eabi/lib/thumb/v7e-m\libc.a(lib_a-fstatr.o)
 .ARM.attributes
                0x00000ad1       0x2e c:/program files (x86)/atmel/studio/7.0/toolchain/arm/arm-gnu-toolchain/bin/../lib/gcc/arm-none-eabi/6.3.1/../../../../arm-none-eabi/lib/thumb/v7e-m\libc.a(lib_a-isattyr.o)
 .ARM.attributes
                0x00000aff       0x2e c:/program files (x86)/atmel/studio/7.0/toolchain/arm/arm-gnu-toolchain/bin/../lib/gcc/arm-none-eabi/6.3.1/../../../../arm-none-eabi/lib/thumb/v7e-m\libc.a(lib_a-lseekr.o)
 .ARM.attributes
                0x00000b2d       0x2e c:/program files (x86)/atmel/studio/7.0/toolchain/arm/arm-gnu-toolchain/bin/../lib/gcc/arm-none-eabi/6.3.1/../../../../arm-none-eabi/lib/thumb/v7e-m\libc.a(lib_a-readr.o)
 .ARM.attributes
                0x00000b5b       0x2e c:/program files (x86)/atmel/studio/7.0/toolchain/arm/arm-gnu-toolchain/bin/../lib/gcc/arm-none-eabi/6.3.1/../../../../arm-none-eabi/lib/thumb/v7e-m\libc.a(lib_a-reent.o)
 .ARM.attributes
                0x00000b89       0x1e c:/program files (x86)/atmel/studio/7.0/toolchain/arm/arm-gnu-toolchain/bin/../lib/gcc/arm-none-eabi/6.3.1/thumb/v7e-m\libgcc.a(_aeabi_uldivmod.o)
 .ARM.attributes
                0x00000ba7       0x2e c:/program files (x86)/atmel/studio/7.0/toolchain/arm/arm-gnu-toolchain/bin/../lib/gcc/arm-none-eabi/6.3.1/thumb/v7e-m\libgcc.a(_udivmoddi4.o)
 .ARM.attributes
                0x00000bd5       0x1e c:/program files (x86)/atmel/studio/7.0/toolchain/arm/arm-gnu-toolchain/bin/../lib/gcc/arm-none-eabi/6.3.1/thumb/v7e-m\libgcc.a(_dvmd_tls.o)
 .ARM.attributes
                0x00000bf3       0x1e c:/program files (x86)/atmel/studio/7.0/toolchain/arm/arm-gnu-toolchain/bin/../lib/gcc/arm-none-eabi/6.3.1/thumb/v7e-m/crtn.o

.comment        0x00000000       0x59
 .comment       0x00000000       0x59 src/ASF/common/components/memory/sd_mmc/sd_mmc.o
                                 0x5a (size before relaxing)
 .comment       0x00000059       0x5a src/ASF/common/utils/stdio/read.o
 .comment       0x00000059       0x5a src/ASF/common/utils/stdio/write.o
 .comment       0x00000059       0x5a src/ASF/sam/drivers/hsmci/hsmci.o
 .comment       0x00000059       0x5a src/ASF/sam/drivers/matrix/matrix.o
 .comment       0x00000059       0x5a src/ASF/sam/drivers/pio/pio.o
 .comment       0x00000059       0x5a src/ASF/sam/drivers/pio/pio_handler.o
 .comment       0x00000059       0x5a src/ASF/sam/drivers/pwm/pwm.o
 .comment       0x00000059       0x5a src/time_tick_sam.o
 .comment       0x00000059       0x5a src/ASF/common/services/delay/sam/cycle_counter.o
 .comment       0x00000059       0x5a src/ASF/common/services/clock/same70/sysclk.o
 .comment       0x00000059       0x5a src/ASF/sam/drivers/pmc/pmc.o
 .comment       0x00000059       0x5a src/ASF/sam/drivers/xdmac/xdmac.o
 .comment       0x00000059       0x5a src/ASF/common/boards/user_board/init.o
 .comment       0x00000059       0x5a src/ASF/common/utils/interrupt/interrupt_sam_nvic.o
 .comment       0x00000059       0x5a src/ASF/sam/utils/cmsis/same70/source/templates/gcc/startup_same70.o
 .comment       0x00000059       0x5a src/ASF/sam/utils/cmsis/same70/source/templates/system_same70.o
 .comment       0x00000059       0x5a src/ASF/sam/utils/syscalls/gcc/syscalls.o
 .comment       0x00000059       0x5a src/main.o

.debug_info     0x00000000    0x1af55
 .debug_info    0x00000000     0x1f51 src/ASF/common/components/memory/sd_mmc/sd_mmc.o
 .debug_info    0x00001f51      0xac9 src/ASF/common/utils/stdio/read.o
 .debug_info    0x00002a1a      0xac6 src/ASF/common/utils/stdio/write.o
 .debug_info    0x000034e0     0x18e9 src/ASF/sam/drivers/hsmci/hsmci.o
 .debug_info    0x00004dc9     0x1326 src/ASF/sam/drivers/matrix/matrix.o
 .debug_info    0x000060ef     0x21eb src/ASF/sam/drivers/pio/pio.o
 .debug_info    0x000082da     0x1aed src/ASF/sam/drivers/pio/pio_handler.o
 .debug_info    0x00009dc7     0x2118 src/ASF/sam/drivers/pwm/pwm.o
 .debug_info    0x0000bedf     0x12f8 src/time_tick_sam.o
 .debug_info    0x0000d1d7      0xa45 src/ASF/common/services/delay/sam/cycle_counter.o
 .debug_info    0x0000dc1c     0x1267 src/ASF/common/services/clock/same70/sysclk.o
 .debug_info    0x0000ee83     0x1dd6 src/ASF/sam/drivers/pmc/pmc.o
 .debug_info    0x00010c59     0x109e src/ASF/sam/drivers/xdmac/xdmac.o
 .debug_info    0x00011cf7     0x1616 src/ASF/common/boards/user_board/init.o
 .debug_info    0x0001330d      0xb01 src/ASF/common/utils/interrupt/interrupt_sam_nvic.o
 .debug_info    0x00013e0e     0x1562 src/ASF/sam/utils/cmsis/same70/source/templates/gcc/startup_same70.o
 .debug_info    0x00015370      0x55b src/ASF/sam/utils/cmsis/same70/source/templates/system_same70.o
 .debug_info    0x000158cb      0xddf src/ASF/sam/utils/syscalls/gcc/syscalls.o
 .debug_info    0x000166aa     0x48ab src/main.o

.debug_abbrev   0x00000000     0x36bc
 .debug_abbrev  0x00000000      0x3d3 src/ASF/common/components/memory/sd_mmc/sd_mmc.o
 .debug_abbrev  0x000003d3      0x1fe src/ASF/common/utils/stdio/read.o
 .debug_abbrev  0x000005d1      0x1e9 src/ASF/common/utils/stdio/write.o
 .debug_abbrev  0x000007ba      0x48d src/ASF/sam/drivers/hsmci/hsmci.o
 .debug_abbrev  0x00000c47      0x2d0 src/ASF/sam/drivers/matrix/matrix.o
 .debug_abbrev  0x00000f17      0x410 src/ASF/sam/drivers/pio/pio.o
 .debug_abbrev  0x00001327      0x32f src/ASF/sam/drivers/pio/pio_handler.o
 .debug_abbrev  0x00001656      0x324 src/ASF/sam/drivers/pwm/pwm.o
 .debug_abbrev  0x0000197a      0x2e8 src/time_tick_sam.o
 .debug_abbrev  0x00001c62      0x1b3 src/ASF/common/services/delay/sam/cycle_counter.o
 .debug_abbrev  0x00001e15      0x31f src/ASF/common/services/clock/same70/sysclk.o
 .debug_abbrev  0x00002134      0x369 src/ASF/sam/drivers/pmc/pmc.o
 .debug_abbrev  0x0000249d      0x238 src/ASF/sam/drivers/xdmac/xdmac.o
 .debug_abbrev  0x000026d5      0x270 src/ASF/common/boards/user_board/init.o
 .debug_abbrev  0x00002945      0x212 src/ASF/common/utils/interrupt/interrupt_sam_nvic.o
 .debug_abbrev  0x00002b57      0x2db src/ASF/sam/utils/cmsis/same70/source/templates/gcc/startup_same70.o
 .debug_abbrev  0x00002e32      0x102 src/ASF/sam/utils/cmsis/same70/source/templates/system_same70.o
 .debug_abbrev  0x00002f34      0x264 src/ASF/sam/utils/syscalls/gcc/syscalls.o
 .debug_abbrev  0x00003198      0x524 src/main.o

.debug_loc      0x00000000     0x6653
 .debug_loc     0x00000000     0x111a src/ASF/common/components/memory/sd_mmc/sd_mmc.o
 .debug_loc     0x0000111a       0xb3 src/ASF/common/utils/stdio/read.o
 .debug_loc     0x000011cd      0x12b src/ASF/common/utils/stdio/write.o
 .debug_loc     0x000012f8      0xc38 src/ASF/sam/drivers/hsmci/hsmci.o
 .debug_loc     0x00001f30      0x49e src/ASF/sam/drivers/matrix/matrix.o
 .debug_loc     0x000023ce      0xeb8 src/ASF/sam/drivers/pio/pio.o
 .debug_loc     0x00003286      0x528 src/ASF/sam/drivers/pio/pio_handler.o
 .debug_loc     0x000037ae      0xe89 src/ASF/sam/drivers/pwm/pwm.o
 .debug_loc     0x00004637       0xa7 src/time_tick_sam.o
 .debug_loc     0x000046de      0x183 src/ASF/common/services/clock/same70/sysclk.o
 .debug_loc     0x00004861      0xce3 src/ASF/sam/drivers/pmc/pmc.o
 .debug_loc     0x00005544      0x239 src/ASF/sam/drivers/xdmac/xdmac.o
 .debug_loc     0x0000577d      0x168 src/ASF/common/boards/user_board/init.o
 .debug_loc     0x000058e5       0x6b src/ASF/sam/utils/cmsis/same70/source/templates/gcc/startup_same70.o
 .debug_loc     0x00005950      0x149 src/ASF/sam/utils/syscalls/gcc/syscalls.o
 .debug_loc     0x00005a99      0xbba src/main.o

.debug_aranges  0x00000000      0xa88
 .debug_aranges
                0x00000000       0xa0 src/ASF/common/components/memory/sd_mmc/sd_mmc.o
 .debug_aranges
                0x000000a0       0x20 src/ASF/common/utils/stdio/read.o
 .debug_aranges
                0x000000c0       0x20 src/ASF/common/utils/stdio/write.o
 .debug_aranges
                0x000000e0       0xb0 src/ASF/sam/drivers/hsmci/hsmci.o
 .debug_aranges
                0x00000190       0xc8 src/ASF/sam/drivers/matrix/matrix.o
 .debug_aranges
                0x00000258      0x1a8 src/ASF/sam/drivers/pio/pio.o
 .debug_aranges
                0x00000400       0x48 src/ASF/sam/drivers/pio/pio_handler.o
 .debug_aranges
                0x00000448      0x160 src/ASF/sam/drivers/pwm/pwm.o
 .debug_aranges
                0x000005a8       0x38 src/time_tick_sam.o
 .debug_aranges
                0x000005e0       0x20 src/ASF/common/services/delay/sam/cycle_counter.o
 .debug_aranges
                0x00000600       0x40 src/ASF/common/services/clock/same70/sysclk.o
 .debug_aranges
                0x00000640      0x250 src/ASF/sam/drivers/pmc/pmc.o
 .debug_aranges
                0x00000890       0x20 src/ASF/sam/drivers/xdmac/xdmac.o
 .debug_aranges
                0x000008b0       0x20 src/ASF/common/boards/user_board/init.o
 .debug_aranges
                0x000008d0       0x28 src/ASF/common/utils/interrupt/interrupt_sam_nvic.o
 .debug_aranges
                0x000008f8       0x28 src/ASF/sam/utils/cmsis/same70/source/templates/gcc/startup_same70.o
 .debug_aranges
                0x00000920       0x30 src/ASF/sam/utils/cmsis/same70/source/templates/system_same70.o
 .debug_aranges
                0x00000950       0x60 src/ASF/sam/utils/syscalls/gcc/syscalls.o
 .debug_aranges
                0x000009b0       0xd8 src/main.o

.debug_ranges   0x00000000      0xc80
 .debug_ranges  0x00000000      0x1f8 src/ASF/common/components/memory/sd_mmc/sd_mmc.o
 .debug_ranges  0x000001f8       0x10 src/ASF/common/utils/stdio/read.o
 .debug_ranges  0x00000208       0x10 src/ASF/common/utils/stdio/write.o
 .debug_ranges  0x00000218       0xe8 src/ASF/sam/drivers/hsmci/hsmci.o
 .debug_ranges  0x00000300       0xb8 src/ASF/sam/drivers/matrix/matrix.o
 .debug_ranges  0x000003b8      0x2a0 src/ASF/sam/drivers/pio/pio.o
 .debug_ranges  0x00000658       0x50 src/ASF/sam/drivers/pio/pio_handler.o
 .debug_ranges  0x000006a8      0x150 src/ASF/sam/drivers/pwm/pwm.o
 .debug_ranges  0x000007f8       0x28 src/time_tick_sam.o
 .debug_ranges  0x00000820       0x10 src/ASF/common/services/delay/sam/cycle_counter.o
 .debug_ranges  0x00000830       0x30 src/ASF/common/services/clock/same70/sysclk.o
 .debug_ranges  0x00000860      0x240 src/ASF/sam/drivers/pmc/pmc.o
 .debug_ranges  0x00000aa0       0x10 src/ASF/sam/drivers/xdmac/xdmac.o
 .debug_ranges  0x00000ab0       0x10 src/ASF/common/boards/user_board/init.o
 .debug_ranges  0x00000ac0       0x18 src/ASF/common/utils/interrupt/interrupt_sam_nvic.o
 .debug_ranges  0x00000ad8       0x18 src/ASF/sam/utils/cmsis/same70/source/templates/gcc/startup_same70.o
 .debug_ranges  0x00000af0       0x20 src/ASF/sam/utils/cmsis/same70/source/templates/system_same70.o
 .debug_ranges  0x00000b10       0x50 src/ASF/sam/utils/syscalls/gcc/syscalls.o
 .debug_ranges  0x00000b60      0x120 src/main.o

.debug_macro    0x00000000    0x1fc8c
 .debug_macro   0x00000000      0x7a8 src/ASF/common/components/memory/sd_mmc/sd_mmc.o
 .debug_macro   0x000007a8      0x8c8 src/ASF/common/components/memory/sd_mmc/sd_mmc.o
 .debug_macro   0x00001070       0x22 src/ASF/common/components/memory/sd_mmc/sd_mmc.o
 .debug_macro   0x00001092       0x52 src/ASF/common/components/memory/sd_mmc/sd_mmc.o
 .debug_macro   0x000010e4       0x8d src/ASF/common/components/memory/sd_mmc/sd_mmc.o
 .debug_macro   0x00001171       0x35 src/ASF/common/components/memory/sd_mmc/sd_mmc.o
 .debug_macro   0x000011a6       0x9c src/ASF/common/components/memory/sd_mmc/sd_mmc.o
 .debug_macro   0x00001242      0x16d src/ASF/common/components/memory/sd_mmc/sd_mmc.o
 .debug_macro   0x000013af       0x57 src/ASF/common/components/memory/sd_mmc/sd_mmc.o
 .debug_macro   0x00001406       0x58 src/ASF/common/components/memory/sd_mmc/sd_mmc.o
 .debug_macro   0x0000145e       0x1f src/ASF/common/components/memory/sd_mmc/sd_mmc.o
 .debug_macro   0x0000147d       0x43 src/ASF/common/components/memory/sd_mmc/sd_mmc.o
 .debug_macro   0x000014c0       0x20 src/ASF/common/components/memory/sd_mmc/sd_mmc.o
 .debug_macro   0x000014e0      0x187 src/ASF/common/components/memory/sd_mmc/sd_mmc.o
 .debug_macro   0x00001667      0x353 src/ASF/common/components/memory/sd_mmc/sd_mmc.o
 .debug_macro   0x000019ba       0x10 src/ASF/common/components/memory/sd_mmc/sd_mmc.o
 .debug_macro   0x000019ca       0x35 src/ASF/common/components/memory/sd_mmc/sd_mmc.o
 .debug_macro   0x000019ff       0x64 src/ASF/common/components/memory/sd_mmc/sd_mmc.o
 .debug_macro   0x00001a63      0x644 src/ASF/common/components/memory/sd_mmc/sd_mmc.o
 .debug_macro   0x000020a7       0x76 src/ASF/common/components/memory/sd_mmc/sd_mmc.o
 .debug_macro   0x0000211d       0x16 src/ASF/common/components/memory/sd_mmc/sd_mmc.o
 .debug_macro   0x00002133      0x6e4 src/ASF/common/components/memory/sd_mmc/sd_mmc.o
 .debug_macro   0x00002817       0xef src/ASF/common/components/memory/sd_mmc/sd_mmc.o
 .debug_macro   0x00002906       0x6a src/ASF/common/components/memory/sd_mmc/sd_mmc.o
 .debug_macro   0x00002970      0x1df src/ASF/common/components/memory/sd_mmc/sd_mmc.o
 .debug_macro   0x00002b4f       0x4a src/ASF/common/components/memory/sd_mmc/sd_mmc.o
 .debug_macro   0x00002b99       0x3b src/ASF/common/components/memory/sd_mmc/sd_mmc.o
 .debug_macro   0x00002bd4       0x2d src/ASF/common/components/memory/sd_mmc/sd_mmc.o
 .debug_macro   0x00002c01       0x26 src/ASF/common/components/memory/sd_mmc/sd_mmc.o
 .debug_macro   0x00002c27      0xf9a src/ASF/common/components/memory/sd_mmc/sd_mmc.o
 .debug_macro   0x00003bc1      0x175 src/ASF/common/components/memory/sd_mmc/sd_mmc.o
 .debug_macro   0x00003d36      0x257 src/ASF/common/components/memory/sd_mmc/sd_mmc.o
 .debug_macro   0x00003f8d      0xa0f src/ASF/common/components/memory/sd_mmc/sd_mmc.o
 .debug_macro   0x0000499c      0x1b9 src/ASF/common/components/memory/sd_mmc/sd_mmc.o
 .debug_macro   0x00004b55      0x336 src/ASF/common/components/memory/sd_mmc/sd_mmc.o
 .debug_macro   0x00004e8b      0x15b src/ASF/common/components/memory/sd_mmc/sd_mmc.o
 .debug_macro   0x00004fe6     0x1851 src/ASF/common/components/memory/sd_mmc/sd_mmc.o
 .debug_macro   0x00006837       0x1c src/ASF/common/components/memory/sd_mmc/sd_mmc.o
 .debug_macro   0x00006853      0x68d src/ASF/common/components/memory/sd_mmc/sd_mmc.o
 .debug_macro   0x00006ee0      0x31e src/ASF/common/components/memory/sd_mmc/sd_mmc.o
 .debug_macro   0x000071fe      0x4d4 src/ASF/common/components/memory/sd_mmc/sd_mmc.o
 .debug_macro   0x000076d2      0x56e src/ASF/common/components/memory/sd_mmc/sd_mmc.o
 .debug_macro   0x00007c40     0x1332 src/ASF/common/components/memory/sd_mmc/sd_mmc.o
 .debug_macro   0x00008f72     0x2907 src/ASF/common/components/memory/sd_mmc/sd_mmc.o
 .debug_macro   0x0000b879     0x102b src/ASF/common/components/memory/sd_mmc/sd_mmc.o
 .debug_macro   0x0000c8a4      0xe01 src/ASF/common/components/memory/sd_mmc/sd_mmc.o
 .debug_macro   0x0000d6a5      0x3b1 src/ASF/common/components/memory/sd_mmc/sd_mmc.o
 .debug_macro   0x0000da56       0xa0 src/ASF/common/components/memory/sd_mmc/sd_mmc.o
 .debug_macro   0x0000daf6       0x76 src/ASF/common/components/memory/sd_mmc/sd_mmc.o
 .debug_macro   0x0000db6c      0x409 src/ASF/common/components/memory/sd_mmc/sd_mmc.o
 .debug_macro   0x0000df75       0x64 src/ASF/common/components/memory/sd_mmc/sd_mmc.o
 .debug_macro   0x0000dfd9      0x248 src/ASF/common/components/memory/sd_mmc/sd_mmc.o
 .debug_macro   0x0000e221      0x524 src/ASF/common/components/memory/sd_mmc/sd_mmc.o
 .debug_macro   0x0000e745      0x63b src/ASF/common/components/memory/sd_mmc/sd_mmc.o
 .debug_macro   0x0000ed80      0x6b8 src/ASF/common/components/memory/sd_mmc/sd_mmc.o
 .debug_macro   0x0000f438       0x4c src/ASF/common/components/memory/sd_mmc/sd_mmc.o
 .debug_macro   0x0000f484      0x468 src/ASF/common/components/memory/sd_mmc/sd_mmc.o
 .debug_macro   0x0000f8ec      0x207 src/ASF/common/components/memory/sd_mmc/sd_mmc.o
 .debug_macro   0x0000faf3      0x866 src/ASF/common/components/memory/sd_mmc/sd_mmc.o
 .debug_macro   0x00010359     0x1547 src/ASF/common/components/memory/sd_mmc/sd_mmc.o
 .debug_macro   0x000118a0       0x40 src/ASF/common/components/memory/sd_mmc/sd_mmc.o
 .debug_macro   0x000118e0       0x76 src/ASF/common/components/memory/sd_mmc/sd_mmc.o
 .debug_macro   0x00011956      0xdaf src/ASF/common/components/memory/sd_mmc/sd_mmc.o
 .debug_macro   0x00012705       0x82 src/ASF/common/components/memory/sd_mmc/sd_mmc.o
 .debug_macro   0x00012787       0x76 src/ASF/common/components/memory/sd_mmc/sd_mmc.o
 .debug_macro   0x000127fd       0x4c src/ASF/common/components/memory/sd_mmc/sd_mmc.o
 .debug_macro   0x00012849      0x135 src/ASF/common/components/memory/sd_mmc/sd_mmc.o
 .debug_macro   0x0001297e       0x6a src/ASF/common/components/memory/sd_mmc/sd_mmc.o
 .debug_macro   0x000129e8       0x6a src/ASF/common/components/memory/sd_mmc/sd_mmc.o
 .debug_macro   0x00012a52      0x313 src/ASF/common/components/memory/sd_mmc/sd_mmc.o
 .debug_macro   0x00012d65       0xb2 src/ASF/common/components/memory/sd_mmc/sd_mmc.o
 .debug_macro   0x00012e17       0xb2 src/ASF/common/components/memory/sd_mmc/sd_mmc.o
 .debug_macro   0x00012ec9       0xb2 src/ASF/common/components/memory/sd_mmc/sd_mmc.o
 .debug_macro   0x00012f7b      0x11d src/ASF/common/components/memory/sd_mmc/sd_mmc.o
 .debug_macro   0x00013098      0x11d src/ASF/common/components/memory/sd_mmc/sd_mmc.o
 .debug_macro   0x000131b5      0x2cd src/ASF/common/components/memory/sd_mmc/sd_mmc.o
 .debug_macro   0x00013482       0xb8 src/ASF/common/components/memory/sd_mmc/sd_mmc.o
 .debug_macro   0x0001353a       0x5e src/ASF/common/components/memory/sd_mmc/sd_mmc.o
 .debug_macro   0x00013598       0x40 src/ASF/common/components/memory/sd_mmc/sd_mmc.o
 .debug_macro   0x000135d8       0x4c src/ASF/common/components/memory/sd_mmc/sd_mmc.o
 .debug_macro   0x00013624       0xa0 src/ASF/common/components/memory/sd_mmc/sd_mmc.o
 .debug_macro   0x000136c4      0x494 src/ASF/common/components/memory/sd_mmc/sd_mmc.o
 .debug_macro   0x00013b58      0x135 src/ASF/common/components/memory/sd_mmc/sd_mmc.o
 .debug_macro   0x00013c8d       0x4c src/ASF/common/components/memory/sd_mmc/sd_mmc.o
 .debug_macro   0x00013cd9      0x313 src/ASF/common/components/memory/sd_mmc/sd_mmc.o
 .debug_macro   0x00013fec       0x6a src/ASF/common/components/memory/sd_mmc/sd_mmc.o
 .debug_macro   0x00014056       0xb8 src/ASF/common/components/memory/sd_mmc/sd_mmc.o
 .debug_macro   0x0001410e       0x6a src/ASF/common/components/memory/sd_mmc/sd_mmc.o
 .debug_macro   0x00014178       0x2e src/ASF/common/components/memory/sd_mmc/sd_mmc.o
 .debug_macro   0x000141a6      0x9b1 src/ASF/common/components/memory/sd_mmc/sd_mmc.o
 .debug_macro   0x00014b57       0x6a src/ASF/common/components/memory/sd_mmc/sd_mmc.o
 .debug_macro   0x00014bc1       0xe2 src/ASF/common/components/memory/sd_mmc/sd_mmc.o
 .debug_macro   0x00014ca3       0x16 src/ASF/common/components/memory/sd_mmc/sd_mmc.o
 .debug_macro   0x00014cb9       0xe2 src/ASF/common/components/memory/sd_mmc/sd_mmc.o
 .debug_macro   0x00014d9b       0x4c src/ASF/common/components/memory/sd_mmc/sd_mmc.o
 .debug_macro   0x00014de7       0x16 src/ASF/common/components/memory/sd_mmc/sd_mmc.o
 .debug_macro   0x00014dfd       0x4c src/ASF/common/components/memory/sd_mmc/sd_mmc.o
 .debug_macro   0x00014e49       0x2e src/ASF/common/components/memory/sd_mmc/sd_mmc.o
 .debug_macro   0x00014e77      0x1b5 src/ASF/common/components/memory/sd_mmc/sd_mmc.o
 .debug_macro   0x0001502c      0x1b5 src/ASF/common/components/memory/sd_mmc/sd_mmc.o
 .debug_macro   0x000151e1      0x1b5 src/ASF/common/components/memory/sd_mmc/sd_mmc.o
 .debug_macro   0x00015396       0x1c src/ASF/common/components/memory/sd_mmc/sd_mmc.o
 .debug_macro   0x000153b2       0x2e src/ASF/common/components/memory/sd_mmc/sd_mmc.o
 .debug_macro   0x000153e0       0x22 src/ASF/common/components/memory/sd_mmc/sd_mmc.o
 .debug_macro   0x00015402       0x1c src/ASF/common/components/memory/sd_mmc/sd_mmc.o
 .debug_macro   0x0001541e       0x52 src/ASF/common/components/memory/sd_mmc/sd_mmc.o
 .debug_macro   0x00015470       0x10 src/ASF/common/components/memory/sd_mmc/sd_mmc.o
 .debug_macro   0x00015480       0x1c src/ASF/common/components/memory/sd_mmc/sd_mmc.o
 .debug_macro   0x0001549c       0x4c src/ASF/common/components/memory/sd_mmc/sd_mmc.o
 .debug_macro   0x000154e8       0x4c src/ASF/common/components/memory/sd_mmc/sd_mmc.o
 .debug_macro   0x00015534       0x4c src/ASF/common/components/memory/sd_mmc/sd_mmc.o
 .debug_macro   0x00015580      0x2ab src/ASF/common/components/memory/sd_mmc/sd_mmc.o
 .debug_macro   0x0001582b      0xb7d src/ASF/common/components/memory/sd_mmc/sd_mmc.o
 .debug_macro   0x000163a8      0x100 src/ASF/common/components/memory/sd_mmc/sd_mmc.o
 .debug_macro   0x000164a8       0x1c src/ASF/common/components/memory/sd_mmc/sd_mmc.o
 .debug_macro   0x000164c4       0x10 src/ASF/common/components/memory/sd_mmc/sd_mmc.o
 .debug_macro   0x000164d4       0x10 src/ASF/common/components/memory/sd_mmc/sd_mmc.o
 .debug_macro   0x000164e4       0x1c src/ASF/common/components/memory/sd_mmc/sd_mmc.o
 .debug_macro   0x00016500       0x52 src/ASF/common/components/memory/sd_mmc/sd_mmc.o
 .debug_macro   0x00016552       0x40 src/ASF/common/components/memory/sd_mmc/sd_mmc.o
 .debug_macro   0x00016592       0x10 src/ASF/common/components/memory/sd_mmc/sd_mmc.o
 .debug_macro   0x000165a2       0x40 src/ASF/common/components/memory/sd_mmc/sd_mmc.o
 .debug_macro   0x000165e2       0xd7 src/ASF/common/components/memory/sd_mmc/sd_mmc.o
 .debug_macro   0x000166b9       0x16 src/ASF/common/components/memory/sd_mmc/sd_mmc.o
 .debug_macro   0x000166cf      0x18b src/ASF/common/components/memory/sd_mmc/sd_mmc.o
 .debug_macro   0x0001685a       0x22 src/ASF/common/components/memory/sd_mmc/sd_mmc.o
 .debug_macro   0x0001687c       0x16 src/ASF/common/components/memory/sd_mmc/sd_mmc.o
 .debug_macro   0x00016892       0x16 src/ASF/common/components/memory/sd_mmc/sd_mmc.o
 .debug_macro   0x000168a8       0x29 src/ASF/common/components/memory/sd_mmc/sd_mmc.o
 .debug_macro   0x000168d1       0x75 src/ASF/common/components/memory/sd_mmc/sd_mmc.o
 .debug_macro   0x00016946       0x3f src/ASF/common/components/memory/sd_mmc/sd_mmc.o
 .debug_macro   0x00016985      0x3ca src/ASF/common/components/memory/sd_mmc/sd_mmc.o
 .debug_macro   0x00016d4f      0x2a4 src/ASF/common/components/memory/sd_mmc/sd_mmc.o
 .debug_macro   0x00016ff3       0x3a src/ASF/common/components/memory/sd_mmc/sd_mmc.o
 .debug_macro   0x0001702d      0xd3f src/ASF/common/components/memory/sd_mmc/sd_mmc.o
 .debug_macro   0x00017d6c       0xa0 src/ASF/common/components/memory/sd_mmc/sd_mmc.o
 .debug_macro   0x00017e0c       0x40 src/ASF/common/components/memory/sd_mmc/sd_mmc.o
 .debug_macro   0x00017e4c       0x58 src/ASF/common/components/memory/sd_mmc/sd_mmc.o
 .debug_macro   0x00017ea4       0x64 src/ASF/common/components/memory/sd_mmc/sd_mmc.o
 .debug_macro   0x00017f08       0x5f src/ASF/common/components/memory/sd_mmc/sd_mmc.o
 .debug_macro   0x00017f67       0xac src/ASF/common/components/memory/sd_mmc/sd_mmc.o
 .debug_macro   0x00018013       0x28 src/ASF/common/components/memory/sd_mmc/sd_mmc.o
 .debug_macro   0x0001803b       0x23 src/ASF/common/components/memory/sd_mmc/sd_mmc.o
 .debug_macro   0x0001805e       0x88 src/ASF/common/components/memory/sd_mmc/sd_mmc.o
 .debug_macro   0x000180e6      0x5fd src/ASF/common/utils/stdio/read.o
 .debug_macro   0x000186e3      0x5fd src/ASF/common/utils/stdio/write.o
 .debug_macro   0x00018ce0      0x7ce src/ASF/sam/drivers/hsmci/hsmci.o
 .debug_macro   0x000194ae       0x94 src/ASF/sam/drivers/hsmci/hsmci.o
 .debug_macro   0x00019542       0x40 src/ASF/sam/drivers/hsmci/hsmci.o
 .debug_macro   0x00019582       0x10 src/ASF/sam/drivers/hsmci/hsmci.o
 .debug_macro   0x00019592      0x1ce src/ASF/sam/drivers/hsmci/hsmci.o
 .debug_macro   0x00019760       0x34 src/ASF/sam/drivers/hsmci/hsmci.o
 .debug_macro   0x00019794       0x10 src/ASF/sam/drivers/hsmci/hsmci.o
 .debug_macro   0x000197a4       0x16 src/ASF/sam/drivers/hsmci/hsmci.o
 .debug_macro   0x000197ba       0x9a src/ASF/sam/drivers/hsmci/hsmci.o
 .debug_macro   0x00019854       0x4c src/ASF/sam/drivers/hsmci/hsmci.o
 .debug_macro   0x000198a0       0x10 src/ASF/sam/drivers/hsmci/hsmci.o
 .debug_macro   0x000198b0      0x1ad src/ASF/sam/drivers/hsmci/hsmci.o
 .debug_macro   0x00019a5d      0x60e src/ASF/sam/drivers/matrix/matrix.o
 .debug_macro   0x0001a06b      0x613 src/ASF/sam/drivers/pio/pio.o
 .debug_macro   0x0001a67e       0x8e src/ASF/sam/drivers/pio/pio.o
 .debug_macro   0x0001a70c      0x61e src/ASF/sam/drivers/pio/pio_handler.o
 .debug_macro   0x0001ad2a      0x61a src/ASF/sam/drivers/pwm/pwm.o
 .debug_macro   0x0001b344      0x7c8 src/time_tick_sam.o
 .debug_macro   0x0001bb0c      0x60d src/ASF/common/services/delay/sam/cycle_counter.o
 .debug_macro   0x0001c119       0x22 src/ASF/common/services/delay/sam/cycle_counter.o
 .debug_macro   0x0001c13b      0x687 src/ASF/common/services/clock/same70/sysclk.o
 .debug_macro   0x0001c7c2      0x613 src/ASF/sam/drivers/pmc/pmc.o
 .debug_macro   0x0001cdd5       0x52 src/ASF/sam/drivers/pmc/pmc.o
 .debug_macro   0x0001ce27      0x618 src/ASF/sam/drivers/xdmac/xdmac.o
 .debug_macro   0x0001d43f      0x1a7 src/ASF/sam/drivers/xdmac/xdmac.o
 .debug_macro   0x0001d5e6      0x7bd src/ASF/common/boards/user_board/init.o
 .debug_macro   0x0001dda3      0x5fd src/ASF/common/utils/interrupt/interrupt_sam_nvic.o
 .debug_macro   0x0001e3a0      0x60c src/ASF/sam/utils/cmsis/same70/source/templates/gcc/startup_same70.o
 .debug_macro   0x0001e9ac       0x10 src/ASF/sam/utils/cmsis/same70/source/templates/gcc/startup_same70.o
 .debug_macro   0x0001e9bc      0x405 src/ASF/sam/utils/cmsis/same70/source/templates/system_same70.o
 .debug_macro   0x0001edc1      0x1d6 src/ASF/sam/utils/syscalls/gcc/syscalls.o
 .debug_macro   0x0001ef97       0x97 src/ASF/sam/utils/syscalls/gcc/syscalls.o
 .debug_macro   0x0001f02e       0xf6 src/ASF/sam/utils/syscalls/gcc/syscalls.o
 .debug_macro   0x0001f124       0x4c src/ASF/sam/utils/syscalls/gcc/syscalls.o
 .debug_macro   0x0001f170       0x16 src/ASF/sam/utils/syscalls/gcc/syscalls.o
 .debug_macro   0x0001f186       0x10 src/ASF/sam/utils/syscalls/gcc/syscalls.o
 .debug_macro   0x0001f196       0x10 src/ASF/sam/utils/syscalls/gcc/syscalls.o
 .debug_macro   0x0001f1a6       0x35 src/ASF/sam/utils/syscalls/gcc/syscalls.o
 .debug_macro   0x0001f1db      0x122 src/ASF/sam/utils/syscalls/gcc/syscalls.o
 .debug_macro   0x0001f2fd      0x8a2 src/main.o
 .debug_macro   0x0001fb9f       0xed src/main.o

.debug_line     0x00000000     0xe534
 .debug_line    0x00000000      0xf83 src/ASF/common/components/memory/sd_mmc/sd_mmc.o
 .debug_line    0x00000f83      0x997 src/ASF/common/utils/stdio/read.o
 .debug_line    0x0000191a      0x98f src/ASF/common/utils/stdio/write.o
 .debug_line    0x000022a9     0x1188 src/ASF/sam/drivers/hsmci/hsmci.o
 .debug_line    0x00003431      0xb17 src/ASF/sam/drivers/matrix/matrix.o
 .debug_line    0x00003f48      0xe93 src/ASF/sam/drivers/pio/pio.o
 .debug_line    0x00004ddb      0xa3c src/ASF/sam/drivers/pio/pio_handler.o
 .debug_line    0x00005817      0xd50 src/ASF/sam/drivers/pwm/pwm.o
 .debug_line    0x00006567      0xf0c src/time_tick_sam.o
 .debug_line    0x00007473      0x99d src/ASF/common/services/delay/sam/cycle_counter.o
 .debug_line    0x00007e10      0xb08 src/ASF/common/services/clock/same70/sysclk.o
 .debug_line    0x00008918     0x1014 src/ASF/sam/drivers/pmc/pmc.o
 .debug_line    0x0000992c      0x9d8 src/ASF/sam/drivers/xdmac/xdmac.o
 .debug_line    0x0000a304      0xf16 src/ASF/common/boards/user_board/init.o
 .debug_line    0x0000b21a      0x9b1 src/ASF/common/utils/interrupt/interrupt_sam_nvic.o
 .debug_line    0x0000bbcb      0xa1a src/ASF/sam/utils/cmsis/same70/source/templates/gcc/startup_same70.o
 .debug_line    0x0000c5e5      0x797 src/ASF/sam/utils/cmsis/same70/source/templates/system_same70.o
 .debug_line    0x0000cd7c      0x40b src/ASF/sam/utils/syscalls/gcc/syscalls.o
 .debug_line    0x0000d187     0x13ad src/main.o

.debug_str      0x00000000    0x8a652
 .debug_str     0x00000000    0x835c3 src/ASF/common/components/memory/sd_mmc/sd_mmc.o
                              0x83ce8 (size before relaxing)
 .debug_str     0x000835c3       0x3f src/ASF/common/utils/stdio/read.o
                              0x7cefa (size before relaxing)
 .debug_str     0x00083602       0x2e src/ASF/common/utils/stdio/write.o
                              0x7cefb (size before relaxing)
 .debug_str     0x00083630     0x238d src/ASF/sam/drivers/hsmci/hsmci.o
                              0x85717 (size before relaxing)
 .debug_str     0x000859bd      0x592 src/ASF/sam/drivers/matrix/matrix.o
                              0x7d4c0 (size before relaxing)
 .debug_str     0x00085f4f      0x87b src/ASF/sam/drivers/pio/pio.o
                              0x7db00 (size before relaxing)
 .debug_str     0x000867ca      0x54e src/ASF/sam/drivers/pio/pio_handler.o
                              0x7dba5 (size before relaxing)
 .debug_str     0x00086d18      0xe43 src/ASF/sam/drivers/pwm/pwm.o
                              0x7de2f (size before relaxing)
 .debug_str     0x00087b5b       0xb7 src/time_tick_sam.o
                              0x855bf (size before relaxing)
 .debug_str     0x00087c12       0x35 src/ASF/common/services/delay/sam/cycle_counter.o
                              0x7d081 (size before relaxing)
 .debug_str     0x00087c47      0x3e4 src/ASF/common/services/clock/same70/sysclk.o
                              0x7e929 (size before relaxing)
 .debug_str     0x0008802b      0x6a1 src/ASF/sam/drivers/pmc/pmc.o
                              0x7dbcc (size before relaxing)
 .debug_str     0x000886cc      0x171 src/ASF/sam/drivers/xdmac/xdmac.o
                              0x7da47 (size before relaxing)
 .debug_str     0x0008883d      0x1a0 src/ASF/common/boards/user_board/init.o
                              0x854b4 (size before relaxing)
 .debug_str     0x000889dd       0x94 src/ASF/common/utils/interrupt/interrupt_sam_nvic.o
                              0x7cf51 (size before relaxing)
 .debug_str     0x00088a71      0x641 src/ASF/sam/utils/cmsis/same70/source/templates/gcc/startup_same70.o
                              0x7d707 (size before relaxing)
 .debug_str     0x000890b2      0x172 src/ASF/sam/utils/cmsis/same70/source/templates/system_same70.o
                              0x6d4cb (size before relaxing)
 .debug_str     0x00089224      0x768 src/ASF/sam/utils/syscalls/gcc/syscalls.o
                               0x7470 (size before relaxing)
 .debug_str     0x0008998c      0xcc6 src/main.o
                              0x8733d (size before relaxing)

.debug_frame    0x00000000     0x2338
 .debug_frame   0x00000000      0x1cc src/ASF/common/components/memory/sd_mmc/sd_mmc.o
 .debug_frame   0x000001cc       0x30 src/ASF/common/utils/stdio/read.o
 .debug_frame   0x000001fc       0x48 src/ASF/common/utils/stdio/write.o
 .debug_frame   0x00000244      0x1d8 src/ASF/sam/drivers/hsmci/hsmci.o
 .debug_frame   0x0000041c      0x1b8 src/ASF/sam/drivers/matrix/matrix.o
 .debug_frame   0x000005d4      0x390 src/ASF/sam/drivers/pio/pio.o
 .debug_frame   0x00000964       0xc8 src/ASF/sam/drivers/pio/pio_handler.o
 .debug_frame   0x00000a2c      0x31c src/ASF/sam/drivers/pwm/pwm.o
 .debug_frame   0x00000d48       0x50 src/time_tick_sam.o
 .debug_frame   0x00000d98       0x20 src/ASF/common/services/delay/sam/cycle_counter.o
 .debug_frame   0x00000db8       0x88 src/ASF/common/services/clock/same70/sysclk.o
 .debug_frame   0x00000e40      0x494 src/ASF/sam/drivers/pmc/pmc.o
 .debug_frame   0x000012d4       0x20 src/ASF/sam/drivers/xdmac/xdmac.o
 .debug_frame   0x000012f4       0x20 src/ASF/common/boards/user_board/init.o
 .debug_frame   0x00001314       0x30 src/ASF/common/utils/interrupt/interrupt_sam_nvic.o
 .debug_frame   0x00001344       0x38 src/ASF/sam/utils/cmsis/same70/source/templates/gcc/startup_same70.o
 .debug_frame   0x0000137c       0x40 src/ASF/sam/utils/cmsis/same70/source/templates/system_same70.o
 .debug_frame   0x000013bc       0xa8 src/ASF/sam/utils/syscalls/gcc/syscalls.o
 .debug_frame   0x00001464      0x238 src/main.o
 .debug_frame   0x0000169c       0x2c c:/program files (x86)/atmel/studio/7.0/toolchain/arm/arm-gnu-toolchain/bin/../lib/gcc/arm-none-eabi/6.3.1/../../../../arm-none-eabi/lib/thumb/v7e-m\libc.a(lib_a-init.o)